.module 93
.section 1
00000000 globaldestructorchain____register_global_object
0000001C globaldestructorchain____destroy_global_chain
00000070 ftLink____ct
0000198C ftCancelModuleImpl____dt
00001A0C soAnimCmdEventObserver____dt
00001A68 soStatusEventObserver____dt
00001AC4 soNullable____ct
00001AD8 ftVirtualNodeMatrixPool____dt
00001B18 ftVirtualNodeMatrixPoolImpl____dt
00001B74 ftStatusGimmickUniqProcessPool____dt
00001BB4 ftStatusUniqProcessGimmick____dt
00001C18 ftStatusUniqProcessGimmickBarrel____dt
00001C74 ftStatusUniqProcessGimmickDoor____dt
00001CD0 ftStatusUniqProcessGimmickCatapult____dt
00001CE4 ftStatusUniqProcessGimmickLadder____dt
00001D40 ftStatusUniqProcessGimmickSpring____dt
00001DE4 ftStatusUniqProcessGimmickTruck____dt
00001E40 ftStatusUniqProcessGimmickEaten____dt
00001E9C ftStatusGimmickUniqProcessPoolImpl____dt
00001F54 soHeapModuleBuilder_43soHeapModuleBuildConfig_16soHeapModuleImpl______dt
00001FB0 soPostureModuleBuilder_51soPostureModuleBuildConfig_1_19soPostureModuleImpl______dt
00002024 soSituationModuleBuilder_53soSituationModuleBuildConfig_21soSituationModuleImpl______dt
00002080 soTeamModuleBuilder_51soTeamModuleBuildConfig_6ftTeam_16soTeamModuleImpl______ct
00002144 ftTeam____dt
000021A0 soTeam____dt
000021E0 ftTeamIndirect____dt
00002240 soWorkManageModuleBuilder_55soWorkManageModuleBuildConfig_22soWorkManageModuleImpl______dt
0000229C soShadowModuleBuilder_47soShadowModuleBuildConfig_18soShadowModuleImpl______dt
000022F8 soNullable__isNull
00002300 soInsideEventManageModuleBuilder_106soInsideEventManageModuleBuildConfig_32_40_4_4_4_4_4_4_5_4_4________ct
00002654 soInsideEventManageModuleBuilder_106soInsideEventManageModuleBuildConfig_32_40_4_4_4_4_4_4_5_4_4________dt
00002798 soParamCustomizeModuleBuilder_63soParamCustomizeModuleBuildConfig_26ftParamCustomizeModuleImpl______dt
000027F4 soResourceModuleBuilder_87soResourceModuleBuildConfigDynamic_0_24ftResourceIdAccesserImpl_20soRes_______ct
0000285C soResourceIdAccesser____dt
0000289C soResourceModuleBuilder_87soResourceModuleBuildConfigDynamic_0_24ftResourceIdAccesserImpl_20soRes_______dt
00002914 soModelModuleBuilder_49soModelModuleBuildConfig_8_3_17soModelModuleImpl______ct
0000299C soArraySelectHolder_1_37soArrayVector_18soModelVirtualNode_3__54soSingletonHolder_33soArrayNull_1_______dt
000029F8 soModelModuleBuilder_49soModelModuleBuildConfig_8_3_17soModelModuleImpl______dt
00002A70 soMotionModuleBuilder_248soMotionModuleBuildConfig_484_18soMotionModuleImpl_2_1_107soTransitionMo_______ct
00002C0C soArraySelectHolder_1_30soArrayVector_11soOtherAnim_1__47soSingletonHolder_26soArrayNull_11soOthe_______dt
00002C68 soTransitionModuleImpl____ct
00002CA0 soTransitionInfo____dt
00002CE0 soTransitionModuleImpl____dt
00002D40 soLineHierarchy_49soTypeList_14soIntToType_8__18soTypeListNullType__11soArrayPool_65soArrayPoolRo_______dt
00002DA0 soJagArray_46soInstanceUnitFullProperty_16soTransitionTerm__49soTypeList_14soIntToType_8__18soTyp_______dt
00002DFC soTransitionModuleBuilder_107soTransitionModuleBuildConfig_49soTypeList_14soIntToType_8__18soType_______dt
00002E74 soArraySelectHolder_1_32soArrayVector_13soPartialAnim_2__49soSingletonHolder_28soArrayNull_13soPa_______dt
00002ED0 soSelectInstanceHolder_1_39soArrayVector_20soTransitionTermPack_1__58soSingletonConcrete_35soArra_______dt
00002F2C soArraySelectHolder_1_19soArrayVector_Ul_5__36soSingletonHolder_15soArrayNull_Ul_______dt
00002F88 soMotionAnimObjCacheModuleBuilder_73soMotionAnimObjCacheModuleBuildConfig_5_30soMotionAnimObjCach_______dt
00002FF4 soMotionModuleBuilder_248soMotionModuleBuildConfig_484_18soMotionModuleImpl_2_1_107soTransitionMo_______dt
000030A8 soPostureModuleBuilder_51soPostureModuleBuildConfig_1_19soPostureModuleImpl______ct
00003118 soGroundModuleBuilder_49soGroundModuleBuildConfig_1_18soGroundModuleImpl______ct
0000317C soGroundModuleBuilder_49soGroundModuleBuildConfig_1_18soGroundModuleImpl______dt
000031E8 soTeamModuleBuilder_51soTeamModuleBuildConfig_6ftTeam_16soTeamModuleImpl______dt
00003260 soCollisionAttackModuleBuilder_77soCollisionAttackModuleBuildConfig_0_5_2_27soCollisionAttackModu_______ct
00003324 soCollisionAttackModuleBuilder_77soCollisionAttackModuleBuildConfig_0_5_2_27soCollisionAttackModu_______dt
000033A8 soCollisionHitModuleBuilder_73soCollisionHitModuleBuildConfig_0_20_1_24soCollisionHitModuleImpl_1_______ct
0000346C soCollisionHitModuleBuilder_73soCollisionHitModuleBuildConfig_0_20_1_24soCollisionHitModuleImpl_1_______dt
000034F0 soCollisionShieldModuleBuilder_73soCollisionShieldModuleBuildConfig_0_2_2_27soCollisionShieldModu_______ct
000035C4 soCollisionShieldModuleBuilder_73soCollisionShieldModuleBuildConfig_0_2_2_27soCollisionShieldModu_______dt
00003654 soCollisionReflectorModuleBuilder_75soCollisionReflectorModuleBuildConfig_0_20_2_27soCollisionShi_______ct
00003728 soCollisionReflectorModuleBuilder_75soCollisionReflectorModuleBuildConfig_0_20_2_27soCollisionShi_______dt
000037B8 soCollisionCatchModuleBuilder_71soCollisionCatchModuleBuildConfig_0_4_1_26soCollisionCatchModuleI_______ct
00003850 soCollisionCatchModuleBuilder_71soCollisionCatchModuleBuildConfig_0_4_1_26soCollisionCatchModuleI_______dt
000038BC soCollisionSearchModuleBuilder_73soCollisionSearchModuleBuildConfig_0_1_1_27soCollisionSearchModu_______ct
00003958 soCollisionSearchModuleBuilder_73soCollisionSearchModuleBuildConfig_0_1_1_27soCollisionSearchModu_______dt
000039D0 soDamageModuleBuilder_98soDamageModuleBuildConfig_19soDamageModuleActor_1_22ftDamageTransactorImp_______ct
00003A3C soDamageModuleBuilder_98soDamageModuleBuildConfig_19soDamageModuleActor_1_22ftDamageTransactorImp_______dt
00003AB0 soCatchModuleBuilder_47soCatchModuleBuildConfig_1_17soCatchModuleImpl______dt
00003B0C soCaptureModuleBuilder_49soCaptureModuleBuildConfig_19soCaptureModuleImpl______dt
00003B68 soStopModuleBuilder_43soStopModuleBuildConfig_16ftStopModuleImpl______dt
00003BC4 soTurnModuleBuilder_43soTurnModuleBuildConfig_16soTurnModuleImpl______dt
00003C20 soShakeModuleBuilder_47soShakeModuleBuildConfig_4_17soShakeModuleImpl______ct
00003C7C soShakeModuleBuilder_47soShakeModuleBuildConfig_4_17soShakeModuleImpl______dt
00003CF0 soSoundModuleBuilder_80soSoundModuleBuildConfig_1_30ftSound3dGeneratorAccesserImpl_17soSoundModul_______ct
00003D80 ftSound3dGeneratorAccesserImpl____dt
00003DC0 soSoundModuleBuilder_80soSoundModuleBuildConfig_1_30ftSound3dGeneratorAccesserImpl_17soSoundModul_______dt
00003E2C soLinkModuleBuilder_45soLinkModuleBuildConfig_6_16soLinkModuleImpl______ct
00003E80 soLinkModuleBuilder_45soLinkModuleBuildConfig_6_16soLinkModuleImpl______dt
00003EEC soVisibilityModuleBuilder_57soVisibilityModuleBuildConfig_22soVisibilityModuleImpl_2______dt
00003F48 soControllerModuleBuilder_60soControllerModuleBuildConfig_22ftControllerModuleImpl_10_2______ct
00003FB8 soArraySelectHolder_1_38soArrayVector_19soControllerClatter_2__55soSingletonHolder_34soArrayNull________dt
00004014 soControllerModuleBuilder_60soControllerModuleBuildConfig_22ftControllerModuleImpl_10_2______dt
00004094 soCameraModuleBuilder_49soCameraModuleBuildConfig_18soCameraModuleImpl_1______ct
00004100 soCameraModuleBuilder_49soCameraModuleBuildConfig_18soCameraModuleImpl_1______dt
00004174 soAnimCmdModuleBuilder_52soAnimCmdModuleBuildConfig_11_19soAnimCmdModuleImpl______ct
000041B8 soAnimCmdModuleImpl____dt
00004224 soInstanceManagerFullPropertyVector_20soAnimCmdControlUnit_11_____dt
00004294 soInstanceManagerFullProperty_20soAnimCmdControlUnit_____dt
000042D4 soAnimCmdModuleBuilder_52soAnimCmdModuleBuildConfig_11_19soAnimCmdModuleImpl______dt
00004340 soStatusModuleBuilder_823soStatusModuleBuildConfig_284_33soGeneralWorkBuildConfig_18_14_2__274_71_______ct
000046C8 soArrayQueueImpl_18soArrayVector_l_1______dt
00004728 soStatusModuleImpl____dt
000047AC soGeneralWorkSimple____ct
0000482C soGeneralWorkAbstract____dt
0000486C soGeneralWorkSimple____dt
000048C8 soGeneralWorkSimple__clearWorkAll
00004978 soGeneralWorkBuilder_33soGeneralWorkBuildConfig_18_14_2______dt
000049D8 soLineHierarchy_49soTypeList_14soIntToType_1__18soTypeListNullType__11soArrayPool_65soArrayPoolRo_______dt
00004A38 soArrayPool_14soIntToType_6__243soLineHierarchy_49soTypeList_14soIntToType_1__18soTypeListNullTyp_______dt
00004AA8 soArrayPool_14soIntToType_2__274soLineHierarchy_80soTypeList_14soIntToType_6__49soTypeList_14soIn_______dt
00004B20 soArrayPool_14soIntToType_3__306soLineHierarchy_111soTypeList_14soIntToType_2__80soTypeList_14soI_______dt
00004B98 soArrayPool_14soIntToType_2__338soLineHierarchy_143soTypeList_14soIntToType_3__111soTypeList_14so_______dt
00004C10 soArrayPool_14soIntToType_1__370soLineHierarchy_175soTypeList_14soIntToType_2__143soTypeList_14so_______dt
00004C88 soArrayPool_14soIntToType_1__402soLineHierarchy_207soTypeList_14soIntToType_1__175soTypeList_14so_______dt
00004D00 soArrayPool_14soIntToType_3__434soLineHierarchy_239soTypeList_14soIntToType_1__207soTypeList_14so_______dt
00004D78 soArrayPool_14soIntToType_6__466soLineHierarchy_271soTypeList_14soIntToType_3__239soTypeList_14so_______dt
00004DF0 soArrayPool_14soIntToType_1__498soLineHierarchy_303soTypeList_14soIntToType_6__271soTypeList_14so_______dt
00004E68 soArrayPool_14soIntToType_2__530soLineHierarchy_335soTypeList_14soIntToType_1__303soTypeList_14so_______dt
00004EE0 soArrayPool_14soIntToType_8__561soLineHierarchy_367soTypeList_14soIntToType_2__335soTypeList_14so_______dt
00004F58 soArrayPool_14soIntToType_2__593soLineHierarchy_399soTypeList_14soIntToType_8__367soTypeList_14so_______dt
00004FD0 soArrayPool_14soIntToType_1__625soLineHierarchy_431soTypeList_14soIntToType_2__399soTypeList_14so_______dt
00005048 soArrayPool_14soIntToType_3__657soLineHierarchy_463soTypeList_14soIntToType_1__431soTypeList_14so_______dt
000050C0 soArrayPool_15soIntToType_17__689soLineHierarchy_495soTypeList_14soIntToType_3__463soTypeList_14s_______dt
00005138 soArrayPool_14soIntToType_1__722soLineHierarchy_528soTypeList_15soIntToType_17__495soTypeList_14s_______dt
000051B0 soArrayPool_14soIntToType_2__754soLineHierarchy_560soTypeList_14soIntToType_1__528soTypeList_15so_______dt
00005228 soArrayPool_14soIntToType_6__786soLineHierarchy_592soTypeList_14soIntToType_2__560soTypeList_14so_______dt
000052A0 soArrayPool_15soIntToType_25__818soLineHierarchy_624soTypeList_14soIntToType_6__592soTypeList_14s_______dt
00005318 soJagArray_46soInstanceUnitFullProperty_16soTransitionTerm__657soTypeList_15soIntToType_25__624so_______dt
00005378 soTransitionModuleBuilder_716soTransitionModuleBuildConfig_657soTypeList_15soIntToType_25__624soT_______dt
000053F0 soArraySelectHolder_1_41soArrayVector_P19soStatusUniqProcess_284__56soSingletonHolder_35soArrayNu_______dt
0000544C soStatusModuleBuilder_823soStatusModuleBuildConfig_284_33soGeneralWorkBuildConfig_18_14_2__274_71_______dt
000054E8 soKineticModuleBuilder_1201soKineticModuleBuildConfig_26soKineticModuleGenericImpl_1137soKineticM_______ct
000058B8 soKineticModuleGenericImpl____dt
00005924 soKineticModuleImpl____dt
00005984 soInstanceManagerFullPropertyVector_P15soKineticEnergy_12_____dt
000059F4 soInstanceManagerFullProperty_P15soKineticEnergy_____dt
00005A34 soKineticModuleBuilder_1201soKineticModuleBuildConfig_26soKineticModuleGenericImpl_1137soKineticM_______dt
00005AAC soGeneralWorkBuilder_33soGeneralWorkBuildConfig_77_32_3______ct
00005B0C soGeneralWorkBuilder_33soGeneralWorkBuildConfig_77_32_3______dt
00005B6C soGenerateArticleManageModuleBuilder_1342soGenerateArticleManageModuleBuildConfig_1256soArticleMe_______ct
00005EE8 soArticleGenerator____dt
00005F28 soArticleOperator____dt
00005F68 soArticleMediator____dt
00005FA8 wnSimple____dt
000062B8 soAnimCmdAddressPackArraySeparate____dt
000062F8 soAnimCmdInterpreter____dt
00006354 soEventPresenter_22soAnimCmdEventObserver_____dt
00006394 soArraySelectHolder_1_44soArrayVector_25acCmdInterpreterStackData_8__61soSingletonHolder_40soArra_______dt
000063F0 soSlowModuleBuilder_45soSlowModuleBuildConfig_18soSlowModuleSimple______dt
0000644C soColorBlendModuleBuilder_60soColorBlendModuleBuildConfig__1_0_22soColorBlendModuleImpl______dt
000064A8 soPhysicsModuleBuilder_53soPhysicsModuleBuildConfig_0_19soPhysicsModuleImpl_1______dt
00006508 soArraySelectHolder_1_31soArrayVector_12soEffectTime_1__48soSingletonHolder_27soArrayNull_12soEff_______dt
00006564 soGeneralWorkBuilder_31soGeneralWorkBuildConfig_7_6_1______dt
000065C4 soAnimCmdModuleBuilder_51soAnimCmdModuleBuildConfig_6_19soAnimCmdModuleImpl______dt
0000664C soVisibilityModuleBuilder_59soVisibilityModuleBuildConfig_24soVisibilityModuleSimple_1______dt
000066A8 soLinkModuleBuilder_45soLinkModuleBuildConfig_5_16soLinkModuleImpl______dt
00006714 soShakeModuleBuilder_49soShakeModuleBuildConfig_0_19soShakeModuleSimple______dt
00006774 soTeamModuleBuilder_56soTeamModuleBuildConfig_10soTeamImpl_16soTeamModuleImpl______dt
00006800 soTransitionModuleBuilder_107soTransitionModuleBuildConfig_49soTypeList_14soIntToType_4__18soType_______dt
00006888 soModelModuleBuilder_49soModelModuleBuildConfig_5_0_17soModelModuleImpl______dt
000068F4 soResourceModuleBuilder_80soResourceModuleBuildConfig_0_24soResourceIdAccesserImpl_20soResourceMo_______dt
0000696C soParamCustomizeModuleBuilder_63soParamCustomizeModuleBuildConfig_26soParamCustomizeModuleImpl______dt
000069AC wnInstanceHolder_8wnSimple_22soKindInfoGeneric_0_2__14soIntToType_5______dt
00006A0C soInstancePoolSub_67soInstancePoolInfo_8wnSimple_1_16wnInstanceHolder_14soIntToType_5___22soKindI_______dt
00006A6C soInstancePool_67soInstancePoolInfo_8wnSimple_1_16wnInstanceHolder_14soIntToType_5___18soInstance_______dt
00006ACC soLineHierarchy_102soTypeList_67soInstancePoolInfo_8wnSimple_1_16wnInstanceHolder_14soIntToType_5_______dt
00006B30 wnInstanceHolder_8wnSimple_22soKindInfoGeneric_0_2__14soIntToType_4______dt
00006B90 soInstancePoolSub_67soInstancePoolInfo_8wnSimple_1_16wnInstanceHolder_14soIntToType_4___22soKindI_______dt
00006BF0 soInstancePool_67soInstancePoolInfo_8wnSimple_1_16wnInstanceHolder_14soIntToType_4___187soLineHie_______dt
00006C60 wnLinkHookshot____dt
00007100 soKineticEnergy____dt
00007140 soReflectModuleBuilder_51soReflectModuleBuildConfig_0_19soReflectModuleImpl______dt
0000719C soEffectModuleBuilder_58soEffectModuleBuildConfig_1_1_0_1__1_18soEffectModuleImpl______dt
00007228 soArraySelectHolder_1_33soArrayVector_14efScreenHandle_1__50soSingletonHolder_29soArrayNull_14efS_______dt
00007284 soSoundModuleBuilder_80soSoundModuleBuildConfig_0_30soSound3dGeneratorAccesserImpl_17soSoundModul_______dt
000072E4 soStopModuleBuilder_43soStopModuleBuildConfig_16soStopModuleImpl______dt
00007340 soInsideEventManageModuleBuilder_106soInsideEventManageModuleBuildConfig_16_32_4_2_4_4_4_4_2_4_4________dt
0000746C wnInstanceHolder_14wnLinkHookshot_22soKindInfoGeneric_0_2__14soIntToType_3______dt
000074CC soInstancePoolSub_74soInstancePoolInfo_14wnLinkHookshot_1_16wnInstanceHolder_14soIntToType_3___22_______dt
0000752C soInstancePool_74soInstancePoolInfo_14wnLinkHookshot_1_16wnInstanceHolder_14soIntToType_3___272so_______dt
000075A4 wnInstanceHolder_15wnLinkBoomerang_22soKindInfoGeneric_0_2__14soIntToType_2______dt
00007604 soInstancePoolSub_75soInstancePoolInfo_15wnLinkBoomerang_1_16wnInstanceHolder_14soIntToType_2___2_______dt
00007664 soInstancePool_75soInstancePoolInfo_15wnLinkBoomerang_1_16wnInstanceHolder_14soIntToType_2___364s_______dt
000076DC soInstancePoolSub_74soInstancePoolInfo_14wnLinkBowArrow_1_16wnInstanceHolder_14soIntToType_1___22_______dt
0000773C soInstancePoolSub_74soInstancePoolInfo_14wnLinkBowArrow_2_16wnInstanceHolder_14soIntToType_1___22_______dt
000077A8 soInstancePoolSub_74soInstancePoolInfo_14wnLinkBowArrow_3_16wnInstanceHolder_14soIntToType_1___22_______dt
00007814 wnInstanceHolder_14wnLinkBowArrow_22soKindInfoGeneric_0_2__14soIntToType_1______ct
000078A8 wnInstanceHolder_14wnLinkBowArrow_22soKindInfoGeneric_0_2__14soIntToType_1______dt
00007908 soInstancePoolSub_74soInstancePoolInfo_14wnLinkBowArrow_4_16wnInstanceHolder_14soIntToType_1___22_______dt
00007974 soInstancePool_74soInstancePoolInfo_14wnLinkBowArrow_4_16wnInstanceHolder_14soIntToType_1___457so_______dt
000079F0 wnLinkBow____dt
00007B94 wnInstanceHolder_9wnLinkBow_22soKindInfoGeneric_0_2__14soIntToType_0______dt
00007BF4 soInstancePoolSub_68soInstancePoolInfo_9wnLinkBow_1_16wnInstanceHolder_14soIntToType_0___22soKind_______dt
00007C54 soInstancePool_68soInstancePoolInfo_9wnLinkBow_1_16wnInstanceHolder_14soIntToType_0___549soLineHi_______dt
00007CD0 soLineHierarchy_550soTypeList_68soInstancePoolInfo_9wnLinkBow_1_16wnInstanceHolder_14soIntToType________dt
00007D2C soArticleMediatorImpl_550soTypeList_68soInstancePoolInfo_9wnLinkBow_1_16wnInstanceHolder_14soIntT_______dt
00007D9C soSelectInstanceHolder_1_1256soArticleMediatorImpl_550soTypeList_68soInstancePoolInfo_9wnLinkBow________dt
00007DF8 soGenerateArticleManageModuleBuilder_1342soGenerateArticleManageModuleBuildConfig_1256soArticleMe_______dt
00007E80 soEffectModuleBuilder_58soEffectModuleBuildConfig_1_1_1_1_10_18soEffectModuleImpl______ct
00007F4C soEffectModuleBuilder_58soEffectModuleBuildConfig_1_1_1_1_10_18soEffectModuleImpl______dt
00007FE4 soComboModuleBuilder_45soComboModuleBuildConfig_17ftComboModuleImpl______dt
00008040 soAreaModuleBuilder_89soAreaModuleBuildConfig_9_16_34soAreaEnviromentElementCheckerImpl_16ftAreaM_______ct
000080D8 soAreaModuleBuilder_89soAreaModuleBuildConfig_9_16_34soAreaEnviromentElementCheckerImpl_16ftAreaM_______dt
00008170 soPhysicsModuleBuilder_53soPhysicsModuleBuildConfig_2_19soPhysicsModuleImpl_1______ct
000081D0 soPhysicsModuleBuilder_53soPhysicsModuleBuildConfig_2_19soPhysicsModuleImpl_1______dt
00008244 soSlopeModuleBuilder_49soSlopeModuleBuildConfig_0_1_17soSlopeModuleImpl______dt
000082A0 soItemManageModuleBuilder_105soItemManageModuleBuildConfig_3_4_16soItemSearchImpl_24soItemPickTra_______ct
0000831C soArraySelectHolder_1_29soArrayVector_10soItemInfo_4__46soSingletonHolder_25soArrayNull_10soItemI_______dt
00008378 soItemManageModuleBuilder_105soItemManageModuleBuildConfig_3_4_16soItemSearchImpl_24soItemPickTra_______dt
000083F8 soColorBlendModuleBuilder_60soColorBlendModuleBuildConfig_10_1_22soColorBlendModuleImpl______dt
00008454 soJostleModuleBuilder_51soJostleModuleBuildConfig_0_8_18soJostleModuleImpl______dt
000084B0 soAbnormalModuleBuilder_51soAbnormalModuleBuildConfig_20ftAbnormalModuleImpl______dt
0000850C soSlowModuleBuilder_43soSlowModuleBuildConfig_16soSlowModuleImpl______dt
00008568 soGlowModuleBuilder_43soGlowModuleBuildConfig_16ftGlowModuleImpl______dt
000085C4 soModuleAccesserBuilder_17ftLinkBuildConfig_____dt
00008870 soAnimCmdAddressPackArraySeparate____ct
0000888C soAnimCmdInterpreter____ct
00008A1C soSingletonHolder_30soArrayNull_PC13acAnimCmdConv____getInstance
00008A8C soArrayUtility__pushRange_PC13acAnimCmdConv_
00008B08 soArraySelectHolder_1_36soArrayVector_PC13acAnimCmdConv_284__51soSingletonHolder_30soArrayNull_PC_______dt
00008B64 soAnimCmdControlUnitBuilder_60soAnimCmdControlUnitBuildConfigDisguise_0_1_284_284_0_1_0_8______dt
00008BFC soAnimCmdControlUnitBuilder_50soAnimCmdControlUnitBuildConfig_1_2_484_0_0_1_0_8______dt
00008C88 soAnimCmdControlUnitBuilder_51soAnimCmdControlUnitBuildConfig_2_64_484_0_0_1_0_8______dt
00008D14 soAnimCmdControlUnitBuilder_51soAnimCmdControlUnitBuildConfig_3_64_484_0_0_1_0_8______dt
00008DA0 soAnimCmdControlUnitBuilder_50soAnimCmdControlUnitBuildConfig_4_2_484_0_0_1_0_8______dt
00008E2C soAnimCmdControlUnitBuilder_51soAnimCmdControlUnitBuildConfig_5_32_484_0_0_1_0_8______dt
00008EB8 soAnimCmdControlUnitBuilder_52soAnimCmdControlUnitBuildConfig_6_128_484_0_0_1_0_8______dt
00008F44 soAnimCmdControlUnitBuilder_52soAnimCmdControlUnitBuildConfig_7_128_484_0_0_1_0_8______dt
00008FD0 soAnimCmdControlUnitBuilder_51soAnimCmdControlUnitBuildConfig_8_32_484_0_0_1_0_8______dt
0000905C soArraySelectHolder_1_45soArrayVector_25acCmdInterpreterStackData_10__61soSingletonHolder_40soArr_______dt
000090B8 soAnimCmdControlUnitBuilder_41soAnimCmdControlUnitBuildConfigUniq_9_10______dt
00009124 soAnimCmdControlUnitBuilder_51soAnimCmdControlUnitBuildConfig_10_16_41_0_0_1_0_8______dt
000091B0 soAnimCmdControlUnitBuilder_60soAnimCmdControlUnitBuildConfigDisguise_0_1_284_284_0_1_0_8____getEntryList
000091EC soAnimCmdControlUnitBuilder_60soAnimCmdControlUnitBuildConfigDisguise_0_1_284_284_0_1_0_8____setupDisguiseList
0000929C ftAnimCmdModuleSubBuilder_38ftAnimCmdModuleSubBuildConfig_284_484______dt
00009374 ftModuleAccesserBuilder_17ftLinkBuildConfig_____dt
000093F8 ftFighterBuilder_17ftLinkBuildConfig_____dt
00009498 ftLink____dt
0000950C ftLink__onActivate
000095FC ftLink__onStart
00009660 ftLink__processUpdate
000096B8 ftLink__processFixPosition
00009820 ftLink__notifyEventChangeCollisionHit
00009914 ftLink__onHitReflector
00009978 Fighter__onHitReflector
0000997C ftLink__notifyEventLink
00009D58 ftLink__notifyEventChangeStatus
00009F00 ftLink__notifyEventCollisionAttackFighter
0000A0E4 ftLink__notifyEventCollisionShield
0000A2B8 ftLink__notifyEventCollisionShieldCheck
0000A3BC ftLink__notifyEventCollisionSearch
0000A41C ftLink__notifyEventCollisionSearchCheck
0000A480 ftLink__activeArticle
0000A55C ftLink__shootArticle
0000A614 ftLink__getBoomerangAngle
0000A754 soSingletonHolder_16ftLinkTransactor___getInstance
0000A7C4 ftLink__activeArticle1
0000A860 ftLink__activeArticle2
0000AA40 Weapon__getTaskId
0000AA48 ftLink__activeArticle3
0000AC18 Weapon__getArticleId
0000AC20 Vec3f____ct
0000AC30 ftExtendParamAccesser__getParamIndefinite
0000AC38 ftLinkExtendParamAccesser__setup
0000AD44 ftExtendParamAccesserEx_3999_20_23999_5___setup
0000AD48 ftLinkExtendParamAccesser____dt
0000ADA8 ftExtendParamAccesserEx_3999_20_23999_5_____dt
0000AE04 Fighter__isObserv
0000AE20 soAnimCmdEventObserver__addObserver
0000AE34 soLinkEventObserver__addObserver
0000AE48 StageObject__adjustParentGroundCollision
0000AE4C StageObject__isActive
0000AE54 StageObject__processGameProc
0000AE58 soStatusEventObserver__addObserver
0000AE6C soSituationEventObserver__addObserver
0000AE80 soCollisionAttackEventObserver__addObserver
0000AE94 soCollisionHitEventObserver__notifyEventCollisionHit2nd
0000AE98 soCollisionHitEventObserver__notifyEventCollisionHit
0000AE9C soCollisionHitEventObserver__addObserver
0000AEB0 soCollisionShieldEventObserver__addObserver
0000AEC4 soCollisionReflectorEventObserver__addObserver
0000AED8 soCollisionAbsorberEventObserver__addObserver
0000AEEC soCollisionSearchEventObserver__addObserver
0000AF00 soCaptureEventObserver__addObserver
0000AF14 soItemManageEventObserver__addObserver
0000AF28 soMotionEventObserver__notifyEventChangeMotion
0000AF2C soMotionEventObserver__addObserver
0000AF40 soDamageEventObserver__addObserver
0000AF54 ftEntryEventObserver__notifyEventExitFighter
0000AF58 ftEntryEventObserver__notifyEventKirbyResourceUnLoaded
0000AF5C ftEntryEventObserver__notifyEventKirbyResourceLoaded
0000AF60 ftEntryEventObserver__notifyEventPokeTrainerReplace
0000AF64 ftEntryEventObserver__notifyEventPokemonDamage
0000AF68 ftEntryEventObserver__notifyEventPokemonInflict
0000AF6C ftEntryEventObserver__notifyEventPokemonAttack
0000AF70 ftEntryEventObserver__notifyEventPokemonRebirthEnd
0000AF74 ftEntryEventObserver__notifyEventStopRumble
0000AF78 ftEntryEventObserver__notifyEventSetRumble
0000AF7C ftEntryEventObserver__notifyEventPokemonAppeal
0000AF80 ftEntryEventObserver__notifyEventPokemonSpecial
0000AF84 ftEntryEventObserver__notifyEventPokemonChangeCancel
0000AF88 ftEntryEventObserver__notifyEventPokemonCollect
0000AF8C ftEntryEventObserver__notifyEventPokemonTrainerUpdate
0000AF90 ftEntryEventObserver__notifyEventPokemonRequestChange
0000AF98 ftEntryEventObserver__notifyEventPokemonStart
0000AF9C ftEntryEventObserver__notifyEventWarp
0000AFA0 ftEntryEventObserver__notifyEventPartnerResourcePrepared
0000AFA4 ftEntryEventObserver__notifyEventDeadPartner
0000AFA8 ftEntryEventObserver__addObserver
0000AFBC soTurnEventObserver__addObserver
0000AFD0 Fighter__disappear
0000AFD4 Fighter__trainerRestart
0000AFD8 Fighter__trainerStart
0000AFDC Fighter__playEatSE
0000AFE0 Fighter__setVisibility
0000AFE4 Fighter__getFtKind
0000AFEC Fighter__soGetSubKind
0000AFFC Fighter__soGetKind
0000B004 Fighter__analyzeSeal
0000B008 Fighter__change
0000B00C Fighter__setupChangeSucceedEffect
0000B014 Fighter__getChangeSucceedOption
0000B01C Fighter__postStart
0000B020 Fighter__onDeactivate
0000B024 Fighter__onEndFinal
0000B028 Fighter__onStartFinal
0000B02C Fighter__notifyEventCollisionAttackFighter
0000B030 Fighter__onActivate
0000B034 ftSound3dGeneratorAccesserImpl__getInstance
0000B044 ftSound3dGeneratorAccesserImpl__deactivate
0000B098 ftSound3dGeneratorAccesserImpl__activate
0000B0F4 ftVirtualNodeMatrixPoolImpl__getExtendMatrix
0000B0FC ftVirtualNodeMatrixPoolImpl__getCommonMatrix
0000B104 ftVirtualNodeMatrixPoolImpl__getHitMatrix
0000B10C ftStatusGimmickUniqProcessPoolImpl__getUniqProcessEaten
0000B114 ftStatusGimmickUniqProcessPoolImpl__getUniqProcessTruck
0000B11C ftStatusGimmickUniqProcessPoolImpl__getUniqProcessSpring
0000B124 ftStatusGimmickUniqProcessPoolImpl__getUniqProcessLadder
0000B12C ftStatusGimmickUniqProcessPoolImpl__getUniqProcessCatapult
0000B134 ftStatusGimmickUniqProcessPoolImpl__getUniqProcessDoor
0000B13C ftStatusGimmickUniqProcessPoolImpl__getUniqProcessBarrel
0000B144 soKineticEnergy__getSpeed3f
0000B1A4 soGeneralWorkSimple__getFlagWorkSize
0000B1AC soGeneralWorkSimple__turnOffFlag
0000B220 soGeneralWorkSimple__isFlag
0000B23C soGeneralWorkSimple__offFlag
0000B254 soGeneralWorkSimple__clearFlag
0000B268 soGeneralWorkSimple__onFlag
0000B280 soGeneralWorkSimple__getFloatWorkSize
0000B288 soGeneralWorkSimple__divFloatWork
0000B2B0 soGeneralWorkSimple__mulFloatWork
0000B2C8 soGeneralWorkSimple__subFloatWork
0000B2E0 soGeneralWorkSimple__addFloatWork
0000B2F8 soGeneralWorkSimple__setFloatWork
0000B308 soGeneralWorkSimple__getFloatWork
0000B318 soGeneralWorkSimple__getIntWorkSize
0000B320 soGeneralWorkSimple__decIntWork
0000B338 soGeneralWorkSimple__incIntWork
0000B350 soGeneralWorkSimple__divIntWork
0000B370 soGeneralWorkSimple__mulIntWork
0000B388 soGeneralWorkSimple__subIntWork
0000B3A0 soGeneralWorkSimple__addIntWork
0000B3B8 soGeneralWorkSimple__setIntWork
0000B3C8 soGeneralWorkSimple__getIntWork
0000B3D8 soAnimCmdAddressPackArraySeparate__isNull
0000B3E0 soAnimCmdAddressPackArraySeparate__size
0000B494 soAnimCmdAddressPackArraySeparate__at
0000B4E8 soAnimCmdAddressPackArraySeparate__atSub
0000B614 soAnimCmdAddressPackArraySeparate__at1
0000B648 ftExtendParamAccesserEx_3999_20_23999_5___getParamFloat
0000B6A0 soValueAccesser__getValueVariation
0000B6AC ftExtendParamAccesserEx_3999_20_23999_5___getParamInt
0000B708 soKineticMediatorImpl_983soTypeList_100soInstancePoolInfo_21ftKineticEnergyMotion_1_21soKineticEn_______dt
0000B768 soArticleMediatorImpl_550soTypeList_68soInstancePoolInfo_9wnLinkBow_1_16wnInstanceHolder_14soIntT_____generate
0000BEB4 soArticleMediatorImpl_550soTypeList_68soInstancePoolInfo_9wnLinkBow_1_16wnInstanceHolder_14soIntT_____isGeneratable
0000C244 soArticleMediatorImpl_550soTypeList_68soInstancePoolInfo_9wnLinkBow_1_16wnInstanceHolder_14soIntT_____getActiveNum
0000C640 soArticleMediatorImpl_550soTypeList_68soInstancePoolInfo_9wnLinkBow_1_16wnInstanceHolder_14soIntT_____getGenerateMaxNum
0000C7C4 soArticleMediatorImpl_550soTypeList_68soInstancePoolInfo_9wnLinkBow_1_16wnInstanceHolder_14soIntT_____shoot
0000CA70 soArticleMediatorImpl_550soTypeList_68soInstancePoolInfo_9wnLinkBow_1_16wnInstanceHolder_14soIntT_____deactivate
0000CBC8 soArticleMediatorImpl_550soTypeList_68soInstancePoolInfo_9wnLinkBow_1_16wnInstanceHolder_14soIntT_____getMediateNum
0000CBD0 soArticleMediatorImpl_550soTypeList_68soInstancePoolInfo_9wnLinkBow_1_16wnInstanceHolder_14soIntT_____setAutoRecycle
0000CBDC ftFighterBuilder_17ftLinkBuildConfig___getCancelModule
0000CBE8 ftFighterBuilder_17ftLinkBuildConfig___isEnableCancel
0000CBFC ftFighterBuilder_17ftLinkBuildConfig___getVirtualNodeMatrixPool
0000CC08 ftFighterBuilder_17ftLinkBuildConfig___getStatusGimmickUniqProcessPool
0000CC14 soArrayFixed_24soAnimCmdAddressPackConv___isEmpty
0000CC48 soArticle__checkActivate
0000CC58 soEachCounter_FR9soArticle_b_____cl_8wnSimple_
0000CCB8 soInstancePoolSub_67soInstancePoolInfo_8wnSimple_1_16wnInstanceHolder_14soIntToType_5___22soKindI_____getInstanceAt
0000CCD0 soInstancePoolSub_67soInstancePoolInfo_8wnSimple_1_16wnInstanceHolder_14soIntToType_4___22soKindI_____getInstanceAt
0000CCE8 soInstancePoolSub_74soInstancePoolInfo_14wnLinkHookshot_1_16wnInstanceHolder_14soIntToType_3___22_____getInstanceAt
0000CD00 soInstancePoolSub_75soInstancePoolInfo_15wnLinkBoomerang_1_16wnInstanceHolder_14soIntToType_2___2_____getInstanceAt
0000CD18 soInstancePoolSub_74soInstancePoolInfo_14wnLinkBowArrow_4_16wnInstanceHolder_14soIntToType_1___22_____getInstanceAt
0000CD60 soInstancePoolSub_68soInstancePoolInfo_9wnLinkBow_1_16wnInstanceHolder_14soIntToType_0___22soKind_____getInstanceAt
0000CD78 ftKineticEnergyMotion____dt
0000CDD8 soKineticEnergyHolder_21ftKineticEnergyMotion_18soTypeListNullType_28soKineticEnergyInitInfo_0_1______dt
0000CE38 soInstancePoolSub_100soInstancePoolInfo_21ftKineticEnergyMotion_1_21soKineticEnergyHolder_28soKin_______dt
0000CE98 soInstancePool_100soInstancePoolInfo_21ftKineticEnergyMotion_1_21soKineticEnergyHolder_28soKineti_______dt
0000CEF8 soLineInvertHierarchy_136soTypeList_100soInstancePoolInfo_21ftKineticEnergyMotion_1_21soKineticEn_______dt
0000CF5C ftKineticEnergyGravity____dt
0000CFB8 soKineticEnergyHolder_22ftKineticEnergyGravity_18soTypeListNullType_28soKineticEnergyInitInfo_1_1______dt
0000D018 soInstancePoolSub_101soInstancePoolInfo_22ftKineticEnergyGravity_1_21soKineticEnergyHolder_28soKi_______dt
0000D078 soInstancePool_101soInstancePoolInfo_22ftKineticEnergyGravity_1_21soKineticEnergyHolder_28soKinet_______dt
0000D0E8 ftKineticEnergyController____dt
0000D148 soKineticEnergyHolder_25ftKineticEnergyController_18soTypeListNullType_28soKineticEnergyInitInfo________dt
0000D1A8 soInstancePoolSub_104soInstancePoolInfo_25ftKineticEnergyController_1_21soKineticEnergyHolder_28s_______dt
0000D208 soInstancePool_104soInstancePoolInfo_25ftKineticEnergyController_1_21soKineticEnergyHolder_28soKi_______dt
0000D280 ftKineticEnergyStop____dt
0000D2E0 soKineticEnergyHolder_19ftKineticEnergyStop_18soTypeListNullType_28soKineticEnergyInitInfo_3_1______dt
0000D340 soInstancePoolSub_98soInstancePoolInfo_19ftKineticEnergyStop_1_21soKineticEnergyHolder_28soKineti_______dt
0000D3A0 soInstancePool_98soInstancePoolInfo_19ftKineticEnergyStop_1_21soKineticEnergyHolder_28soKineticEn_______dt
0000D418 ftKineticEnergyDamage____dt
0000D474 soKineticEnergyHolder_21ftKineticEnergyDamage_18soTypeListNullType_28soKineticEnergyInitInfo_4_2______dt
0000D4D4 soInstancePoolSub_100soInstancePoolInfo_21ftKineticEnergyDamage_1_21soKineticEnergyHolder_28soKin_______dt
0000D534 soInstancePool_100soInstancePoolInfo_21ftKineticEnergyDamage_1_21soKineticEnergyHolder_28soKineti_______dt
0000D5AC soKineticEnergyWindNormal____dt
0000D60C soKineticEnergyHolder_25soKineticEnergyWindNormal_18soTypeListNullType_28soKineticEnergyInitInfo________dt
0000D66C soInstancePoolSub_104soInstancePoolInfo_25soKineticEnergyWindNormal_1_21soKineticEnergyHolder_28s_______dt
0000D6CC soInstancePool_104soInstancePoolInfo_25soKineticEnergyWindNormal_1_21soKineticEnergyHolder_28soKi_______dt
0000D744 soKineticEnergyGroundMovement____dt
0000D7A0 soKineticEnergyHolder_29soKineticEnergyGroundMovement_18soTypeListNullType_28soKineticEnergyInitI_______dt
0000D800 soInstancePoolSub_108soInstancePoolInfo_29soKineticEnergyGroundMovement_1_21soKineticEnergyHolder_______dt
0000D860 soInstancePool_108soInstancePoolInfo_29soKineticEnergyGroundMovement_1_21soKineticEnergyHolder_28_______dt
0000D8D8 soKineticEnergyJostle____dt
0000D934 soKineticEnergyHolder_21soKineticEnergyJostle_18soTypeListNullType_28soKineticEnergyInitInfo_7_4______dt
0000D994 soInstancePoolSub_100soInstancePoolInfo_21soKineticEnergyJostle_1_21soKineticEnergyHolder_28soKin_______dt
0000D9F4 soInstancePool_100soInstancePoolInfo_21soKineticEnergyJostle_1_21soKineticEnergyHolder_28soKineti_______dt
0000DA6C soLineInvertHierarchy_983soTypeList_100soInstancePoolInfo_21ftKineticEnergyMotion_1_21soKineticEn_______dt
0000DAC8 soKineticEnergyNormal__clearRotSpeed
0000DACC soKineticEnergyNormal__clearSpeed
0000DB04 Vec2f____as
0000DB18 soKineticEnergyNormal__init
0000DBB0 soKineticEnergyNormal__offConsiderGroundFriction
0000DBBC soKineticEnergyNormal__onConsiderGroundFriction
0000DBC8 soKineticEnergyNormal__getRotation
0000DBDC soKineticEnergyNormal__getSpeed
0000DBEC soKineticMediatorImpl_983soTypeList_100soInstancePoolInfo_21ftKineticEnergyMotion_1_21soKineticEn_____changeKinetic
0000DD48 soKineticMediatorImpl_983soTypeList_100soInstancePoolInfo_21ftKineticEnergyMotion_1_21soKineticEn_____updateEnergy
0000DFDC soKineticMediatorImpl_983soTypeList_100soInstancePoolInfo_21ftKineticEnergyMotion_1_21soKineticEn_____updateEnergy1
0000E104 soKineticMediatorImpl_983soTypeList_100soInstancePoolInfo_21ftKineticEnergyMotion_1_21soKineticEn_____updateEnergy2
0000E1D4 soKineticMediatorImpl_983soTypeList_100soInstancePoolInfo_21ftKineticEnergyMotion_1_21soKineticEn_____postUpdateEnergy
0000E1D8 soKineticMediatorImpl_983soTypeList_100soInstancePoolInfo_21ftKineticEnergyMotion_1_21soKineticEn_____addSpeed
0000E1E8 soKineticMediatorImpl_983soTypeList_100soInstancePoolInfo_21ftKineticEnergyMotion_1_21soKineticEn_____addSpeedOutside
0000E1FC soKineticMediatorImpl_983soTypeList_100soInstancePoolInfo_21ftKineticEnergyMotion_1_21soKineticEn_____notifyEventChangeStatus
0000E210 soKineticMediatorImpl_983soTypeList_100soInstancePoolInfo_21ftKineticEnergyMotion_1_21soKineticEn_____getMediateNum
0000E218 soKineticUpdateEnergyHolderHelper_23ftLinkKineticTransactor_____ct
0000E224 ftLinkKineticTransactor__updateEnergy_21ftKineticEnergyMotion_
0000E25C soInstancePoolSub_100soInstancePoolInfo_21ftKineticEnergyMotion_1_21soKineticEnergyHolder_28soKin_____getInstanceAt
0000E274 soInstancePoolSub_100soInstancePoolInfo_21ftKineticEnergyMotion_1_21soKineticEnergyHolder_28soKin_____forEachHolderModuleAccesser_60soKineticUpdateEnergyHolderHelper_23ftLinkKineticTransactor__
0000E304 soInstancePoolSubNull_21ftKineticEnergyMotion___forEachHolderModuleAccesser_60soKineticUpdateEnergyHolderHelper_23ftLinkKineticTransactor__
0000E30C ftLinkKineticTransactor__updateEnergy_22ftKineticEnergyGravity_
0000E344 soInstancePoolSub_101soInstancePoolInfo_22ftKineticEnergyGravity_1_21soKineticEnergyHolder_28soKi_____getInstanceAt
0000E35C soInstancePoolSub_101soInstancePoolInfo_22ftKineticEnergyGravity_1_21soKineticEnergyHolder_28soKi_____forEachHolderModuleAccesser_60soKineticUpdateEnergyHolderHelper_23ftLinkKineticTransactor__
0000E3EC soInstancePoolSubNull_22ftKineticEnergyGravity___forEachHolderModuleAccesser_60soKineticUpdateEnergyHolderHelper_23ftLinkKineticTransactor__
0000E3F4 ftLinkKineticTransactor__updateEnergy_25ftKineticEnergyController_
0000E42C soInstancePoolSub_104soInstancePoolInfo_25ftKineticEnergyController_1_21soKineticEnergyHolder_28s_____getInstanceAt
0000E444 soInstancePoolSub_104soInstancePoolInfo_25ftKineticEnergyController_1_21soKineticEnergyHolder_28s_____forEachHolderModuleAccesser_60soKineticUpdateEnergyHolderHelper_23ftLinkKineticTransactor__
0000E4D4 soInstancePoolSubNull_25ftKineticEnergyController___forEachHolderModuleAccesser_60soKineticUpdateEnergyHolderHelper_23ftLinkKineticTransactor__
0000E4DC ftLinkKineticTransactor__updateEnergy_19ftKineticEnergyStop_
0000E514 soInstancePoolSub_98soInstancePoolInfo_19ftKineticEnergyStop_1_21soKineticEnergyHolder_28soKineti_____getInstanceAt
0000E52C soInstancePoolSub_98soInstancePoolInfo_19ftKineticEnergyStop_1_21soKineticEnergyHolder_28soKineti_____forEachHolderModuleAccesser_60soKineticUpdateEnergyHolderHelper_23ftLinkKineticTransactor__
0000E5BC soInstancePoolSubNull_19ftKineticEnergyStop___forEachHolderModuleAccesser_60soKineticUpdateEnergyHolderHelper_23ftLinkKineticTransactor__
0000E5C4 ftLinkKineticTransactor__updateEnergy_21ftKineticEnergyDamage_
0000E5FC soInstancePoolSub_100soInstancePoolInfo_21ftKineticEnergyDamage_1_21soKineticEnergyHolder_28soKin_____getInstanceAt
0000E614 soInstancePoolSub_100soInstancePoolInfo_21ftKineticEnergyDamage_1_21soKineticEnergyHolder_28soKin_____forEachHolderModuleAccesser_60soKineticUpdateEnergyHolderHelper_23ftLinkKineticTransactor__
0000E6A4 soInstancePoolSubNull_21ftKineticEnergyDamage___forEachHolderModuleAccesser_60soKineticUpdateEnergyHolderHelper_23ftLinkKineticTransactor__
0000E6AC ftLinkKineticTransactor__updateEnergy_25soKineticEnergyWindNormal_
0000E6E4 soInstancePoolSub_104soInstancePoolInfo_25soKineticEnergyWindNormal_1_21soKineticEnergyHolder_28s_____getInstanceAt
0000E6FC soInstancePoolSub_104soInstancePoolInfo_25soKineticEnergyWindNormal_1_21soKineticEnergyHolder_28s_____forEachHolderModuleAccesser_60soKineticUpdateEnergyHolderHelper_23ftLinkKineticTransactor__
0000E78C soInstancePoolSubNull_25soKineticEnergyWindNormal___forEachHolderModuleAccesser_60soKineticUpdateEnergyHolderHelper_23ftLinkKineticTransactor__
0000E794 ftLinkKineticTransactor__updateEnergy_29soKineticEnergyGroundMovement_
0000E7CC soInstancePoolSub_108soInstancePoolInfo_29soKineticEnergyGroundMovement_1_21soKineticEnergyHolder_____getInstanceAt
0000E7E4 soInstancePoolSub_108soInstancePoolInfo_29soKineticEnergyGroundMovement_1_21soKineticEnergyHolder_____forEachHolderModuleAccesser_60soKineticUpdateEnergyHolderHelper_23ftLinkKineticTransactor__
0000E874 soInstancePoolSubNull_29soKineticEnergyGroundMovement___forEachHolderModuleAccesser_60soKineticUpdateEnergyHolderHelper_23ftLinkKineticTransactor__
0000E87C ftLinkKineticTransactor__updateEnergy_21soKineticEnergyJostle_
0000E8B4 soInstancePoolSub_100soInstancePoolInfo_21soKineticEnergyJostle_1_21soKineticEnergyHolder_28soKin_____getInstanceAt
0000E8CC soInstancePoolSub_100soInstancePoolInfo_21soKineticEnergyJostle_1_21soKineticEnergyHolder_28soKin_____forEachHolderModuleAccesser_60soKineticUpdateEnergyHolderHelper_23ftLinkKineticTransactor__
0000E95C soInstancePoolSubNull_21soKineticEnergyJostle___forEachHolderModuleAccesser_60soKineticUpdateEnergyHolderHelper_23ftLinkKineticTransactor__
0000E964 soKineticUpdateEnergyHolderHelper_23ftLinkKineticTransactor_____ct1
0000E970 ftlinkcpp____sinit_
0000E9D4 ftLinkExtendParamAccesser____ct
0000EA1C ftClassInfoImpl_2_6ftLink_____ct
0000EA74 ftClassInfoImpl_2_6ftLink_____dt
0000EAF8 ftClassInfoImpl_2_6ftLink___create
0000EB60 soArticleMediator___4_
0000EB68 soArticleMediatorImpl_550soTypeList_68soInstancePoolInfo_9wnLinkBow_1_16wnInstanceHolder_14soIntT______4_shoot
0000EB70 soArticleMediatorImpl_550soTypeList_68soInstancePoolInfo_9wnLinkBow_1_16wnInstanceHolder_14soIntT______4_
0000EB78 ftFighterBuilder_17ftLinkBuildConfig____64_
0000EB80 Fighter___84_notifyEventLink
0000EB88 Fighter___100_notifyEventChangeStatus
0000EB90 Fighter___136_notifyEventChangeCollisionHit
0000EB98 Fighter___148_notifyEventCollisionShieldCheck
0000EBA0 Fighter___148_notifyEventCollisionShield
0000EBA8 Fighter___184_notifyEventCollisionSearchCheck
0000EBB0 Fighter___184_notifyEventCollisionSearch
0000EBB8 ftLink___64_
0000EBC0 Fighter___72_notifyEventAnimCmd
0000EBC8 Fighter___72_isObserv
0000EBD0 ftLink___84_notifyEventLink
0000EBD8 ftLink___100_notifyEventChangeStatus
0000EBE0 Fighter___112_notifyEventChangeSituation
0000EBE8 Fighter___124_notifyEventCollisionAttackCheck
0000EBF0 Fighter___124_notifyEventCollisionAttack
0000EBF8 ftLink___136_notifyEventChangeCollisionHit
0000EC00 ftLink___148_notifyEventCollisionShieldCheck
0000EC08 Fighter___148_notifyEventCollisionShieldSearch
0000EC10 ftLink___148_notifyEventCollisionShield
0000EC18 Fighter___160_notifyEventCollisionReflectorCheck
0000EC20 Fighter___160_notifyEventCollisionReflectorSearch
0000EC28 Fighter___160_notifyEventCollisionReflector
0000EC30 Fighter___172_notifyEventCollisionAbsorberCheck
0000EC38 Fighter___172_notifyEventCollisionAbsorber
0000EC40 ftLink___184_notifyEventCollisionSearchCheck
0000EC48 ftLink___184_notifyEventCollisionSearch
0000EC50 Fighter___196_notifyEventCaptureStatus
0000EC58 Fighter___208_notifyVisibilityItem
0000EC60 Fighter___208_notifyEjectAttachItem
0000EC68 Fighter___208_notifyEjectItem
0000EC70 Fighter___208_notifyShootBulletItem
0000EC78 Fighter___208_notifyDropItem
0000EC80 Fighter___208_notifyThrowItem
0000EC88 Fighter___208_notifyUseItem
0000EC90 Fighter___208_notifyAttachItem
0000EC98 Fighter___208_notifyHaveItem
0000ECA0 Fighter___208_notifyHaveItemPreCheck
0000ECA8 Fighter___232_notifyEventAddDamage
0000ECB0 Fighter___232_notifyEventOnDamage
0000ECB8 Fighter___244_notifyEventPikminFinalAttack
0000ECC0 Fighter___244_notifyEventChangeAdvUnit
0000ECC8 Fighter___244_notifyEventBeat
0000ECD0 Fighter___244_notifyEventSetDamage
0000ECD8 Fighter___256_notifyEventTurn
0000ECE0 ftLinkKineticTransactor__changeKinetic
0000EE2C ftLinkKineticTransactor__changeKineticSub
0000EF8C ftLinkKineticTransactor__changeKineticSub1
0000F18C Vec3f____as
0000F1A8 ftLinkKineticTransactor__changeKineticSub2
0000F284 ftLinkStatusUniqProcessSpecialRSlash__initStatus
0000F288 ftLinkStatusUniqProcessSpecialRSlash__execStatus
0000F28C soStatusUniqProcess__checkTransitionPrecede
0000F294 soStatusUniqProcess__leaveStop
0000F298 soStatusUniqProcess__onChangeLr
0000F2A0 soStatusUniqProcess__checkAttack
0000F2A4 soStatusUniqProcess__checkDamage
0000F2AC soStatusUniqProcess__execFixCamera
0000F2B0 soStatusUniqProcess__execFixPos
0000F2B4 soStatusUniqProcess__execFixPosCounter
0000F2B8 soStatusUniqProcess__execMapCorrection
0000F2BC soStatusUniqProcess__execStop
0000F2C0 soStatusUniqProcess__exitStatus
0000F2C4 ftLinkStatusUniqProcessSpecialRSlash____dt
0000F304 soStatusUniqProcess__execStatus
0000F308 ftlinkstatusuniqprocessspecialrslashcpp____sinit_
0000F350 ftLinkStatusUniqProcessSpecialRSlash____ct
0000F360 ftLinkStatusUniqProcessSpecialRSlashEnd__initStatus
0000F438 ftLinkStatusUniqProcessSpecialRSlashEnd__execStatus
0000F43C ftLinkStatusUniqProcessSpecialRSlashEnd____dt
0000F47C ftlinkstatusuniqprocessspecialrslashendcpp____sinit_
0000F4C4 ftLinkStatusUniqProcessSpecialRSlashEnd____ct
0000F4D4 ftLinkStatusUniqProcessSpecialBoomerang__initStatus
0000F644 ftLinkStatusUniqProcessSpecialBoomerang__execStatus
0000F648 ftLinkStatusUniqProcessSpecialBoomerang__exitStatus
0000F6CC ftLinkStatusUniqProcessSpecialBoomerang____dt
0000F70C ftlinkstatusuniqprocessspecialboomerangcpp____sinit_
0000F754 ftLinkStatusUniqProcessSpecialBoomerang____ct
0000F764 ftLinkStatusUniqProcessSpecialBomb__initStatus
0000F768 ftLinkStatusUniqProcessSpecialBomb__execFixPos
0000F918 ftLinkStatusUniqProcessSpecialBomb____dt
0000F958 ftlinkstatusuniqprocessspecialbombcpp____sinit_
0000F9A0 ftLinkStatusUniqProcessSpecialBomb____ct
0000F9B0 ftLinkStatusUniqProcessFinal__initStatus
0000FAAC ftLinkStatusUniqProcessFinal__execFixPos
0000FC64 ftLinkStatusUniqProcessFinal__exitStatus
0000FCE0 ftLinkStatusUniqProcessFinal__notifyEventCollisionSearch
0000FE80 Vec2f__length
0000FEF4 ftLinkStatusUniqProcessFinal__notifyEventCollisionSearchCheck
0000FF2C ftLinkStatusUniqProcessFinal__catch_success
00010010 ftLinkStatusUniqProcessFinalDash__initStatus
000100A8 soLinkEventLinkFinal____ct
000100C0 ftLinkStatusUniqProcessFinalDash__execStatus
00010158 ftLinkStatusUniqProcessFinalDash__execFixPos
000102E8 soModuleAccesser__check_dash_end
0001043C Vec3f____mi
00010460 ftLinkStatusUniqProcessFinalDash__exitStatus
000104DC ftLinkStatusUniqProcessFinalDash__getCapturePos
00010564 ftLinkStatusUniqProcessFinalDash__getObjectivePos
00010648 ftLinkStatusUniqProcessFinalCombo__initStatus
000106E4 ftLinkStatusUniqProcessFinalCombo__execFixPos
00010A4C ftLinkStatusUniqProcessFinalCombo__exitStatus
00010AC8 ftLinkStatusUniqProcessFinalCombo__checkFinish
00010BB8 soModuleAccesser__get_triforce_offset
00010C9C soModuleAccesser__kill_effect
00010D30 soModuleAccesser__exit_final_catch_cut
00010E04 ftLinkStatusUniqProcessFinalCombo____dt
00010E44 ftLinkStatusUniqProcessFinalDash____dt
00010E84 ftLinkStatusUniqProcessFinal____dt
00010EC4 ftlinkstatusuniqprocessfinalcpp____sinit_
00010F44 ftLinkStatusUniqProcessFinal____ct
00010F54 ftLinkStatusUniqProcessFinalDash____ct
00010F64 ftLinkStatusUniqProcessFinalCombo____ct
00010F74 ftLinkStatusUniqProcessWait__initStatus
00010F78 ftLinkStatusUniqProcessWait__execStatus
00010F7C ftLinkStatusUniqProcessWait__updateShield
00011000 ftLinkStatusUniqProcessWait__execStop
00011004 ftLinkStatusUniqProcessWait____dt
00011044 ftlinkstatusuniqprocesswaitcpp____sinit_
0001108C ftLinkStatusUniqProcessWait____ct
0001109C wnLinkBoomerang____ct
00012990 soParamAccesser____dt
000129D0 wnLinkBoomerangParamAccesser____dt
00012A30 soKineticEnergyRotNormal____dt
00012A8C soParamCustomizeModule____dt
00012ACC soParamCustomizeModuleImpl____dt
00012B28 soResourceIdAccesserImpl____dt
00012B84 soMotionModuleBuilder_214soMotionModuleBuildConfig_3_18soMotionModuleImpl_0_0_107soTransitionModu_______dt
00012BFC soPostureModuleBuilder_51soPostureModuleBuildConfig_2_19soPostureModuleImpl______dt
00012C70 soTeamImpl____ct
00012CC8 soTeamImpl____dt
00012D24 soCollisionAttackAbsolute____dt
00012D64 soCollisionAttackModuleBuilder_77soCollisionAttackModuleBuildConfig_0_1_0_27soCollisionAttackModu_______dt
00012DE8 soGeneralWorkBuilder_31soGeneralWorkBuildConfig_2_2_1______dt
00012E48 soLineHierarchy_49soTypeList_14soIntToType_6__18soTypeListNullType__11soArrayPool_65soArrayPoolRo_______dt
00012EA8 soJagArray_46soInstanceUnitFullProperty_16soTransitionTerm__49soTypeList_14soIntToType_6__18soTyp_______dt
00012F04 soTransitionModuleBuilder_107soTransitionModuleBuildConfig_49soTypeList_14soIntToType_6__18soType_______dt
00012F7C soArraySelectHolder_1_39soArrayVector_P19soStatusUniqProcess_4__56soSingletonHolder_35soArrayNull_______dt
00012FD8 soStatusModuleBuilder_204soStatusModuleBuildConfig_4_31soGeneralWorkBuildConfig_2_2_1__4_107soTra_______dt
00013074 wnKineticModuleImpl____dt
000130E8 soKineticMediatorNull____dt
00013128 soInstanceManagerFullPropertyVector_P15soKineticEnergy_8_____dt
00013188 soKineticModuleBuilder_75soKineticModuleBuildConfig_19wnKineticModuleImpl_21soKineticMediatorNull_______dt
00013200 soGeneralWorkBuilder_31soGeneralWorkBuildConfig_6_2_1______dt
00013260 soGlowModuleBuilder_45soGlowModuleBuildConfig_18soGlowModuleSimple______dt
000132BC soModuleAccesserBuilder_40wnLinkBoomerangModuleAccesserBuildConfig_____dt
0001343C soAnimCmdControlUnitBuilder_48soAnimCmdControlUnitBuildConfig_0_1_4_0_0_0_0_8______dt
000134C8 soAnimCmdControlUnitBuilder_48soAnimCmdControlUnitBuildConfig_1_2_3_0_0_1_0_8______dt
00013554 soAnimCmdControlUnitBuilder_48soAnimCmdControlUnitBuildConfig_2_2_3_0_0_1_0_8______dt
000135E0 soAnimCmdControlUnitBuilder_48soAnimCmdControlUnitBuildConfig_3_2_3_0_0_1_0_8______dt
0001366C soAnimCmdControlUnitBuilder_40soAnimCmdControlUnitBuildConfigUniq_4_8______dt
000136D8 wnAnimCmdModuleSubBuilder_79wnAnimCmdModuleSubBuildConfigDefault_1_4_0_0_1_3_0_0_1_3_0_0_1_3_0_0________dt
00013768 wnModuleAccesserBuilder_40wnLinkBoomerangModuleAccesserBuildConfig_____dt
000137D8 wnWeaponBuilder_40wnLinkBoomerangModuleAccesserBuildConfig_____dt
00013860 wnLinkBoomerang____dt
000138D0 wnLinkBoomerang__activate
00013A50 wnLinkBoomerang__toFly
00013DD0 Vec2f____ct
00013DDC wnLinkBoomerang__updateNodeSRT
00013F08 wnLinkBoomerang__reflect
00013F5C wnLinkBoomerang__notifyEventCollisionAttackCheck
00013F74 wnLinkBoomerang__notifyEventAnimCmd
0001444C Weapon__isObserv
00014468 Vec2f____ml
00014494 Weapon__isActiveArticle
000144A4 Weapon__isSyncOwnerStatus
000144B8 Weapon__setSyncOwnerStatus
000144C8 StageObject__isTreadPassive
000144D0 StageObject__checkTransitionStatus
000144D8 StageObject__getInput
0001455C Input____dt
0001459C IpNull____dt
000145DC soCollisionHitEventObserver__notifyEventChangeCollisionHit
000145E0 soArticle__intrudeLogAttackInfo
000145E4 soArticle__action
000145E8 Weapon__onDeactivate
000145EC Weapon__soGetSubKind
000145F4 Weapon__soGetKind
000145FC soParamCustomizeModuleImpl__getAttackPowerMulArticle
00014608 soParamCustomizeModuleImpl__getParamIndefinite
00014610 soParamCustomizeModuleImpl__getParamFloat
0001461C soParamCustomizeModuleImpl__getParamInt
00014624 soParamCustomizeModuleImpl__getWalkSpeedMul
00014630 soParamCustomizeModuleImpl__getAttackReactionMul
0001463C soParamCustomizeModuleImpl__isCustomize
00014644 soParamCustomizeModuleImpl__removeCustomize
00014648 soParamCustomizeModuleImpl__addCustomize
0001464C soParamCustomizeModuleImpl__setDefault
00014650 soParamCustomizeModuleImpl__activate
00014664 soParamCustomizeModuleImpl__getAttackPowerMulScale
0001466C soParamCustomizeModuleImpl__setAttackPowerMulScale
00014674 soParamCustomizeModuleImpl__getAttackPowerMulPattern
0001467C soParamCustomizeModuleImpl__setAttackPowerMulPattern
00014684 soParamCustomizeModuleImpl__getAttackPowerMul
00014694 soArticleMediatorNull____dt
000146F0 soArticleMediatorNull__shoot
000146F8 soArticleMediatorNull__setAutoRecycle
000146FC soArticleMediatorNull__getMediateNum
00014704 soArticleMediatorNull__getGenerateMaxNum
0001470C soArticleMediatorNull__getActiveNum
00014714 soArticleMediatorNull__isGeneratable
0001471C soArticleMediatorNull__deactivate
00014720 soArticleMediatorNull__generate
0001472C soKineticMediatorNull__getMediateNum
00014734 soKineticMediatorNull__notifyEventChangeStatus
00014738 soKineticMediatorNull__addSpeedOutside
0001473C soKineticMediatorNull__addSpeed
00014740 soKineticMediatorNull__postUpdateEnergy
00014744 soKineticMediatorNull__updateEnergy
00014748 soKineticMediatorNull__updateEnergy1
0001474C soKineticMediatorNull__updateEnergy2
00014750 soKineticMediatorNull__changeKinetic
00014754 soResourceIdAccesserImpl__getBinArchiveId
00014764 soResourceIdAccesserImpl__getArchiveId
0001476C soResourceIdAccesserImpl__getEtcArchiveId
0001477C soResourceIdAccesserImpl__getAnmArchiveId
0001478C soResourceIdAccesserImpl__getTexArchiveId
0001479C soResourceIdAccesserImpl__getMdlArchiveId
000147AC soResourceIdAccesserImpl__getEtcResId
000147B4 soResourceIdAccesserImpl__getBinResId
000147BC soResourceIdAccesserImpl__getAnmResId
000147C4 soResourceIdAccesserImpl__getMdlResIndex
000147CC soResourceIdAccesserImpl__getMdlResId
000147D4 soResourceIdAccesserImpl__getTexResIndex
000147DC soResourceIdAccesserImpl__getTexResId
000147E4 soResourceIdAccesserImpl__setTexResIndex
000147EC soResourceIdAccesserImpl__setMdlResIndex
000147F4 soResourceIdAccesserImpl__setTexResId
000147FC soResourceIdAccesserImpl__setMdlResId
00014804 soResourceIdAccesserImpl__setAnmResId
0001480C soResourceIdAccesserImpl__setResIdPacked
0001481C Input__getContNo
00014824 IpNull__removeRumbleMask
00014828 IpNull__removeRumbleId
0001482C IpNull__removeRumble
00014830 IpNull__stopRumble
00014834 IpNull__setRumble
00014838 IpNull__getTrigger
00014854 IpNull__getButton
0001485C IpNull__getStickSub
00014880 IpNull__getStickMain
000148A4 IpNull__update
000148A8 soTeamImpl__reset
000148AC soTeamImpl__set2nd
000148B4 soTeamImpl__get2nd
000148BC soTeamImpl__setIndirectNo
000148C0 soTeamImpl__getIndirectNo
000148C8 soTeamImpl__setNo
000148D0 soTeamImpl__getNo
000148D8 wnExtendParamAccesser_3999_14_23999_7_0_0___getParamFloat
000148F8 wnExtendParamAccesser_3999_14_23999_7_0_0___getParamInt
00014918 wnExtendParamAccesser_3999_14_23999_7_0_0___getParamIndefinite
00014930 wnWeaponBuilder_40wnLinkBoomerangModuleAccesserBuildConfig___deactivateDescendantForce
000149DC soArticleMediatorNull___4_shoot
000149E4 soArticleMediatorNull___4_
000149EC wnWeaponBuilder_40wnLinkBoomerangModuleAccesserBuildConfig____64_
000149F4 Weapon___72_notifyEventAnimCmd
000149FC Weapon___112_notifyEventCollisionAttackCheck
00014A04 wnWeaponBuilder_40wnLinkBoomerangModuleAccesserBuildConfig____144_
00014A0C wnWeaponBuilder_40wnLinkBoomerangModuleAccesserBuildConfig____136_
00014A14 wnLinkBoomerang___64_
00014A1C wnLinkBoomerang___72_notifyEventAnimCmd
00014A24 Weapon___72_isObserv
00014A2C Weapon___84_notifyEventLink
00014A34 Weapon___100_notifyEventChangeStatus
00014A3C wnLinkBoomerang___112_notifyEventCollisionAttackCheck
00014A44 Weapon___112_notifyEventCollisionAttack
00014A4C Weapon___124_notifyEventCollisionHit2nd
00014A54 Weapon___124_notifyEventCollisionHit
00014A5C wnLinkBoomerang___144_
00014A64 Weapon___136_setAttackPowerMulPattern
00014A6C Weapon___136_getActiveGlobalFrame
00014A74 Weapon___136_updateLogAttackInfo
00014A7C Weapon___136_getLogAttackInfo
00014A84 Weapon___136_setLogAttackInfo
00014A8C Weapon___136_setSyncOwnerStatus
00014A94 Weapon___136_isSyncOwnerStatus
00014A9C Weapon___136_unlinkOwner
00014AA4 Weapon___136_linkOwner
00014AAC Weapon___136_have
00014AB4 Weapon___136_getFounderTaskId
00014ABC Weapon___136_getOwnerDeactiveTreatType
00014AC4 Weapon___136_deactivateArticle
00014ACC Weapon___136_isActiveArticle
00014AD4 wnWeaponBuilder_40wnLinkBoomerangModuleAccesserBuildConfig____136_deactivateDescendantForce
00014ADC Weapon___136_isConstraint
00014AE4 Weapon___136_setSituationKind
00014AEC Weapon___136_set2nd
00014AF4 Weapon___136_setVisibility
00014AFC Weapon___136_setVisibilityWhole
00014B04 Weapon___136_changeStatus
00014B0C Weapon___136_setRate
00014B14 Weapon___136_setFrame
00014B1C Weapon___136_changeMotion
00014B24 Weapon___136_getTaskId
00014B2C Weapon___136_getArticleEventManageId
00014B34 Weapon___136_getArticleId
00014B3C Weapon___136_remove
00014B44 wnLinkBoomerang___136_
00014B4C wnLinkBoomerangStatusUniqProcessHaved__initStatus
00014B9C wnLinkBoomerangStatusUniqProcessHaved____dt
00014BDC wnlinkboomerangstatusuniqprocesshavedcpp____sinit_
00014C24 wnLinkBoomerangStatusUniqProcessHaved____ct
00014C34 wnLinkBoomerangStatusUniqProcessTurn__initStatus
00014DB4 wnLinkBoomerangStatusUniqProcessTurn__execStatus
000150EC wnLinkBoomerangStatusUniqProcessTurn__execFixPos
000152D4 wnLinkBoomerangStatusUniqProcessTurn____dt
00015314 wnlinkboomerangstatusuniqprocessturncpp____sinit_
0001535C wnLinkBoomerangStatusUniqProcessTurn____ct
0001536C wnLinkHookshot____ct
00016D70 wnWeaponBuilder_39wnLinkHookshotModuleAccesserBuildConfig_____dt
00016DF8 wnModuleAccesserBuilder_39wnLinkHookshotModuleAccesserBuildConfig_____dt
00016E68 wnAnimCmdModuleSubBuilder_79wnAnimCmdModuleSubBuildConfigDefault_1_9_0_0_1_1_0_0_1_1_0_0_1_1_0_0________dt
00016EF8 soAnimCmdControlUnitBuilder_48soAnimCmdControlUnitBuildConfig_3_2_1_0_0_1_0_8______dt
00016F84 soAnimCmdControlUnitBuilder_48soAnimCmdControlUnitBuildConfig_2_2_1_0_0_1_0_8______dt
00017010 soAnimCmdControlUnitBuilder_48soAnimCmdControlUnitBuildConfig_1_2_1_0_0_1_0_8______dt
0001709C soAnimCmdControlUnitBuilder_48soAnimCmdControlUnitBuildConfig_0_1_9_0_0_0_0_8______dt
00017128 soModuleAccesserBuilder_39wnLinkHookshotModuleAccesserBuildConfig_____dt
000172C0 soGenerateArticleManageModuleBuilder_383soGenerateArticleManageModuleBuildConfig_298soArticleMedi_______dt
00017344 soSelectInstanceHolder_1_298soArticleMediatorImpl_102soTypeList_67soInstancePoolInfo_8wnSimple_1________dt
000173A0 soArticleMediatorImpl_102soTypeList_67soInstancePoolInfo_8wnSimple_1_16wnInstanceHolder_14soIntTo_______dt
00017410 soLineHierarchy_102soTypeList_67soInstancePoolInfo_8wnSimple_1_16wnInstanceHolder_14soIntToType_0_______dt
00017474 soInstancePool_67soInstancePoolInfo_8wnSimple_1_16wnInstanceHolder_14soIntToType_0___18soInstance_______dt
000174D4 soInstancePoolSub_67soInstancePoolInfo_8wnSimple_1_16wnInstanceHolder_14soIntToType_0___24soKindI_______dt
00017534 wnInstanceHolder_8wnSimple_24soKindInfoGeneric_2_110__14soIntToType_0______dt
00017594 soStatusModuleBuilder_204soStatusModuleBuildConfig_9_31soGeneralWorkBuildConfig_3_3_1__9_107soTra_______dt
00017630 soArraySelectHolder_1_39soArrayVector_P19soStatusUniqProcess_9__56soSingletonHolder_35soArrayNull_______dt
0001768C soGeneralWorkBuilder_31soGeneralWorkBuildConfig_3_3_1______dt
000176EC soMotionModuleBuilder_214soMotionModuleBuildConfig_1_18soMotionModuleImpl_0_0_107soTransitionModu_______dt
00017764 wnLinkHookshotParamAccesser____dt
000177C4 wnLinkHookshot__activate
00017A20 wnLinkHookshot__activeArticle
00017B10 soArticleMediatorImpl_102soTypeList_67soInstancePoolInfo_8wnSimple_1_16wnInstanceHolder_14soIntTo_____generate
00017DBC soArticleMediatorImpl_102soTypeList_67soInstancePoolInfo_8wnSimple_1_16wnInstanceHolder_14soIntTo_____isGeneratable
00017FAC soArticleMediatorImpl_102soTypeList_67soInstancePoolInfo_8wnSimple_1_16wnInstanceHolder_14soIntTo_____getActiveNum
000181BC soArticleMediatorImpl_102soTypeList_67soInstancePoolInfo_8wnSimple_1_16wnInstanceHolder_14soIntTo_____getGenerateMaxNum
00018340 soArticleMediatorImpl_102soTypeList_67soInstancePoolInfo_8wnSimple_1_16wnInstanceHolder_14soIntTo_____shoot
00018518 soArticleMediatorImpl_102soTypeList_67soInstancePoolInfo_8wnSimple_1_16wnInstanceHolder_14soIntTo_____deactivate
00018578 soArticleMediatorImpl_102soTypeList_67soInstancePoolInfo_8wnSimple_1_16wnInstanceHolder_14soIntTo_____getMediateNum
00018580 soArticleMediatorImpl_102soTypeList_67soInstancePoolInfo_8wnSimple_1_16wnInstanceHolder_14soIntTo_____setAutoRecycle
00018588 wnExtendParamAccesser_3999_3_23999_2_0_0___getParamFloat
000185A8 wnExtendParamAccesser_3999_3_23999_2_0_0___getParamInt
000185C8 wnExtendParamAccesser_3999_3_23999_2_0_0___getParamIndefinite
000185E0 wnWeaponBuilder_39wnLinkHookshotModuleAccesserBuildConfig___deactivateDescendantForce
000185F0 soInstancePoolSub_67soInstancePoolInfo_8wnSimple_1_16wnInstanceHolder_14soIntToType_0___24soKindI_____getInstanceAt
00018608 soArticleMediatorImpl_102soTypeList_67soInstancePoolInfo_8wnSimple_1_16wnInstanceHolder_14soIntTo______4_shoot
00018610 soArticleMediatorImpl_102soTypeList_67soInstancePoolInfo_8wnSimple_1_16wnInstanceHolder_14soIntTo______4_
00018618 wnWeaponBuilder_39wnLinkHookshotModuleAccesserBuildConfig____64_
00018620 wnWeaponBuilder_39wnLinkHookshotModuleAccesserBuildConfig____144_
00018628 wnWeaponBuilder_39wnLinkHookshotModuleAccesserBuildConfig____136_
00018630 wnLinkHookshot___64_
00018638 wnLinkHookshot___144_
00018640 wnWeaponBuilder_39wnLinkHookshotModuleAccesserBuildConfig____136_deactivateDescendantForce
00018648 wnLinkHookshot___136_
00018650 __entry
00018698 __exit
000186E0 __unresolved
000186EC custom_onStartFinal
00018708 custom_onStartFinal_end
0001870C custom_BombchuCustomizer__onProcessFixPosition
00018724 custom_BombchuCustomizer__onProcessFixPosition_1
000187EC custom_BombchuCustomizer__onProcessFixPosition_2
00018820 custom_BombchuCustomizer__onProcessFixPosition_3
00018824 custom_BombchuCustomizer__onProcessFixPosition_end
0001883C custom_soGroundTracerModuleImpl__getCurrentNormal
00018890 custom_currentNormal_31304
000188C4 custom_currentNormal_31338
000188E8 custom_currentNormal_3135C
00018910 custom_currentNormal_31384
00018940 custom_currentNormal_313B4
00018944 custom_currentNormal_313B8
00018950 custom_currentNormal_313C4
00018974 custom_currentNormal_313E8
000189AC custom_currentNormal_31420
000189D0 custom_currentNormal_31444
000189F8 custom_currentNormal_3146C
00018A28 custom_currentNormal_3149C
00018A2C custom_currentNormal_314A0
00018A38 custom_currentNormal_314B8
00018A6C custom_currentNormal_31980
.section 2
00000000 loc_0
.section 3
00000000 loc_0
.section 4
00000000 loc_0
00000004 loc_4
0000000C loc_C
00000010 loc_10
00000018 loc_18
00000030 loc_30
00000040 loc_40
00000048 loc_48
00000050 loc_50
00000058 loc_58
00000060 loc_60
00000064 loc_64
00000068 loc_68
0000006C loc_6C
00000078 loc_78
00000080 loc_80
00000088 loc_88
000000A0 loc_A0
000000A4 loc_A4
000000B0 loc_B0
000000B8 loc_B8
000000C0 loc_C0
.section 5
00000000 loc_0
00000004 loc_4
00000008 loc_8
0000006C loc_6C
00000078 loc_78
00000084 loc_84
0000008C loc_8C
000000B4 loc_B4
000000D0 loc_D0
000000F4 loc_F4
000000FC loc_FC
00000128 loc_128
00000144 loc_144
0000014C loc_14C
00000164 loc_164
00000178 loc_178
00000180 loc_180
00000530 loc_530
00000538 loc_538
0000065C loc_65C
00000664 loc_664
00000A14 loc_A14
00000A38 loc_A38
00000B54 loc_B54
00000B5C loc_B5C
00000B98 loc_B98
00001030 loc_1030
0000104C loc_104C
00001054 loc_1054
00001060 loc_1060
000012B4 loc_12B4
00001318 loc_1318
00001320 loc_1320
0000132C loc_132C
000015A0 loc_15A0
000015FC loc_15FC
00001604 loc_1604
00001610 loc_1610
00001680 loc_1680
00001688 loc_1688
00001694 loc_1694
000016DC loc_16DC
000016E4 loc_16E4
000018E8 loc_18E8
0000193C loc_193C
00001944 loc_1944
00001950 loc_1950
00001B74 loc_1B74
00001BC0 loc_1BC0
00001BC8 loc_1BC8
00001BD4 loc_1BD4
00001C48 loc_1C48
00001C50 loc_1C50
00001C5C loc_1C5C
00001CD0 loc_1CD0
00001CD8 loc_1CD8
00001CE4 loc_1CE4
00001D58 loc_1D58
00001D60 loc_1D60
00001D6C loc_1D6C
00001DE0 loc_1DE0
00001DE8 loc_1DE8
00001DF4 loc_1DF4
00001E40 loc_1E40
00001E48 loc_1E48
00001FF8 loc_1FF8
0000203C loc_203C
00002044 loc_2044
00002050 loc_2050
00002220 loc_2220
0000225C loc_225C
00002264 loc_2264
00002270 loc_2270
000022E8 loc_22E8
000022F0 loc_22F0
000022FC loc_22FC
00002348 loc_2348
00002350 loc_2350
000024A8 loc_24A8
000024DC loc_24DC
000024E4 loc_24E4
000024F0 loc_24F0
00002668 loc_2668
00002694 loc_2694
0000269C loc_269C
000026A8 loc_26A8
0000271C loc_271C
00002724 loc_2724
00002730 loc_2730
0000277C loc_277C
00002784 loc_2784
00002888 loc_2888
000028AC loc_28AC
000028B4 loc_28B4
000028C0 loc_28C0
000029E4 loc_29E4
00002A00 loc_2A00
00002A08 loc_2A08
00002A14 loc_2A14
00002A84 loc_2A84
00002A8C loc_2A8C
00002A98 loc_2A98
00002ADC loc_2ADC
00002AE4 loc_2AE4
00002B98 loc_2B98
00002BAC loc_2BAC
00002BB4 loc_2BB4
00002BC0 loc_2BC0
00002C44 loc_2C44
00002C50 loc_2C50
00002C58 loc_2C58
00002C64 loc_2C64
00002CD4 loc_2CD4
00002CDC loc_2CDC
00002CE8 loc_2CE8
00002D2C loc_2D2C
00002D34 loc_2D34
00002D4C loc_2D4C
00002D6C loc_2D6C
00002D78 loc_2D78
00002D80 loc_2D80
00002D9C loc_2D9C
00002DB8 loc_2DB8
00002DCC loc_2DCC
00002DD4 loc_2DD4
00002DEC loc_2DEC
00002DF8 loc_2DF8
00002E00 loc_2E00
00002E2C loc_2E2C
00002E50 loc_2E50
00002E64 loc_2E64
00002E6C loc_2E6C
00002E8C loc_2E8C
00002E98 loc_2E98
00002EA0 loc_2EA0
00002EB4 loc_2EB4
00002F08 loc_2F08
00002F10 loc_2F10
00002F24 loc_2F24
00002F70 loc_2F70
00002F78 loc_2F78
00002F8C loc_2F8C
00002F94 loc_2F94
00002FA4 loc_2FA4
00002FB0 loc_2FB0
00002FB8 loc_2FB8
00002FD4 loc_2FD4
00002FDC loc_2FDC
00002FF4 loc_2FF4
00003018 loc_3018
00003020 loc_3020
00003028 loc_3028
000030A4 loc_30A4
000030AC loc_30AC
000030BC loc_30BC
000030C8 loc_30C8
000030D0 loc_30D0
000030E0 loc_30E0
000030FC loc_30FC
00003104 loc_3104
00003114 loc_3114
0000311C loc_311C
00003134 loc_3134
00003148 loc_3148
00003150 loc_3150
00003164 loc_3164
00003170 loc_3170
00003178 loc_3178
0000318C loc_318C
00003194 loc_3194
00003204 loc_3204
00003218 loc_3218
0000322C loc_322C
00003234 loc_3234
0000324C loc_324C
00003258 loc_3258
00003260 loc_3260
00003268 loc_3268
0000337C loc_337C
00003384 loc_3384
00003398 loc_3398
000033A4 loc_33A4
000033AC loc_33AC
000033D4 loc_33D4
000033DC loc_33DC
000033E8 loc_33E8
000033F0 loc_33F0
00003408 loc_3408
00003414 loc_3414
0000341C loc_341C
00003444 loc_3444
0000344C loc_344C
00003460 loc_3460
00003468 loc_3468
00003484 loc_3484
00003490 loc_3490
00003498 loc_3498
000034C4 loc_34C4
000034CC loc_34CC
000034D8 loc_34D8
000034EC loc_34EC
000034F4 loc_34F4
00003520 loc_3520
00003528 loc_3528
00003560 loc_3560
00003574 loc_3574
00003588 loc_3588
00003590 loc_3590
000035A0 loc_35A0
000035B4 loc_35B4
000035BC loc_35BC
000035CC loc_35CC
000035E0 loc_35E0
000035E8 loc_35E8
00003608 loc_3608
0000362C loc_362C
00003640 loc_3640
00003648 loc_3648
00003670 loc_3670
0000367C loc_367C
00003684 loc_3684
0000369C loc_369C
000036A8 loc_36A8
000036B0 loc_36B0
000036D8 loc_36D8
000036E0 loc_36E0
00003700 loc_3700
0000370C loc_370C
00003714 loc_3714
00003744 loc_3744
0000374C loc_374C
00003770 loc_3770
0000377C loc_377C
00003784 loc_3784
000037B8 loc_37B8
000037C0 loc_37C0
000037E4 loc_37E4
000037F0 loc_37F0
000037F8 loc_37F8
0000382C loc_382C
00003834 loc_3834
00003854 loc_3854
00003860 loc_3860
00003868 loc_3868
00003898 loc_3898
000038A0 loc_38A0
000038BC loc_38BC
000038C8 loc_38C8
000038D0 loc_38D0
00003900 loc_3900
00003908 loc_3908
00003928 loc_3928
00003934 loc_3934
0000393C loc_393C
0000396C loc_396C
00003974 loc_3974
0000398C loc_398C
00003998 loc_3998
000039A0 loc_39A0
000039C8 loc_39C8
000039D0 loc_39D0
000039EC loc_39EC
000039F8 loc_39F8
00003A00 loc_3A00
00003A2C loc_3A2C
00003A34 loc_3A34
00003A4C loc_3A4C
00003A58 loc_3A58
00003A60 loc_3A60
00003A88 loc_3A88
00003A90 loc_3A90
00003AA8 loc_3AA8
00003AB4 loc_3AB4
00003ABC loc_3ABC
00003AE4 loc_3AE4
00003AEC loc_3AEC
00003B04 loc_3B04
00003B10 loc_3B10
00003B18 loc_3B18
00003B44 loc_3B44
00003B58 loc_3B58
00003B60 loc_3B60
00003B6C loc_3B6C
00003B98 loc_3B98
00003BA0 loc_3BA0
00003BAC loc_3BAC
00003BB8 loc_3BB8
00003BC0 loc_3BC0
00003BCC loc_3BCC
00003BF8 loc_3BF8
00003C00 loc_3C00
00003C14 loc_3C14
00003C20 loc_3C20
00003C28 loc_3C28
00003C50 loc_3C50
00003C58 loc_3C58
00003C70 loc_3C70
00003C7C loc_3C7C
00003C84 loc_3C84
00003CAC loc_3CAC
00003CB4 loc_3CB4
00003CC0 loc_3CC0
00003CCC loc_3CCC
00003CD4 loc_3CD4
00003CE8 loc_3CE8
00003CF0 loc_3CF0
00003CF8 loc_3CF8
00003D00 loc_3D00
00003D44 loc_3D44
00003D88 loc_3D88
00003DCC loc_3DCC
00003E10 loc_3E10
00003E54 loc_3E54
00003E80 loc_3E80
000042B4 loc_42B4
000042C0 loc_42C0
000042C8 loc_42C8
000042D4 loc_42D4
000046C8 loc_46C8
0000474C loc_474C
00004754 loc_4754
00004760 loc_4760
00004B70 loc_4B70
00004BEC loc_4BEC
00004BF4 loc_4BF4
00004C00 loc_4C00
00004C8C loc_4C8C
00004C94 loc_4C94
00004CA0 loc_4CA0
00004D00 loc_4D00
00004D08 loc_4D08
0000508C loc_508C
00005100 loc_5100
00005108 loc_5108
00005114 loc_5114
000054B4 loc_54B4
00005520 loc_5520
00005528 loc_5528
00005534 loc_5534
000055C8 loc_55C8
000055D0 loc_55D0
000055DC loc_55DC
00005644 loc_5644
0000564C loc_564C
00005958 loc_5958
000059BC loc_59BC
000059C4 loc_59C4
000059D0 loc_59D0
00005CF8 loc_5CF8
00005D54 loc_5D54
00005D5C loc_5D5C
00005D68 loc_5D68
00005DF8 loc_5DF8
00005E00 loc_5E00
00005E0C loc_5E0C
00005E70 loc_5E70
00005E78 loc_5E78
00006110 loc_6110
00006164 loc_6164
0000616C loc_616C
00006178 loc_6178
0000642C loc_642C
00006478 loc_6478
00006480 loc_6480
0000648C loc_648C
00006518 loc_6518
00006520 loc_6520
0000652C loc_652C
0000658C loc_658C
00006594 loc_6594
000067BC loc_67BC
00006800 loc_6800
00006808 loc_6808
00006814 loc_6814
00006A58 loc_6A58
00006A94 loc_6A94
00006A9C loc_6A9C
00006AA8 loc_6AA8
00006B30 loc_6B30
00006B38 loc_6B38
00006B44 loc_6B44
00006BA4 loc_6BA4
00006BAC loc_6BAC
00006D68 loc_6D68
00006D9C loc_6D9C
00006DA4 loc_6DA4
00006DB0 loc_6DB0
00006F88 loc_6F88
00006FB4 loc_6FB4
00006FBC loc_6FBC
00006FC8 loc_6FC8
00007058 loc_7058
00007060 loc_7060
0000706C loc_706C
000070D0 loc_70D0
000070D8 loc_70D8
00007220 loc_7220
00007244 loc_7244
0000724C loc_724C
00007258 loc_7258
000073BC loc_73BC
000073D8 loc_73D8
000073E0 loc_73E0
000073EC loc_73EC
00007478 loc_7478
00007480 loc_7480
0000748C loc_748C
000074F0 loc_74F0
000074F8 loc_74F8
000075D0 loc_75D0
000075E4 loc_75E4
000075EC loc_75EC
000075F8 loc_75F8
00007698 loc_7698
000076A4 loc_76A4
000076AC loc_76AC
000076B8 loc_76B8
00007744 loc_7744
0000774C loc_774C
00007758 loc_7758
000077B8 loc_77B8
000077C0 loc_77C0
000077D0 loc_77D0
0000785C loc_785C
00007864 loc_7864
000078A0 loc_78A0
00007924 loc_7924
0000792C loc_792C
00007938 loc_7938
000079C4 loc_79C4
000079CC loc_79CC
00007A00 loc_7A00
00007A84 loc_7A84
00007A8C loc_7A8C
00007A9C loc_7A9C
00007B28 loc_7B28
00007B30 loc_7B30
00007B6C loc_7B6C
00007BF0 loc_7BF0
00007BF8 loc_7BF8
00007C08 loc_7C08
00007C94 loc_7C94
00007C9C loc_7C9C
00007CD8 loc_7CD8
00007D5C loc_7D5C
00007D64 loc_7D64
00007D70 loc_7D70
00007DFC loc_7DFC
00007E04 loc_7E04
00007E38 loc_7E38
00007EBC loc_7EBC
00007EC4 loc_7EC4
00007F0C loc_7F0C
00007F24 loc_7F24
00007F58 loc_7F58
00007F60 loc_7F60
00007F74 loc_7F74
00007FA0 loc_7FA0
00007FA8 loc_7FA8
00007FC0 loc_7FC0
00007FE4 loc_7FE4
00007FEC loc_7FEC
00008008 loc_8008
00008024 loc_8024
00008038 loc_8038
00008040 loc_8040
00008068 loc_8068
00008084 loc_8084
000080B0 loc_80B0
000080B8 loc_80B8
000080F8 loc_80F8
00008120 loc_8120
0000812C loc_812C
00008134 loc_8134
00008148 loc_8148
00008150 loc_8150
00008190 loc_8190
000081B8 loc_81B8
000081C4 loc_81C4
000081D0 loc_81D0
00008210 loc_8210
00008238 loc_8238
00008244 loc_8244
00008250 loc_8250
0000825C loc_825C
00008318 loc_8318
00008320 loc_8320
00008338 loc_8338
00008344 loc_8344
0000834C loc_834C
00008374 loc_8374
0000837C loc_837C
000083BC loc_83BC
000083E0 loc_83E0
000083EC loc_83EC
000083F8 loc_83F8
00008438 loc_8438
0000845C loc_845C
00008468 loc_8468
00008470 loc_8470
000084B0 loc_84B0
000084D4 loc_84D4
000084E0 loc_84E0
000084E8 loc_84E8
00008528 loc_8528
00008548 loc_8548
00008554 loc_8554
00008560 loc_8560
000085A0 loc_85A0
000085BC loc_85BC
000085C8 loc_85C8
000085D0 loc_85D0
000085E0 loc_85E0
000085E4 loc_85E4
000085E8 loc_85E8
00008854 loc_8854
00008AC0 loc_8AC0
00008AE4 loc_8AE4
00008B04 loc_8B04
00008B20 loc_8B20
00008B28 loc_8B28
00008B58 loc_8B58
00008B6C loc_8B6C
00008B74 loc_8B74
00008BC4 loc_8BC4
00008BE0 loc_8BE0
00008BF4 loc_8BF4
00008BFC loc_8BFC
00008C14 loc_8C14
00008C20 loc_8C20
00008C28 loc_8C28
00008C64 loc_8C64
00008C7C loc_8C7C
00008C98 loc_8C98
00008CA0 loc_8CA0
00008CCC loc_8CCC
00008CE4 loc_8CE4
00008CF0 loc_8CF0
00008CF8 loc_8CF8
00008D54 loc_8D54
00008D70 loc_8D70
00008D84 loc_8D84
00008D8C loc_8D8C
00008DA4 loc_8DA4
00008DD0 loc_8DD0
00008DD8 loc_8DD8
00008E10 loc_8E10
00008E18 loc_8E18
00008E24 loc_8E24
00008E2C loc_8E2C
00008E64 loc_8E64
00008E6C loc_8E6C
00008E74 loc_8E74
00008EA0 loc_8EA0
00008EAC loc_8EAC
00008EC0 loc_8EC0
00008EC8 loc_8EC8
00008ED0 loc_8ED0
00008EDC loc_8EDC
00008EE8 loc_8EE8
00008F28 loc_8F28
00008F50 loc_8F50
00008F5C loc_8F5C
00008F68 loc_8F68
00008FA8 loc_8FA8
00008FD0 loc_8FD0
00008FDC loc_8FDC
00008FE8 loc_8FE8
00008FEC loc_8FEC
00008FFC loc_8FFC
00009000 loc_9000
00009004 loc_9004
00009270 loc_9270
000094DC loc_94DC
00009518 loc_9518
00009634 loc_9634
00009650 loc_9650
00009658 loc_9658
00009664 loc_9664
0000971C loc_971C
00009730 loc_9730
00009738 loc_9738
00009744 loc_9744
000097C8 loc_97C8
000097D4 loc_97D4
000097DC loc_97DC
000097E8 loc_97E8
00009858 loc_9858
00009860 loc_9860
0000986C loc_986C
000098B4 loc_98B4
000098BC loc_98BC
000098E0 loc_98E0
000098FC loc_98FC
00009918 loc_9918
00009920 loc_9920
00009950 loc_9950
00009964 loc_9964
0000996C loc_996C
000099B0 loc_99B0
000099F4 loc_99F4
00009A38 loc_9A38
00009A7C loc_9A7C
00009AC0 loc_9AC0
00009B20 custom_BombchuCustomizerEntry
00009B2C custom_BombchuCustomizer
00009C00 custom_BombchuCustomizer_1
00009C1C custom_BombchuCustomizer_2
00009C44 custom_BombchuCustomizer_3
00009C4C custom_BombchuCustomizer_4
00009C74 custom_BombchuCustomizer_5
00009C90 custom_BombchuCustomizer_6
.section 6
00000000 loc_0
00000008 loc_8
00000114 loc_114
00000120 loc_120
0000012C loc_12C
00000130 loc_130
00000134 loc_134
00000138 loc_138
00000140 loc_140
0000014C loc_14C
00000150 loc_150
0000015C loc_15C
00000160 loc_160
0000016C loc_16C
00000170 loc_170
0000017C loc_17C
00000180 loc_180
0000018C loc_18C
0000019C loc_19C
000001AC loc_1AC
000001B0 loc_1B0
000001BC loc_1BC
000001C0 loc_1C0
000001CC loc_1CC
000001D8 loc_1D8
000001E4 loc_1E4
000001F0 loc_1F0
000001FC loc_1FC
00000208 loc_208
00000214 loc_214
00000220 loc_220
00000224 loc_224
0000022C loc_22C
00000230 loc_230
00000238 loc_238
0000023C loc_23C
00000240 loc_240
00000244 loc_244
00000248 loc_248
0000024C loc_24C
00000250 loc_250
00000254 loc_254
00000258 loc_258
0000025C loc_25C
00000260 loc_260
00000264 loc_264
00000268 loc_268
00000274 loc_274
00000278 loc_278
00000284 loc_284
00000288 loc_288
00000294 loc_294
000002A0 loc_2A0
000002AC loc_2AC
000002B8 loc_2B8
000002C4 loc_2C4
000002D0 loc_2D0
000002DC loc_2DC
000002E0 loc_2E0
.section 7
.section 8
00000000 loc_0
000000B0 loc_B0
000000F0 loc_F0
00000110 loc_110
00000130 loc_130
00000140 loc_140
00000160 loc_160
00000170 loc_170
00000190 loc_190
