.module 110
.section 1
00000000 globaldestructorchain____register_global_object
0000001C globaldestructorchain____destroy_global_chain
00000070 ftWario____ct
00001A2C ftFighterBuilder_18ftWarioBuildConfig_____dt
00001ACC ftStatusGimmickUniqProcessPoolImpl____dt
00001B84 ftStatusUniqProcessGimmickEaten____dt
00001BE0 ftStatusUniqProcessGimmick____dt
00001C44 ftStatusUniqProcessGimmickTruck____dt
00001CA0 ftStatusUniqProcessGimmickSpring____dt
00001CFC ftStatusUniqProcessGimmickLadder____dt
00001D58 ftStatusUniqProcessGimmickCatapult____dt
00001DB4 ftStatusUniqProcessGimmickDoor____dt
00001E10 ftStatusUniqProcessGimmickBarrel____dt
00001E6C ftStatusGimmickUniqProcessPool____dt
00001EAC ftVirtualNodeMatrixPoolImpl____dt
00001F08 ftVirtualNodeMatrixPool____dt
00001F48 ftCancelModuleImpl____dt
00001FC8 soAnimCmdEventObserver____dt
00002024 soStatusEventObserver____dt
00002080 ftModuleAccesserBuilder_18ftWarioBuildConfig_____dt
00002104 ftAnimCmdModuleSubBuilder_38ftAnimCmdModuleSubBuildConfig_305_531______dt
000021DC soAnimCmdControlUnitBuilder_51soAnimCmdControlUnitBuildConfig_10_16_41_0_0_1_0_8______dt
00002268 soAnimCmdInterpreter____dt
000022C4 soEventPresenter_22soAnimCmdEventObserver_____dt
00002304 soAnimCmdAddressPackArraySeparate____dt
00002344 soArraySelectHolder_1_44soArrayVector_25acCmdInterpreterStackData_8__61soSingletonHolder_40soArra_______dt
000023A0 soAnimCmdControlUnitBuilder_41soAnimCmdControlUnitBuildConfigUniq_9_10______dt
0000240C soArraySelectHolder_1_45soArrayVector_25acCmdInterpreterStackData_10__61soSingletonHolder_40soArr_______dt
00002468 soAnimCmdControlUnitBuilder_51soAnimCmdControlUnitBuildConfig_8_32_531_0_0_1_0_8______dt
000024F4 soAnimCmdControlUnitBuilder_52soAnimCmdControlUnitBuildConfig_7_128_531_0_0_1_0_8______dt
00002534 soAnimCmdControlUnitBuilder_52soAnimCmdControlUnitBuildConfig_6_128_531_0_0_1_0_8______dt
000025C0 soAnimCmdControlUnitBuilder_51soAnimCmdControlUnitBuildConfig_5_32_531_0_0_1_0_8______dt
0000264C soAnimCmdControlUnitBuilder_50soAnimCmdControlUnitBuildConfig_4_2_531_0_0_1_0_8______dt
000026D8 soAnimCmdControlUnitBuilder_51soAnimCmdControlUnitBuildConfig_3_64_531_0_0_1_0_8______dt
00002764 soAnimCmdControlUnitBuilder_51soAnimCmdControlUnitBuildConfig_2_64_531_0_0_1_0_8______dt
0000283C soAnimCmdControlUnitBuilder_50soAnimCmdControlUnitBuildConfig_1_2_531_0_0_1_0_8______dt
000028C8 soAnimCmdControlUnitBuilder_60soAnimCmdControlUnitBuildConfigDisguise_0_1_305_305_0_1_0_8______dt
00002960 soArraySelectHolder_1_36soArrayVector_PC13acAnimCmdConv_305__51soSingletonHolder_30soArrayNull_PC_______dt
000029BC soModuleAccesserBuilder_18ftWarioBuildConfig_____dt
00002C68 soGlowModuleBuilder_43soGlowModuleBuildConfig_16ftGlowModuleImpl______dt
00002CC4 soSlowModuleBuilder_43soSlowModuleBuildConfig_16soSlowModuleImpl______dt
00002D20 soAbnormalModuleBuilder_51soAbnormalModuleBuildConfig_20ftAbnormalModuleImpl______dt
00002D7C soJostleModuleBuilder_51soJostleModuleBuildConfig_0_8_18soJostleModuleImpl______dt
00002DD8 soColorBlendModuleBuilder_60soColorBlendModuleBuildConfig_10_1_22soColorBlendModuleImpl______dt
00002E34 soItemManageModuleBuilder_105soItemManageModuleBuildConfig_7_4_16soItemSearchImpl_24soItemPickTra_______dt
00002EB4 soArraySelectHolder_1_29soArrayVector_10soItemInfo_4__46soSingletonHolder_25soArrayNull_10soItemI_______dt
00002F10 soShadowModuleBuilder_47soShadowModuleBuildConfig_18soShadowModuleImpl______dt
00002F6C soSlopeModuleBuilder_49soSlopeModuleBuildConfig_0_1_17soSlopeModuleImpl______dt
00002FC8 soPhysicsModuleBuilder_53soPhysicsModuleBuildConfig_2_19soPhysicsModuleImpl_1______dt
0000303C soAreaModuleBuilder_90soAreaModuleBuildConfig_10_16_34soAreaEnviromentElementCheckerImpl_16ftArea_______dt
000030D4 soComboModuleBuilder_45soComboModuleBuildConfig_17ftComboModuleImpl______dt
00003130 soEffectModuleBuilder_58soEffectModuleBuildConfig_1_1_1_1_10_18soEffectModuleImpl______dt
000031C8 soArraySelectHolder_1_33soArrayVector_14efScreenHandle_1__50soSingletonHolder_29soArrayNull_14efS_______dt
00003224 soArraySelectHolder_1_31soArrayVector_12soEffectTime_1__48soSingletonHolder_27soArrayNull_12soEff_______dt
00003280 soGenerateArticleManageModuleBuilder_562soGenerateArticleManageModuleBuildConfig_477soArticleMedi_______dt
00003304 soSelectInstanceHolder_1_477soArticleMediatorImpl_197soTypeList_71soInstancePoolInfo_11wnWarioBik_______dt
00003360 soArticleMediatorImpl_197soTypeList_71soInstancePoolInfo_11wnWarioBike_1_16wnInstanceHolder_14soI_______dt
000033D0 soLineHierarchy_197soTypeList_71soInstancePoolInfo_11wnWarioBike_1_16wnInstanceHolder_14soIntToTy_______dt
0000342C soInstancePool_71soInstancePoolInfo_11wnWarioBike_1_16wnInstanceHolder_14soIntToType_0___194soLin_______dt
0000349C soInstancePoolSub_71soInstancePoolInfo_11wnWarioBike_1_16wnInstanceHolder_14soIntToType_0___23soK_______dt
000034FC wnInstanceHolder_11wnWarioBike_23soKindInfoGeneric_0_21__14soIntToType_0______dt
0000355C wnWarioBike____dt
00003A60 soParamAccesser____dt
00003AA0 soAnimCmdControlUnitBuilder_40soAnimCmdControlUnitBuildConfigUniq_4_8______dt
00003B0C soGlowModuleBuilder_45soGlowModuleBuildConfig_18soGlowModuleSimple______dt
00003B68 soReflectModuleBuilder_51soReflectModuleBuildConfig_0_19soReflectModuleImpl______dt
00003BC4 soSlowModuleBuilder_45soSlowModuleBuildConfig_18soSlowModuleSimple______dt
00003C20 soColorBlendModuleBuilder_60soColorBlendModuleBuildConfig__1_0_22soColorBlendModuleImpl______dt
00003C7C soEffectModuleBuilder_58soEffectModuleBuildConfig_1_1_0_1__1_18soEffectModuleImpl______dt
00003D08 soGeneralWorkSimple____dt
00003D64 soGeneralWorkAbstract____dt
00003DA4 soInstanceManagerFullPropertyVector_P15soKineticEnergy_12_____dt
00003E14 soInstanceManagerFullProperty_P15soKineticEnergy_____dt
00003E54 soKineticModuleGenericImpl____dt
00003EC0 soKineticModuleImpl____dt
00003F20 soStatusModuleImpl____dt
00003FA4 soArrayQueueImpl_18soArrayVector_l_1______dt
00004004 soTransitionModuleBuilder_107soTransitionModuleBuildConfig_49soTypeList_14soIntToType_6__18soType_______dt
0000408C soTransitionModuleImpl____dt
000040EC soTransitionInfo____dt
0000412C soAnimCmdModuleBuilder_51soAnimCmdModuleBuildConfig_6_19soAnimCmdModuleImpl______dt
000041B4 soInstanceManagerFullProperty_20soAnimCmdControlUnit_____dt
000041F4 soAnimCmdModuleImpl____dt
00004260 soWorkManageModuleBuilder_55soWorkManageModuleBuildConfig_22soWorkManageModuleImpl______dt
000042BC soVisibilityModuleBuilder_57soVisibilityModuleBuildConfig_22soVisibilityModuleImpl_2______dt
00004318 soSoundModuleBuilder_80soSoundModuleBuildConfig_0_30soSound3dGeneratorAccesserImpl_17soSoundModul_______dt
00004378 soShakeModuleBuilder_49soShakeModuleBuildConfig_0_19soShakeModuleSimple______dt
000043D8 soTurnModuleBuilder_43soTurnModuleBuildConfig_16soTurnModuleImpl______dt
00004434 soStopModuleBuilder_43soStopModuleBuildConfig_16soStopModuleImpl______dt
00004490 soTeamModuleBuilder_56soTeamModuleBuildConfig_10soTeamImpl_16soTeamModuleImpl______dt
0000451C soTeam____dt
0000455C soSituationModuleBuilder_53soSituationModuleBuildConfig_21soSituationModuleImpl______dt
000045B8 soGroundModuleBuilder_49soGroundModuleBuildConfig_1_18soGroundModuleImpl______dt
00004624 soPostureModuleBuilder_51soPostureModuleBuildConfig_1_19soPostureModuleImpl______dt
00004698 soTransitionModuleBuilder_107soTransitionModuleBuildConfig_49soTypeList_14soIntToType_4__18soType_______dt
00004720 soModelModuleBuilder_49soModelModuleBuildConfig_5_0_17soModelModuleImpl______dt
0000478C soResourceModuleBuilder_80soResourceModuleBuildConfig_0_24soResourceIdAccesserImpl_20soResourceMo_______dt
00004804 soResourceIdAccesser____dt
00004844 soParamCustomizeModuleBuilder_63soParamCustomizeModuleBuildConfig_26soParamCustomizeModuleImpl______dt
00004884 soHeapModuleBuilder_43soHeapModuleBuildConfig_16soHeapModuleImpl______dt
000048E0 soInsideEventManageModuleBuilder_106soInsideEventManageModuleBuildConfig_16_32_4_2_4_4_4_5_2_4_4________dt
00004A0C soLineHierarchy_108soTypeList_73soInstancePoolInfo_13wnWarioGarlic_1_16wnInstanceHolder_14soIntTo_______dt
00004A70 soInstancePool_73soInstancePoolInfo_13wnWarioGarlic_1_16wnInstanceHolder_14soIntToType_1___18soIn_______dt
00004AD0 soInstancePoolSub_73soInstancePoolInfo_13wnWarioGarlic_1_16wnInstanceHolder_14soIntToType_1___23s_______dt
00004B30 wnInstanceHolder_13wnWarioGarlic_23soKindInfoGeneric_0_21__14soIntToType_1______dt
00004B90 wnWarioGarlic____dt
00004FB4 soKineticEnergy____dt
00004FF4 soArticleMediator____dt
00005034 soArticleOperator____dt
00005074 soArticleGenerator____dt
000050B4 soGeneralWorkBuilder_33soGeneralWorkBuildConfig_77_32_3______dt
00005114 soKineticModuleBuilder_1198soKineticModuleBuildConfig_26soKineticModuleGenericImpl_1134soKineticM_______dt
0000518C soStatusModuleBuilder_823soStatusModuleBuildConfig_305_33soGeneralWorkBuildConfig_18_14_2__274_71_______dt
00005228 soArraySelectHolder_1_41soArrayVector_P19soStatusUniqProcess_305__56soSingletonHolder_35soArrayNu_______dt
00005284 soTransitionModuleBuilder_716soTransitionModuleBuildConfig_657soTypeList_15soIntToType_25__624soT_______dt
000052FC soJagArray_46soInstanceUnitFullProperty_16soTransitionTerm__657soTypeList_15soIntToType_25__624so_______dt
0000535C soArrayPool_15soIntToType_25__818soLineHierarchy_624soTypeList_14soIntToType_6__592soTypeList_14s_______dt
000053D4 soArrayPool_14soIntToType_6__786soLineHierarchy_592soTypeList_14soIntToType_2__560soTypeList_14so_______dt
0000544C soArrayPool_14soIntToType_2__754soLineHierarchy_560soTypeList_14soIntToType_1__528soTypeList_15so_______dt
000054C4 soArrayPool_14soIntToType_1__722soLineHierarchy_528soTypeList_15soIntToType_17__495soTypeList_14s_______dt
0000553C soArrayPool_15soIntToType_17__689soLineHierarchy_495soTypeList_14soIntToType_3__463soTypeList_14s_______dt
000055B4 soArrayPool_14soIntToType_3__657soLineHierarchy_463soTypeList_14soIntToType_1__431soTypeList_14so_______dt
0000562C soArrayPool_14soIntToType_1__625soLineHierarchy_431soTypeList_14soIntToType_2__399soTypeList_14so_______dt
000056A4 soArrayPool_14soIntToType_2__593soLineHierarchy_399soTypeList_14soIntToType_8__367soTypeList_14so_______dt
0000571C soArrayPool_14soIntToType_8__561soLineHierarchy_367soTypeList_14soIntToType_2__335soTypeList_14so_______dt
00005794 soArrayPool_14soIntToType_2__530soLineHierarchy_335soTypeList_14soIntToType_1__303soTypeList_14so_______dt
0000580C soArrayPool_14soIntToType_1__498soLineHierarchy_303soTypeList_14soIntToType_6__271soTypeList_14so_______dt
00005884 soArrayPool_14soIntToType_6__466soLineHierarchy_271soTypeList_14soIntToType_3__239soTypeList_14so_______dt
000058FC soArrayPool_14soIntToType_3__434soLineHierarchy_239soTypeList_14soIntToType_1__207soTypeList_14so_______dt
00005974 soArrayPool_14soIntToType_1__402soLineHierarchy_207soTypeList_14soIntToType_1__175soTypeList_14so_______dt
000059EC soArrayPool_14soIntToType_1__370soLineHierarchy_175soTypeList_14soIntToType_2__143soTypeList_14so_______dt
00005A64 soArrayPool_14soIntToType_2__338soLineHierarchy_143soTypeList_14soIntToType_3__111soTypeList_14so_______dt
00005ADC soArrayPool_14soIntToType_3__306soLineHierarchy_111soTypeList_14soIntToType_2__80soTypeList_14soI_______dt
00005B54 soArrayPool_14soIntToType_2__274soLineHierarchy_80soTypeList_14soIntToType_6__49soTypeList_14soIn_______dt
00005BCC soArrayPool_14soIntToType_6__243soLineHierarchy_49soTypeList_14soIntToType_1__18soTypeListNullTyp_______dt
00005C3C soLineHierarchy_49soTypeList_14soIntToType_1__18soTypeListNullType__11soArrayPool_65soArrayPoolRo_______dt
00005C9C soGeneralWorkBuilder_33soGeneralWorkBuildConfig_18_14_2______dt
00005CFC soAnimCmdModuleBuilder_52soAnimCmdModuleBuildConfig_11_19soAnimCmdModuleImpl______dt
00005D68 soInstanceManagerFullPropertyVector_20soAnimCmdControlUnit_11_____dt
00005DD8 soCameraModuleBuilder_49soCameraModuleBuildConfig_18soCameraModuleImpl_1______dt
00005E4C soControllerModuleBuilder_60soControllerModuleBuildConfig_22ftControllerModuleImpl_10_2______dt
00005ECC soArraySelectHolder_1_38soArrayVector_19soControllerClatter_2__55soSingletonHolder_34soArrayNull________dt
00005F28 soLinkModuleBuilder_45soLinkModuleBuildConfig_9_16soLinkModuleImpl______dt
00005F94 soSoundModuleBuilder_80soSoundModuleBuildConfig_1_30ftSound3dGeneratorAccesserImpl_17soSoundModul_______dt
00006000 ftSound3dGeneratorAccesserImpl____dt
00006040 soShakeModuleBuilder_47soShakeModuleBuildConfig_4_17soShakeModuleImpl______dt
000060B4 soStopModuleBuilder_43soStopModuleBuildConfig_16ftStopModuleImpl______dt
00006110 soCaptureModuleBuilder_49soCaptureModuleBuildConfig_19soCaptureModuleImpl______dt
0000616C soCatchModuleBuilder_47soCatchModuleBuildConfig_1_17soCatchModuleImpl______dt
000061C8 soDamageModuleBuilder_98soDamageModuleBuildConfig_19soDamageModuleActor_1_22ftDamageTransactorImp_______dt
0000623C soCollisionSearchModuleBuilder_73soCollisionSearchModuleBuildConfig_0_1_1_27soCollisionSearchModu_______dt
000062B4 soCollisionCatchModuleBuilder_71soCollisionCatchModuleBuildConfig_0_4_1_26soCollisionCatchModuleI_______dt
00006320 soCollisionReflectorModuleBuilder_75soCollisionReflectorModuleBuildConfig_0_20_2_27soCollisionShi_______dt
000063B0 soCollisionShieldModuleBuilder_73soCollisionShieldModuleBuildConfig_0_1_1_27soCollisionShieldModu_______dt
00006440 soCollisionHitModuleBuilder_73soCollisionHitModuleBuildConfig_0_20_1_24soCollisionHitModuleImpl_1_______dt
000064C4 soCollisionAttackModuleBuilder_77soCollisionAttackModuleBuildConfig_0_5_2_27soCollisionAttackModu_______dt
00006548 soTeamModuleBuilder_51soTeamModuleBuildConfig_6ftTeam_16soTeamModuleImpl______dt
000065C0 ftTeamIndirect____dt
00006620 ftTeam____dt
0000667C soMotionModuleBuilder_248soMotionModuleBuildConfig_531_18soMotionModuleImpl_2_1_107soTransitionMo_______dt
00006730 soMotionAnimObjCacheModuleBuilder_73soMotionAnimObjCacheModuleBuildConfig_5_30soMotionAnimObjCach_______dt
0000679C soArraySelectHolder_1_19soArrayVector_Ul_5__36soSingletonHolder_15soArrayNull_Ul_______dt
000067F8 soSelectInstanceHolder_1_39soArrayVector_20soTransitionTermPack_1__58soSingletonConcrete_35soArra_______dt
00006854 soArraySelectHolder_1_30soArrayVector_11soOtherAnim_1__47soSingletonHolder_26soArrayNull_11soOthe_______dt
000068B0 soArraySelectHolder_1_32soArrayVector_13soPartialAnim_2__49soSingletonHolder_28soArrayNull_13soPa_______dt
0000690C soTransitionModuleBuilder_107soTransitionModuleBuildConfig_49soTypeList_14soIntToType_8__18soType_______dt
00006984 soJagArray_46soInstanceUnitFullProperty_16soTransitionTerm__49soTypeList_14soIntToType_8__18soTyp_______dt
000069E0 soLineHierarchy_49soTypeList_14soIntToType_8__18soTypeListNullType__11soArrayPool_65soArrayPoolRo_______dt
00006A40 soModelModuleBuilder_57soModelModuleBuildConfig_8_3_25soModelModuleImplVariable______dt
00006AB8 soArraySelectHolder_1_37soArrayVector_18soModelVirtualNode_3__54soSingletonHolder_33soArrayNull_1_______dt
00006B14 soResourceModuleBuilder_87soResourceModuleBuildConfigDynamic_0_24ftResourceIdAccesserImpl_20soRes_______dt
00006B8C soParamCustomizeModuleBuilder_63soParamCustomizeModuleBuildConfig_26ftParamCustomizeModuleImpl______dt
00006BE8 soInsideEventManageModuleBuilder_106soInsideEventManageModuleBuildConfig_32_40_4_4_4_4_4_4_5_4_4________dt
00006D2C soNullable____ct
00006D40 soTeamModuleBuilder_51soTeamModuleBuildConfig_6ftTeam_16soTeamModuleImpl______ct
00006E04 soNullable__isNull
00006E0C soInsideEventManageModuleBuilder_106soInsideEventManageModuleBuildConfig_32_40_4_4_4_4_4_4_5_4_4________ct
00007160 soResourceModuleBuilder_87soResourceModuleBuildConfigDynamic_0_24ftResourceIdAccesserImpl_20soRes_______ct
000071C8 soModelModuleBuilder_57soModelModuleBuildConfig_8_3_25soModelModuleImplVariable______ct
00007250 soMotionModuleBuilder_248soMotionModuleBuildConfig_531_18soMotionModuleImpl_2_1_107soTransitionMo_______ct
000073EC soTransitionModuleImpl____ct
00007424 soPostureModuleBuilder_51soPostureModuleBuildConfig_1_19soPostureModuleImpl______ct
00007494 soGroundModuleBuilder_49soGroundModuleBuildConfig_1_18soGroundModuleImpl______ct
000074F8 soCollisionAttackModuleBuilder_77soCollisionAttackModuleBuildConfig_0_5_2_27soCollisionAttackModu_______ct
000075BC soCollisionHitModuleBuilder_73soCollisionHitModuleBuildConfig_0_20_1_24soCollisionHitModuleImpl_1_______ct
00007680 soCollisionShieldModuleBuilder_73soCollisionShieldModuleBuildConfig_0_1_1_27soCollisionShieldModu_______ct
00007754 soCollisionReflectorModuleBuilder_75soCollisionReflectorModuleBuildConfig_0_20_2_27soCollisionShi_______ct
00007828 soCollisionCatchModuleBuilder_71soCollisionCatchModuleBuildConfig_0_4_1_26soCollisionCatchModuleI_______ct
000078C0 soCollisionSearchModuleBuilder_73soCollisionSearchModuleBuildConfig_0_1_1_27soCollisionSearchModu_______ct
0000795C soDamageModuleBuilder_98soDamageModuleBuildConfig_19soDamageModuleActor_1_22ftDamageTransactorImp_______ct
000079C8 soShakeModuleBuilder_47soShakeModuleBuildConfig_4_17soShakeModuleImpl______ct
00007A24 soSoundModuleBuilder_80soSoundModuleBuildConfig_1_30ftSound3dGeneratorAccesserImpl_17soSoundModul_______ct
00007AB4 soLinkModuleBuilder_45soLinkModuleBuildConfig_9_16soLinkModuleImpl______ct
00007B08 soControllerModuleBuilder_60soControllerModuleBuildConfig_22ftControllerModuleImpl_10_2______ct
00007B78 soCameraModuleBuilder_49soCameraModuleBuildConfig_18soCameraModuleImpl_1______ct
00007BE4 soAnimCmdModuleBuilder_52soAnimCmdModuleBuildConfig_11_19soAnimCmdModuleImpl______ct
00007C28 soStatusModuleBuilder_823soStatusModuleBuildConfig_305_33soGeneralWorkBuildConfig_18_14_2__274_71_______ct
00007FB0 soGeneralWorkSimple____ct
00008030 soGeneralWorkSimple__clearWorkAll
000080E0 soKineticModuleBuilder_1198soKineticModuleBuildConfig_26soKineticModuleGenericImpl_1134soKineticM_______ct
000084B0 soGeneralWorkBuilder_33soGeneralWorkBuildConfig_77_32_3______ct
00008510 soGenerateArticleManageModuleBuilder_562soGenerateArticleManageModuleBuildConfig_477soArticleMedi_______ct
0000869C soEffectModuleBuilder_58soEffectModuleBuildConfig_1_1_1_1_10_18soEffectModuleImpl______ct
00008768 soAreaModuleBuilder_90soAreaModuleBuildConfig_10_16_34soAreaEnviromentElementCheckerImpl_16ftArea_______ct
00008800 soPhysicsModuleBuilder_53soPhysicsModuleBuildConfig_2_19soPhysicsModuleImpl_1______ct
00008860 soItemManageModuleBuilder_105soItemManageModuleBuildConfig_7_4_16soItemSearchImpl_24soItemPickTra_______ct
000088DC soAnimCmdAddressPackArraySeparate____ct
000088F8 soAnimCmdInterpreter____ct
00008A88 soSingletonHolder_30soArrayNull_PC13acAnimCmdConv____getInstance
00008AF8 soArrayUtility__pushRange_PC13acAnimCmdConv_
00008B74 soAnimCmdControlUnitBuilder_60soAnimCmdControlUnitBuildConfigDisguise_0_1_305_305_0_1_0_8____getEntryList
00008BB0 soAnimCmdControlUnitBuilder_60soAnimCmdControlUnitBuildConfigDisguise_0_1_305_305_0_1_0_8____setupDisguiseList
00008C60 ftWario__getExtendParam
00008C70 ftWario__onActivate
00008C98 ftWario__onDeactivate
00008CB4 ftWario__onStart
00008D00 ftWario__toDead
00008D54 ftWario__notifyEventLink
00008DC0 ftWario__notifyEventChangeStatus
00008E1C ftWario__notifyEventAnimCmd
00008EF4 Fighter__isObserv
00008F10 ftWario__notifyEventCollisionSearch
00008FB0 ftWario__change
00009014 ftWario__setupChangeSucceedWork
00009060 ftWario__changeSucceedCore
000090B4 ftWario__processUpdate
00009110 ftWario__processUpdate_waftSkip
00009124 ftWario__activeArticle
000091DC ftExtendParamAccesser__getParamIndefinite
000091E4 ftWarioExtendParamAccesser__setup
0000931C ftExtendParamAccesserEx_3999_25_23999_7___setup
00009320 ftWarioExtendParamAccesser____dt
00009380 ftExtendParamAccesserEx_3999_25_23999_7_____dt
000093DC ftWario____dt
00009460 soAnimCmdEventObserver__addObserver
00009474 soLinkEventObserver__addObserver
00009488 StageObject__adjustParentGroundCollision
0000948C StageObject__isActive
00009494 StageObject__processGameProc
00009498 soStatusEventObserver__addObserver
000094AC soSituationEventObserver__addObserver
000094C0 soCollisionAttackEventObserver__addObserver
000094D4 soCollisionHitEventObserver__notifyEventCollisionHit2nd
000094D8 soCollisionHitEventObserver__notifyEventCollisionHit
000094DC soCollisionHitEventObserver__addObserver
000094F0 soCollisionShieldEventObserver__addObserver
00009504 soCollisionReflectorEventObserver__addObserver
00009518 soCollisionAbsorberEventObserver__addObserver
0000952C soCollisionSearchEventObserver__addObserver
00009540 soCaptureEventObserver__addObserver
00009554 soItemManageEventObserver__addObserver
00009568 soMotionEventObserver__notifyEventChangeMotion
0000956C soMotionEventObserver__addObserver
00009580 soDamageEventObserver__addObserver
00009594 ftEntryEventObserver__notifyEventExitFighter
00009598 ftEntryEventObserver__notifyEventKirbyResourceUnLoaded
0000959C ftEntryEventObserver__notifyEventKirbyResourceLoaded
000095A0 ftEntryEventObserver__notifyEventPokeTrainerReplace
000095A4 ftEntryEventObserver__notifyEventPokemonDamage
000095A8 ftEntryEventObserver__notifyEventPokemonInflict
000095AC ftEntryEventObserver__notifyEventPokemonAttack
000095B0 ftEntryEventObserver__notifyEventPokemonRebirthEnd
000095B4 ftEntryEventObserver__notifyEventStopRumble
000095B8 ftEntryEventObserver__notifyEventSetRumble
000095BC ftEntryEventObserver__notifyEventPokemonAppeal
000095C0 ftEntryEventObserver__notifyEventPokemonSpecial
000095C4 ftEntryEventObserver__notifyEventPokemonChangeCancel
000095C8 ftEntryEventObserver__notifyEventPokemonCollect
000095CC ftEntryEventObserver__notifyEventPokemonTrainerUpdate
000095D0 ftEntryEventObserver__notifyEventPokemonRequestChange
000095D8 ftEntryEventObserver__notifyEventPokemonStart
000095DC ftEntryEventObserver__notifyEventWarp
000095E0 ftEntryEventObserver__notifyEventPartnerResourcePrepared
000095E4 ftEntryEventObserver__notifyEventDeadPartner
000095E8 ftEntryEventObserver__addObserver
000095FC soTurnEventObserver__addObserver
00009610 Fighter__disappear
00009614 Fighter__trainerRestart
00009618 Fighter__trainerStart
0000961C Fighter__playEatSE
00009620 Fighter__setVisibility
00009624 Fighter__getFtKind
0000962C Fighter__soGetSubKind
0000963C Fighter__soGetKind
00009644 Fighter__notifyEventCollisionAttackFighter
00009648 Fighter__analyzeSeal
0000964C Fighter__onHitReflector
00009650 Fighter__setupChangeSucceedEffect
00009658 Fighter__postStart
0000965C Fighter__onEndFinal
00009660 Fighter__onStartFinal
00009664 ftWario__getChangeSucceedOption
0000966C Fighter__change
00009670 Fighter__getChangeSucceedOption
00009678 Fighter__onDeactivate
0000967C Fighter__onActivate
00009680 ftSound3dGeneratorAccesserImpl__getInstance
00009690 ftSound3dGeneratorAccesserImpl__deactivate
000096E4 ftSound3dGeneratorAccesserImpl__activate
00009740 ftVirtualNodeMatrixPoolImpl__getExtendMatrix
00009748 ftVirtualNodeMatrixPoolImpl__getCommonMatrix
00009750 ftVirtualNodeMatrixPoolImpl__getHitMatrix
00009758 ftStatusGimmickUniqProcessPoolImpl__getUniqProcessEaten
00009760 ftStatusGimmickUniqProcessPoolImpl__getUniqProcessTruck
00009768 ftStatusGimmickUniqProcessPoolImpl__getUniqProcessSpring
00009770 ftStatusGimmickUniqProcessPoolImpl__getUniqProcessLadder
00009778 ftStatusGimmickUniqProcessPoolImpl__getUniqProcessCatapult
00009780 ftStatusGimmickUniqProcessPoolImpl__getUniqProcessDoor
00009788 ftStatusGimmickUniqProcessPoolImpl__getUniqProcessBarrel
00009790 soKineticEnergy__getSpeed3f
000097F0 soGeneralWorkSimple__getFlagWorkSize
000097F8 soGeneralWorkSimple__turnOffFlag
0000986C soGeneralWorkSimple__isFlag
00009888 soGeneralWorkSimple__offFlag
000098A0 soGeneralWorkSimple__clearFlag
000098B4 soGeneralWorkSimple__onFlag
000098CC soGeneralWorkSimple__getFloatWorkSize
000098D4 soGeneralWorkSimple__divFloatWork
000098FC soGeneralWorkSimple__mulFloatWork
00009914 soGeneralWorkSimple__subFloatWork
0000992C soGeneralWorkSimple__addFloatWork
00009944 soGeneralWorkSimple__setFloatWork
00009954 soGeneralWorkSimple__getFloatWork
00009964 soGeneralWorkSimple__getIntWorkSize
0000996C soGeneralWorkSimple__decIntWork
00009984 soGeneralWorkSimple__incIntWork
0000999C soGeneralWorkSimple__divIntWork
000099BC soGeneralWorkSimple__mulIntWork
000099D4 soGeneralWorkSimple__subIntWork
000099EC soGeneralWorkSimple__addIntWork
00009A04 soGeneralWorkSimple__setIntWork
00009A14 soGeneralWorkSimple__getIntWork
00009A24 soAnimCmdAddressPackArraySeparate__isNull
00009A2C soAnimCmdAddressPackArraySeparate__size
00009AE0 soAnimCmdAddressPackArraySeparate__at
00009B34 soAnimCmdAddressPackArraySeparate__atSub
00009C60 soAnimCmdAddressPackArraySeparate__at1
00009C94 ftExtendParamAccesserEx_3999_25_23999_7___getParamFloat
00009CEC soValueAccesser__getValueVariation
00009CF8 ftExtendParamAccesserEx_3999_25_23999_7___getParamInt
00009D54 soKineticMediatorImpl_983soTypeList_100soInstancePoolInfo_21ftKineticEnergyMotion_1_21soKineticEn_______dt
00009DB4 soArticleMediatorImpl_197soTypeList_71soInstancePoolInfo_11wnWarioBike_1_16wnInstanceHolder_14soI_____generate
0000A120 soArticleMediatorImpl_197soTypeList_71soInstancePoolInfo_11wnWarioBike_1_16wnInstanceHolder_14soI_____isGeneratable
0000A358 soArticleMediatorImpl_197soTypeList_71soInstancePoolInfo_11wnWarioBike_1_16wnInstanceHolder_14soI_____getActiveNum
0000A5D0 soArticleMediatorImpl_197soTypeList_71soInstancePoolInfo_11wnWarioBike_1_16wnInstanceHolder_14soI_____getGenerateMaxNum
0000A754 soArticleMediatorImpl_197soTypeList_71soInstancePoolInfo_11wnWarioBike_1_16wnInstanceHolder_14soI_____shoot
0000A950 soArticleMediatorImpl_197soTypeList_71soInstancePoolInfo_11wnWarioBike_1_16wnInstanceHolder_14soI_____deactivate
0000A9E0 soArticleMediatorImpl_197soTypeList_71soInstancePoolInfo_11wnWarioBike_1_16wnInstanceHolder_14soI_____getMediateNum
0000A9E8 soArticleMediatorImpl_197soTypeList_71soInstancePoolInfo_11wnWarioBike_1_16wnInstanceHolder_14soI_____setAutoRecycle
0000A9F0 ftFighterBuilder_18ftWarioBuildConfig___getCancelModule
0000A9FC ftFighterBuilder_18ftWarioBuildConfig___isEnableCancel
0000AA10 ftFighterBuilder_18ftWarioBuildConfig___getVirtualNodeMatrixPool
0000AA1C ftFighterBuilder_18ftWarioBuildConfig___getStatusGimmickUniqProcessPool
0000AA28 soArrayFixed_24soAnimCmdAddressPackConv___isEmpty
0000AA5C soArticle__checkActivate
0000AA6C soInstancePoolSub_73soInstancePoolInfo_13wnWarioGarlic_1_16wnInstanceHolder_14soIntToType_1___23s_____getInstanceAt
0000AA84 soInstancePoolSub_71soInstancePoolInfo_11wnWarioBike_1_16wnInstanceHolder_14soIntToType_0___23soK_____getInstanceAt
0000AA9C ftKineticEnergyMotion____dt
0000AAFC soKineticEnergyNormal____dt
0000AB58 soKineticEnergyHolder_21ftKineticEnergyMotion_18soTypeListNullType_28soKineticEnergyInitInfo_0_1______dt
0000ABB8 soInstancePoolSub_100soInstancePoolInfo_21ftKineticEnergyMotion_1_21soKineticEnergyHolder_28soKin_______dt
0000AC18 soInstancePool_100soInstancePoolInfo_21ftKineticEnergyMotion_1_21soKineticEnergyHolder_28soKineti_______dt
0000AC78 soLineInvertHierarchy_136soTypeList_100soInstancePoolInfo_21ftKineticEnergyMotion_1_21soKineticEn_______dt
0000ACDC ftKineticEnergyGravity____dt
0000AD38 soKineticEnergyHolder_22ftKineticEnergyGravity_18soTypeListNullType_28soKineticEnergyInitInfo_1_1______dt
0000AD98 soInstancePoolSub_101soInstancePoolInfo_22ftKineticEnergyGravity_1_21soKineticEnergyHolder_28soKi_______dt
0000ADF8 soInstancePool_101soInstancePoolInfo_22ftKineticEnergyGravity_1_21soKineticEnergyHolder_28soKinet_______dt
0000AE68 ftKineticEnergyController____dt
0000AEC8 soKineticEnergyHolder_25ftKineticEnergyController_18soTypeListNullType_28soKineticEnergyInitInfo________dt
0000AF28 soInstancePoolSub_104soInstancePoolInfo_25ftKineticEnergyController_1_21soKineticEnergyHolder_28s_______dt
0000AF88 soInstancePool_104soInstancePoolInfo_25ftKineticEnergyController_1_21soKineticEnergyHolder_28soKi_______dt
0000B000 ftKineticEnergyStop____dt
0000B060 soKineticEnergyHolder_19ftKineticEnergyStop_18soTypeListNullType_28soKineticEnergyInitInfo_3_1______dt
0000B0C0 soInstancePoolSub_98soInstancePoolInfo_19ftKineticEnergyStop_1_21soKineticEnergyHolder_28soKineti_______dt
0000B120 soInstancePool_98soInstancePoolInfo_19ftKineticEnergyStop_1_21soKineticEnergyHolder_28soKineticEn_______dt
0000B198 ftKineticEnergyDamage____dt
0000B1F4 soKineticEnergyHolder_21ftKineticEnergyDamage_18soTypeListNullType_28soKineticEnergyInitInfo_4_2______dt
0000B254 soInstancePoolSub_100soInstancePoolInfo_21ftKineticEnergyDamage_1_21soKineticEnergyHolder_28soKin_______dt
0000B2B4 soInstancePool_100soInstancePoolInfo_21ftKineticEnergyDamage_1_21soKineticEnergyHolder_28soKineti_______dt
0000B32C soKineticEnergyWindNormal____dt
0000B38C soKineticEnergyHolder_25soKineticEnergyWindNormal_18soTypeListNullType_28soKineticEnergyInitInfo________dt
0000B3EC soInstancePoolSub_104soInstancePoolInfo_25soKineticEnergyWindNormal_1_21soKineticEnergyHolder_28s_______dt
0000B44C soInstancePool_104soInstancePoolInfo_25soKineticEnergyWindNormal_1_21soKineticEnergyHolder_28soKi_______dt
0000B4C4 soKineticEnergyGroundMovement____dt
0000B520 soKineticEnergyHolder_29soKineticEnergyGroundMovement_18soTypeListNullType_28soKineticEnergyInitI_______dt
0000B580 soInstancePoolSub_108soInstancePoolInfo_29soKineticEnergyGroundMovement_1_21soKineticEnergyHolder_______dt
0000B5E0 soInstancePool_108soInstancePoolInfo_29soKineticEnergyGroundMovement_1_21soKineticEnergyHolder_28_______dt
0000B658 soKineticEnergyJostle____dt
0000B6B4 soKineticEnergyHolder_21soKineticEnergyJostle_18soTypeListNullType_28soKineticEnergyInitInfo_7_4______dt
0000B714 soInstancePoolSub_100soInstancePoolInfo_21soKineticEnergyJostle_1_21soKineticEnergyHolder_28soKin_______dt
0000B774 soInstancePool_100soInstancePoolInfo_21soKineticEnergyJostle_1_21soKineticEnergyHolder_28soKineti_______dt
0000B7EC soLineInvertHierarchy_983soTypeList_100soInstancePoolInfo_21ftKineticEnergyMotion_1_21soKineticEn_______dt
0000B848 soKineticEnergyNormal__clearRotSpeed
0000B84C soKineticEnergyNormal__clearSpeed
0000B884 Vec2f____as
0000B898 soKineticEnergyNormal__init
0000B930 soKineticEnergyNormal__offConsiderGroundFriction
0000B93C soKineticEnergyNormal__onConsiderGroundFriction
0000B948 soKineticEnergyNormal__getRotation
0000B960 soKineticEnergyNormal__getSpeed
0000B970 soKineticMediatorImpl_983soTypeList_100soInstancePoolInfo_21ftKineticEnergyMotion_1_21soKineticEn_____changeKinetic
0000BACC soKineticMediatorImpl_983soTypeList_100soInstancePoolInfo_21ftKineticEnergyMotion_1_21soKineticEn_____updateEnergy
0000BD60 soKineticMediatorImpl_983soTypeList_100soInstancePoolInfo_21ftKineticEnergyMotion_1_21soKineticEn_____updateEnergy1
0000BE88 soKineticMediatorImpl_983soTypeList_100soInstancePoolInfo_21ftKineticEnergyMotion_1_21soKineticEn_____updateEnergy2
0000BF58 soKineticMediatorImpl_983soTypeList_100soInstancePoolInfo_21ftKineticEnergyMotion_1_21soKineticEn_____postUpdateEnergy
0000BF5C soKineticMediatorImpl_983soTypeList_100soInstancePoolInfo_21ftKineticEnergyMotion_1_21soKineticEn_____addSpeed
0000BF6C soKineticMediatorImpl_983soTypeList_100soInstancePoolInfo_21ftKineticEnergyMotion_1_21soKineticEn_____addSpeedOutside
0000BF80 soKineticMediatorImpl_983soTypeList_100soInstancePoolInfo_21ftKineticEnergyMotion_1_21soKineticEn_____notifyEventChangeStatus
0000BF94 soKineticMediatorImpl_983soTypeList_100soInstancePoolInfo_21ftKineticEnergyMotion_1_21soKineticEn_____getMediateNum
0000BF9C soKineticUpdateEnergyHolderHelper_19ftKineticTransactor_____ct
0000BFA8 ftKineticTransactor__updateEnergy_21ftKineticEnergyMotion_
0000BFE0 soInstancePoolSub_100soInstancePoolInfo_21ftKineticEnergyMotion_1_21soKineticEnergyHolder_28soKin_____getInstanceAt
0000BFF8 soInstancePoolSub_100soInstancePoolInfo_21ftKineticEnergyMotion_1_21soKineticEnergyHolder_28soKin_____forEachHolderModuleAccesser_56soKineticUpdateEnergyHolderHelper_19ftKineticTransactor__
0000C088 soInstancePoolSubNull_21ftKineticEnergyMotion___forEachHolderModuleAccesser_56soKineticUpdateEnergyHolderHelper_19ftKineticTransactor__
0000C090 ftKineticTransactor__updateEnergy_22ftKineticEnergyGravity_
0000C0C8 soInstancePoolSub_101soInstancePoolInfo_22ftKineticEnergyGravity_1_21soKineticEnergyHolder_28soKi_____getInstanceAt
0000C0E0 soInstancePoolSub_101soInstancePoolInfo_22ftKineticEnergyGravity_1_21soKineticEnergyHolder_28soKi_____forEachHolderModuleAccesser_56soKineticUpdateEnergyHolderHelper_19ftKineticTransactor__
0000C170 soInstancePoolSubNull_22ftKineticEnergyGravity___forEachHolderModuleAccesser_56soKineticUpdateEnergyHolderHelper_19ftKineticTransactor__
0000C178 ftKineticTransactor__updateEnergy_25ftKineticEnergyController_
0000C1B0 soInstancePoolSub_104soInstancePoolInfo_25ftKineticEnergyController_1_21soKineticEnergyHolder_28s_____getInstanceAt
0000C1C8 soInstancePoolSub_104soInstancePoolInfo_25ftKineticEnergyController_1_21soKineticEnergyHolder_28s_____forEachHolderModuleAccesser_56soKineticUpdateEnergyHolderHelper_19ftKineticTransactor__
0000C258 soInstancePoolSubNull_25ftKineticEnergyController___forEachHolderModuleAccesser_56soKineticUpdateEnergyHolderHelper_19ftKineticTransactor__
0000C260 ftKineticTransactor__updateEnergy_19ftKineticEnergyStop_
0000C298 soInstancePoolSub_98soInstancePoolInfo_19ftKineticEnergyStop_1_21soKineticEnergyHolder_28soKineti_____getInstanceAt
0000C2B0 soInstancePoolSub_98soInstancePoolInfo_19ftKineticEnergyStop_1_21soKineticEnergyHolder_28soKineti_____forEachHolderModuleAccesser_56soKineticUpdateEnergyHolderHelper_19ftKineticTransactor__
0000C340 soInstancePoolSubNull_19ftKineticEnergyStop___forEachHolderModuleAccesser_56soKineticUpdateEnergyHolderHelper_19ftKineticTransactor__
0000C348 ftKineticTransactor__updateEnergy_21ftKineticEnergyDamage_
0000C380 soInstancePoolSub_100soInstancePoolInfo_21ftKineticEnergyDamage_1_21soKineticEnergyHolder_28soKin_____getInstanceAt
0000C398 soInstancePoolSub_100soInstancePoolInfo_21ftKineticEnergyDamage_1_21soKineticEnergyHolder_28soKin_____forEachHolderModuleAccesser_56soKineticUpdateEnergyHolderHelper_19ftKineticTransactor__
0000C428 soInstancePoolSubNull_21ftKineticEnergyDamage___forEachHolderModuleAccesser_56soKineticUpdateEnergyHolderHelper_19ftKineticTransactor__
0000C430 ftKineticTransactor__updateEnergy_25soKineticEnergyWindNormal_
0000C468 soInstancePoolSub_104soInstancePoolInfo_25soKineticEnergyWindNormal_1_21soKineticEnergyHolder_28s_____getInstanceAt
0000C480 soInstancePoolSub_104soInstancePoolInfo_25soKineticEnergyWindNormal_1_21soKineticEnergyHolder_28s_____forEachHolderModuleAccesser_56soKineticUpdateEnergyHolderHelper_19ftKineticTransactor__
0000C510 soInstancePoolSubNull_25soKineticEnergyWindNormal___forEachHolderModuleAccesser_56soKineticUpdateEnergyHolderHelper_19ftKineticTransactor__
0000C518 ftKineticTransactor__updateEnergy_29soKineticEnergyGroundMovement_
0000C550 soInstancePoolSub_108soInstancePoolInfo_29soKineticEnergyGroundMovement_1_21soKineticEnergyHolder_____getInstanceAt
0000C568 soInstancePoolSub_108soInstancePoolInfo_29soKineticEnergyGroundMovement_1_21soKineticEnergyHolder_____forEachHolderModuleAccesser_56soKineticUpdateEnergyHolderHelper_19ftKineticTransactor__
0000C5F8 soInstancePoolSubNull_29soKineticEnergyGroundMovement___forEachHolderModuleAccesser_56soKineticUpdateEnergyHolderHelper_19ftKineticTransactor__
0000C600 ftKineticTransactor__updateEnergy_21soKineticEnergyJostle_
0000C638 soInstancePoolSub_100soInstancePoolInfo_21soKineticEnergyJostle_1_21soKineticEnergyHolder_28soKin_____getInstanceAt
0000C650 soInstancePoolSub_100soInstancePoolInfo_21soKineticEnergyJostle_1_21soKineticEnergyHolder_28soKin_____forEachHolderModuleAccesser_56soKineticUpdateEnergyHolderHelper_19ftKineticTransactor__
0000C6E0 soInstancePoolSubNull_21soKineticEnergyJostle___forEachHolderModuleAccesser_56soKineticUpdateEnergyHolderHelper_19ftKineticTransactor__
0000C6E8 soKineticUpdateEnergyHolderHelper_19ftKineticTransactor_____ct1
0000C6F4 ftwariocpp____sinit_
0000C778 ftWarioExtendParamAccesser____ct
0000C7C0 itGenSheetKind____ct
0000C7CC ftClassInfoImpl_21_7ftWario_____ct
0000C824 ftClassInfoImpl_21_7ftWario_____dt
0000C8A8 ftClassInfoImpl_21_7ftWario___create
0000C910 soArticleMediator___4_
0000C918 soArticleMediatorImpl_197soTypeList_71soInstancePoolInfo_11wnWarioBike_1_16wnInstanceHolder_14soI______4_shoot
0000C920 soArticleMediatorImpl_197soTypeList_71soInstancePoolInfo_11wnWarioBike_1_16wnInstanceHolder_14soI______4_
0000C928 ftFighterBuilder_18ftWarioBuildConfig____64_
0000C930 Fighter___72_notifyEventAnimCmd
0000C938 Fighter___84_notifyEventLink
0000C940 Fighter___100_notifyEventChangeStatus
0000C948 Fighter___184_notifyEventCollisionSearch
0000C950 ftWario___64_
0000C958 ftWario___72_notifyEventAnimCmd
0000C960 Fighter___72_isObserv
0000C968 ftWario___84_notifyEventLink
0000C970 ftWario___100_notifyEventChangeStatus
0000C978 Fighter___112_notifyEventChangeSituation
0000C980 Fighter___124_notifyEventCollisionAttackCheck
0000C988 Fighter___124_notifyEventCollisionAttack
0000C990 Fighter___136_notifyEventChangeCollisionHit
0000C998 Fighter___148_notifyEventCollisionShieldCheck
0000C9A0 Fighter___148_notifyEventCollisionShieldSearch
0000C9A8 Fighter___148_notifyEventCollisionShield
0000C9B0 Fighter___160_notifyEventCollisionReflectorCheck
0000C9B8 Fighter___160_notifyEventCollisionReflectorSearch
0000C9C0 Fighter___160_notifyEventCollisionReflector
0000C9C8 Fighter___172_notifyEventCollisionAbsorberCheck
0000C9D0 Fighter___172_notifyEventCollisionAbsorber
0000C9D8 Fighter___184_notifyEventCollisionSearchCheck
0000C9E0 ftWario___184_notifyEventCollisionSearch
0000C9E8 Fighter___196_notifyEventCaptureStatus
0000C9F0 Fighter___208_notifyVisibilityItem
0000C9F8 Fighter___208_notifyEjectAttachItem
0000CA00 Fighter___208_notifyEjectItem
0000CA08 Fighter___208_notifyShootBulletItem
0000CA10 Fighter___208_notifyDropItem
0000CA18 Fighter___208_notifyThrowItem
0000CA20 Fighter___208_notifyUseItem
0000CA28 Fighter___208_notifyAttachItem
0000CA30 Fighter___208_notifyHaveItem
0000CA38 Fighter___208_notifyHaveItemPreCheck
0000CA40 Fighter___232_notifyEventAddDamage
0000CA48 Fighter___232_notifyEventOnDamage
0000CA50 Fighter___244_notifyEventPikminFinalAttack
0000CA58 Fighter___244_notifyEventChangeAdvUnit
0000CA60 Fighter___244_notifyEventBeat
0000CA68 Fighter___244_notifyEventSetDamage
0000CA70 Fighter___256_notifyEventTurn
0000CA78 ftWarioKineticTransactor__changeKinetic
0000CB68 ftWarioKineticTransactor__changeKineticSub
0000CCBC Vec3f____ct
0000CCCC ftWarioStatusUniqProcessSpecialS__initStatus
0000CFD0 soStatusUniqProcess__checkTransitionPrecede
0000CFD8 soStatusUniqProcess__leaveStop
0000CFDC soStatusUniqProcess__onChangeLr
0000CFE4 soStatusUniqProcess__checkAttack
0000CFE8 soStatusUniqProcess__checkDamage
0000CFF0 soStatusUniqProcess__execFixCamera
0000CFF4 soStatusUniqProcess__execFixPos
0000CFF8 soStatusUniqProcess__execFixPosCounter
0000CFFC soStatusUniqProcess__execMapCorrection
0000D000 soStatusUniqProcess__execStop
0000D004 soStatusUniqProcess__execStatus
0000D008 soStatusUniqProcess__exitStatus
0000D00C ftWarioStatusUniqProcessSpecialS____dt
0000D04C soStatusUniqProcess__initStatus
0000D050 ftwariostatusuniqprocessspecialscpp____sinit_
0000D098 ftWarioStatusUniqProcessSpecialS____ct
0000D0A8 ftWarioStatusUniqProcessSpecialSCommon__initStatus
0000D180 ftWarioStatusUniqProcessSpecialSCommon__execFixPos
0000D2C8 ftWarioStatusUniqProcessSpecialSCommon__exitStatus
0000D57C ftWarioStatusUniqProcessSpecialSCommon__checkDamage
0000D6BC ftWarioStatusUniqProcessSpecialSCommon____dt
0000D6FC ftwariostatusuniqprocessspecialscommoncpp____sinit_
0000D744 ftWarioStatusUniqProcessSpecialSCommon____ct
0000D754 ftWarioStatusUniqProcessSpecialSStart__execFixPos
0000D758 ftWarioStatusUniqProcessSpecialSStart__exitStatus
0000D898 ftWarioStatusUniqProcessSpecialSStart____dt
0000D8D8 ftwariostatusuniqprocessspecialsstartcpp____sinit_
0000D920 ftWarioStatusUniqProcessSpecialSStart____ct
0000D930 ftWarioStatusUniqProcessSpecialSDrive__initStatus
0000D9F4 ftWarioStatusUniqProcessSpecialSDrive__execStatus
0000DAB4 ftWarioStatusUniqProcessSpecialSDrive____dt
0000DAF4 ftwariostatusuniqprocessspecialsdrivecpp____sinit_
0000DB3C ftWarioStatusUniqProcessSpecialSDrive____ct
0000DB4C ftWarioStatusUniqProcessSpecialSWheelie__initStatus
0000DB50 ftWarioStatusUniqProcessSpecialSWheelie__execStatus
0000DC10 ftWarioStatusUniqProcessSpecialSWheelie__execFixPos
0000DC14 ftWarioStatusUniqProcessSpecialSWheelie__exitStatus
0000DC18 ftWarioStatusUniqProcessSpecialSWheelie__checkDamage
0000DC1C ftWarioStatusUniqProcessSpecialSWheelie____dt
0000DC5C ftwariostatusuniqprocessspecialswheeliecpp____sinit_
0000DCA4 ftWarioStatusUniqProcessSpecialSWheelie____ct
0000DCB4 ftWarioStatusUniqProcessSpecialSEscape__execFixPosCounter
0000E080 ftWarioStatusUniqProcessSpecialSEscape____dt
0000E0C0 ftwariostatusuniqprocessspecialsescapecpp____sinit_
0000E108 ftWarioStatusUniqProcessSpecialSEscape____ct
0000E118 ftWarioStatusUniqProcessSpecialSDown__initStatus
0000E274 ftWarioStatusUniqProcessSpecialSDown____dt
0000E2B4 ftwariostatusuniqprocessspecialsdowncpp____sinit_
0000E2FC ftWarioStatusUniqProcessSpecialSDown____ct
0000E30C ftWarioStatusUniqProcessSpecialHiStart__initStatus
0000E524 ftWarioStatusUniqProcessSpecialHiStart__exitStatus
0000E6C4 ftWarioStatusUniqProcessSpecialHiStart____dt
0000E704 ftwariostatusuniqprocessspecialhistartcpp____sinit_
0000E74C ftWarioStatusUniqProcessSpecialHiStart____ct
0000E75C ftWarioStatusUniqProcessSpecialHiJump__initStatus
0000E950 ftWarioStatusUniqProcessSpecialHiJump__exitStatus
0000EAE0 ftWarioStatusUniqProcessSpecialHiJump____dt
0000EB20 ftwariostatusuniqprocessspecialhijumpcpp____sinit_
0000EB68 ftWarioStatusUniqProcessSpecialHiJump____ct
0000EB78 ftWarioStatusUniqProcessSpecialLw__initStatus
0000EDB4 ftWarioStatusUniqProcessSpecialLw__execStatus
0000F03C ftWarioStatusUniqProcessSpecialLw__exitStatus
0000F108 ftWarioStatusUniqProcessSpecialLw____dt
0000F148 ftwariostatusuniqprocessspeciallwcpp____sinit_
0000F190 ftWarioStatusUniqProcessSpecialLw____ct
0000F1A0 wnWarioBike____ct
0000F41C soOwnerInfo__getOwnerHeapModule
0000F424 wnModuleAccesserBuildData____dt
0000F464 wnWeaponBuilder_36wnWarioBikeModuleAccesserBuildConfig_____dt
0000F4D4 wnModuleAccesserBuilder_36wnWarioBikeModuleAccesserBuildConfig_____dt
0000F544 wnAnimCmdModuleSubBuilder_83wnAnimCmdModuleSubBuildConfigDefault_1_19_0_0_1_22_0_0_1_22_0_0_1_22________dt
0000F5D4 soAnimCmdControlUnitBuilder_49soAnimCmdControlUnitBuildConfig_3_2_22_0_0_1_0_8______dt
0000F660 soAnimCmdControlUnitBuilder_49soAnimCmdControlUnitBuildConfig_2_2_22_0_0_1_0_8______dt
0000F6EC soAnimCmdControlUnitBuilder_49soAnimCmdControlUnitBuildConfig_1_2_22_0_0_1_0_8______dt
0000F778 soAnimCmdControlUnitBuilder_49soAnimCmdControlUnitBuildConfig_0_1_19_0_0_0_0_8______dt
0000F804 soModuleAccesserBuilder_36wnWarioBikeModuleAccesserBuildConfig_____dt
0000F9D8 soGeneralWorkBuilder_31soGeneralWorkBuildConfig_8_2_1______dt
0000FA38 soKineticModuleBuilder_602soKineticModuleBuildConfig_26soKineticModuleGenericImpl_539soKineticMed_______dt
0000FAB0 soStatusModuleBuilder_209soStatusModuleBuildConfig_19_32soGeneralWorkBuildConfig_8_10_1__19_107so_______dt
0000FB4C soArraySelectHolder_1_40soArrayVector_P19soStatusUniqProcess_19__56soSingletonHolder_35soArrayNul_______dt
0000FBA8 soGeneralWorkBuilder_32soGeneralWorkBuildConfig_8_10_1______dt
0000FC08 soControllerModuleBuilder_62soControllerModuleBuildConfig_25soControllerModuleLinkRef_0_0______dt
0000FC68 soControllerModuleLinkRef____dt
0000FCC4 soLinkModuleBuilder_45soLinkModuleBuildConfig_6_16soLinkModuleImpl______dt
0000FD30 soDamageModuleBuilder_107soDamageModuleBuildConfig_19soDamageModuleActor_1_31wnWarioBikeDamageTra_______dt
0000FDA4 soCollisionHitModuleBuilder_72soCollisionHitModuleBuildConfig_0_4_1_24soCollisionHitModuleImpl_10_______dt
0000FE28 soCollisionAttackModuleBuilder_77soCollisionAttackModuleBuildConfig_0_4_1_27soCollisionAttackModu_______dt
0000FEAC soTeamImpl____dt
0000FF08 soMotionModuleBuilder_215soMotionModuleBuildConfig_22_18soMotionModuleImpl_0_0_107soTransitionMod_______dt
0000FF80 soResourceIdAccesserImpl____dt
0000FFDC soParamCustomizeModuleImpl____dt
00010038 soParamCustomizeModule____dt
00010078 wnWarioBikeParamAccesser____ct
00010220 wnWarioBikeParamAccesser____dt
00010280 wnWarioBikeStatusUniqProcessStart__getInstance
0001028C wnWarioBikeStatusUniqProcessDrive__getInstance
00010298 wnWarioBikeStatusUniqProcessWheelie__getInstance
000102A4 wnWarioBikeStatusUniqProcessBump__getInstance
000102B0 wnWarioBikeStatusUniqProcessTurnStart__getInstance
000102BC wnWarioBikeStatusUniqProcessTurnLoop__getInstance
000102C8 wnWarioBikeStatusUniqProcessTurnEnd__getInstance
000102D4 wnWarioBikeStatusUniqProcessTurnDown__getInstance
000102E0 wnWarioBikeStatusUniqProcessUtility__getInstance
000102EC wnWarioBikeStatusUniqProcessEscape__getInstance
000102F8 wnWarioBikeStatusUniqProcessDown__getInstance
00010304 wnWarioBikeStatusUniqProcessItem__getInstance
00010310 wnWarioBikeStatusUniqProcessAppeal__getInstance
0001031C soModuleAccesser__getStatusModule
00010328 StageObject__getModuleAccesser
00010330 soModuleAccesser__getCollisionHitModule
0001033C wnWeaponBuilder_36wnWarioBikeModuleAccesserBuildConfig_____ct
00011C2C soTeamImpl____ct
00011C84 wnWarioBike__activate
00011F24 wnWarioBike__processUpdate
00012000 wnWarioBike__notifyEventLink
000126CC wnWarioBike__notifyEventCollisionAttack
00012834 wnWarioBike__notifyEventCollisionAttackCheck
0001291C soKineticEnergy__offConsiderGroundFriction
00012920 soKineticEnergy__onConsiderGroundFriction
00012924 Weapon__getArticleId
0001292C Weapon__getTaskId
00012934 Weapon__isActiveArticle
00012944 Weapon__isSyncOwnerStatus
00012958 Weapon__setSyncOwnerStatus
00012968 Weapon__isObserv
00012984 StageObject__isTreadPassive
0001298C StageObject__checkTransitionStatus
00012994 StageObject__getInput
00012A18 Input____dt
00012A58 IpNull____dt
00012A98 soCollisionHitEventObserver__notifyEventChangeCollisionHit
00012A9C soArticle__intrudeLogAttackInfo
00012AA0 soArticle__action
00012AA4 Weapon__onDeactivate
00012AA8 Weapon__soGetSubKind
00012AB0 Weapon__soGetKind
00012AB8 soParamCustomizeModuleImpl__getAttackPowerMulArticle
00012AC4 soParamCustomizeModuleImpl__getParamIndefinite
00012ACC soParamCustomizeModuleImpl__getParamFloat
00012AD8 soParamCustomizeModuleImpl__getParamInt
00012AE0 soParamCustomizeModuleImpl__getWalkSpeedMul
00012AEC soParamCustomizeModuleImpl__getAttackReactionMul
00012AF8 soParamCustomizeModuleImpl__isCustomize
00012B00 soParamCustomizeModuleImpl__removeCustomize
00012B04 soParamCustomizeModuleImpl__addCustomize
00012B08 soParamCustomizeModuleImpl__setDefault
00012B0C soParamCustomizeModuleImpl__activate
00012B20 soParamCustomizeModuleImpl__getAttackPowerMulScale
00012B28 soParamCustomizeModuleImpl__setAttackPowerMulScale
00012B30 soParamCustomizeModuleImpl__getAttackPowerMulPattern
00012B38 soParamCustomizeModuleImpl__setAttackPowerMulPattern
00012B40 soParamCustomizeModuleImpl__getAttackPowerMul
00012B50 soArticleMediatorNull____dt
00012BAC soArticleMediatorNull__shoot
00012BB4 soArticleMediatorNull__setAutoRecycle
00012BB8 soArticleMediatorNull__getMediateNum
00012BC0 soArticleMediatorNull__getGenerateMaxNum
00012BC8 soArticleMediatorNull__getActiveNum
00012BD0 soArticleMediatorNull__isGeneratable
00012BD8 soArticleMediatorNull__deactivate
00012BDC soArticleMediatorNull__generate
00012BE8 soTeamImpl__reset
00012BEC soTeamImpl__set2nd
00012BF4 soTeamImpl__get2nd
00012BFC soTeamImpl__setIndirectNo
00012C00 soTeamImpl__getIndirectNo
00012C08 soTeamImpl__setNo
00012C10 soTeamImpl__getNo
00012C18 soResourceIdAccesserImpl__getBinArchiveId
00012C28 soResourceIdAccesserImpl__getArchiveId
00012C30 soResourceIdAccesserImpl__getEtcArchiveId
00012C40 soResourceIdAccesserImpl__getAnmArchiveId
00012C50 soResourceIdAccesserImpl__getTexArchiveId
00012C60 soResourceIdAccesserImpl__getMdlArchiveId
00012C70 soResourceIdAccesserImpl__getEtcResId
00012C78 soResourceIdAccesserImpl__getBinResId
00012C80 soResourceIdAccesserImpl__getAnmResId
00012C88 soResourceIdAccesserImpl__getMdlResIndex
00012C90 soResourceIdAccesserImpl__getMdlResId
00012C98 soResourceIdAccesserImpl__getTexResIndex
00012CA0 soResourceIdAccesserImpl__getTexResId
00012CA8 soResourceIdAccesserImpl__setTexResIndex
00012CB0 soResourceIdAccesserImpl__setMdlResIndex
00012CB8 soResourceIdAccesserImpl__setTexResId
00012CC0 soResourceIdAccesserImpl__setMdlResId
00012CC8 soResourceIdAccesserImpl__setAnmResId
00012CD0 soResourceIdAccesserImpl__setResIdPacked
00012CE0 Input__getContNo
00012CE8 IpNull__removeRumbleMask
00012CEC IpNull__removeRumbleId
00012CF0 IpNull__removeRumble
00012CF4 IpNull__stopRumble
00012CF8 IpNull__setRumble
00012CFC IpNull__getTrigger
00012D18 IpNull__getButton
00012D20 IpNull__getStickSub
00012D44 IpNull__getStickMain
00012D68 IpNull__update
00012D6C soKineticMediatorImpl_375soTypeList_100soInstancePoolInfo_21soKineticEnergyNormal_1_21soKineticEn_______dt
00012DCC wnExtendParamAccesser_3999_34_23999_5_0_0___getParamFloat
00012DEC wnExtendParamAccesser_3999_34_23999_5_0_0___getParamInt
00012E0C wnExtendParamAccesser_3999_34_23999_5_0_0___getParamIndefinite
00012E24 wnWeaponBuilder_36wnWarioBikeModuleAccesserBuildConfig___deactivateDescendantForce
00012ED0 soKineticEnergyNormal____ct
00012F94 soKineticEnergy____ct
00012FF4 soKineticEnergyHolder_21soKineticEnergyNormal_18soTypeListNullType_28soKineticEnergyInitInfo_0_1______dt
00013054 soInstancePoolSub_100soInstancePoolInfo_21soKineticEnergyNormal_1_21soKineticEnergyHolder_28soKin_______dt
000130B4 soInstancePool_100soInstancePoolInfo_21soKineticEnergyNormal_1_21soKineticEnergyHolder_28soKineti_______dt
00013114 soLineInvertHierarchy_136soTypeList_100soInstancePoolInfo_21soKineticEnergyNormal_1_21soKineticEn_______dt
00013178 wnKineticEnergyGravity____dt
000131D4 soKineticEnergyHolder_22wnKineticEnergyGravity_18soTypeListNullType_28soKineticEnergyInitInfo_1_1______dt
00013234 soInstancePoolSub_101soInstancePoolInfo_22wnKineticEnergyGravity_1_21soKineticEnergyHolder_28soKi_______dt
00013294 soInstancePool_101soInstancePoolInfo_22wnKineticEnergyGravity_1_21soKineticEnergyHolder_28soKinet_______dt
00013304 soKineticEnergyHolder_21soKineticEnergyNormal_18soTypeListNullType_28soKineticEnergyInitInfo_2_1______dt
00013364 soInstancePoolSub_100soInstancePoolInfo_21soKineticEnergyNormal_1_21soKineticEnergyHolder_28soKin_______dt1
000133C4 soInstancePool_100soInstancePoolInfo_21soKineticEnergyNormal_1_21soKineticEnergyHolder_28soKineti_______dt1
0001343C soLineInvertHierarchy_375soTypeList_100soInstancePoolInfo_21soKineticEnergyNormal_1_21soKineticEn_______dt
00013498 soKineticMediatorImpl_375soTypeList_100soInstancePoolInfo_21soKineticEnergyNormal_1_21soKineticEn_____changeKinetic
00013540 soKineticMediatorImpl_375soTypeList_100soInstancePoolInfo_21soKineticEnergyNormal_1_21soKineticEn_____updateEnergy
00013648 soKineticMediatorImpl_375soTypeList_100soInstancePoolInfo_21soKineticEnergyNormal_1_21soKineticEn_____updateEnergy1
000136E4 soKineticMediatorImpl_375soTypeList_100soInstancePoolInfo_21soKineticEnergyNormal_1_21soKineticEn_____updateEnergy2
000137B4 soKineticMediatorImpl_375soTypeList_100soInstancePoolInfo_21soKineticEnergyNormal_1_21soKineticEn_____postUpdateEnergy
000137B8 soKineticMediatorImpl_375soTypeList_100soInstancePoolInfo_21soKineticEnergyNormal_1_21soKineticEn_____addSpeed
000137C8 soKineticMediatorImpl_375soTypeList_100soInstancePoolInfo_21soKineticEnergyNormal_1_21soKineticEn_____addSpeedOutside
000137DC soKineticMediatorImpl_375soTypeList_100soInstancePoolInfo_21soKineticEnergyNormal_1_21soKineticEn_____notifyEventChangeStatus
000137E0 soKineticMediatorImpl_375soTypeList_100soInstancePoolInfo_21soKineticEnergyNormal_1_21soKineticEn_____getMediateNum
000137E8 soKineticUpdateEnergyHolderHelper_28wnWarioBikeKineticTransactor_____ct
000137F4 soKineticUpdateEnergyHelper_28wnWarioBikeKineticTransactor_____cl_21soKineticEnergyNormal_
00013844 soInstancePoolSub_100soInstancePoolInfo_21soKineticEnergyNormal_1_21soKineticEnergyHolder_28soKin_____getInstanceAt
0001385C soInstancePoolSub_100soInstancePoolInfo_21soKineticEnergyNormal_1_21soKineticEnergyHolder_28soKin_____forEachHolderModuleAccesser_65soKineticUpdateEnergyHolderHelper_28wnWarioBikeKineticTransactor__
000138EC soInstancePoolSubNull_21soKineticEnergyNormal___forEachHolderModuleAccesser_65soKineticUpdateEnergyHolderHelper_28wnWarioBikeKineticTransactor__
000138F4 soInstancePoolSub_101soInstancePoolInfo_22wnKineticEnergyGravity_1_21soKineticEnergyHolder_28soKi_____getInstanceAt
0001390C soInstancePoolSub_101soInstancePoolInfo_22wnKineticEnergyGravity_1_21soKineticEnergyHolder_28soKi_____forEachHolderModuleAccesser_65soKineticUpdateEnergyHolderHelper_28wnWarioBikeKineticTransactor__
0001399C soInstancePoolSubNull_22wnKineticEnergyGravity___forEachHolderModuleAccesser_65soKineticUpdateEnergyHolderHelper_28wnWarioBikeKineticTransactor__
000139A4 soInstancePoolSub_100soInstancePoolInfo_21soKineticEnergyNormal_1_21soKineticEnergyHolder_28soKin_____getInstanceAt1
00013A4C soKineticUpdateEnergyHolderHelper_28wnWarioBikeKineticTransactor_____ct1
00013A58 wnwariobikecpp____sinit_
00013A9C soArticleMediatorNull___4_shoot
00013AA4 soArticleMediatorNull___4_
00013AAC wnWeaponBuilder_36wnWarioBikeModuleAccesserBuildConfig____64_
00013AB4 Weapon___84_notifyEventLink
00013ABC Weapon___112_notifyEventCollisionAttackCheck
00013AC4 Weapon___112_notifyEventCollisionAttack
00013ACC wnWeaponBuilder_36wnWarioBikeModuleAccesserBuildConfig____144_
00013AD4 wnWeaponBuilder_36wnWarioBikeModuleAccesserBuildConfig____136_
00013ADC wnWarioBike___64_
00013AE4 Weapon___72_notifyEventAnimCmd
00013AEC Weapon___72_isObserv
00013AF4 wnWarioBike___84_notifyEventLink
00013AFC Weapon___100_notifyEventChangeStatus
00013B04 wnWarioBike___112_notifyEventCollisionAttackCheck
00013B0C wnWarioBike___112_notifyEventCollisionAttack
00013B14 Weapon___124_notifyEventCollisionHit2nd
00013B1C Weapon___124_notifyEventCollisionHit
00013B24 wnWarioBike___144_
00013B2C Weapon___136_setAttackPowerMulPattern
00013B34 Weapon___136_getActiveGlobalFrame
00013B3C Weapon___136_updateLogAttackInfo
00013B44 Weapon___136_getLogAttackInfo
00013B4C Weapon___136_setLogAttackInfo
00013B54 Weapon___136_setSyncOwnerStatus
00013B5C Weapon___136_isSyncOwnerStatus
00013B64 Weapon___136_unlinkOwner
00013B6C Weapon___136_linkOwner
00013B74 Weapon___136_have
00013B7C Weapon___136_getFounderTaskId
00013B84 Weapon___136_getOwnerDeactiveTreatType
00013B8C Weapon___136_deactivateArticle
00013B94 Weapon___136_isActiveArticle
00013B9C wnWeaponBuilder_36wnWarioBikeModuleAccesserBuildConfig____136_deactivateDescendantForce
00013BA4 Weapon___136_isConstraint
00013BAC Weapon___136_setSituationKind
00013BB4 Weapon___136_set2nd
00013BBC Weapon___136_setVisibility
00013BC4 Weapon___136_setVisibilityWhole
00013BCC Weapon___136_changeStatus
00013BD4 Weapon___136_setRate
00013BDC Weapon___136_setFrame
00013BE4 Weapon___136_changeMotion
00013BEC Weapon___136_getTaskId
00013BF4 Weapon___136_getArticleEventManageId
00013BFC Weapon___136_getArticleId
00013C04 Weapon___136_remove
00013C0C wnWarioBike___136_
00013C14 wnWarioBikeKineticTransactor__changeKinetic
00013D14 wnWarioBikeKineticTransactor__changeKineticSub
00013E58 wnWarioBikeKineticTransactor__changeKineticSub1
00014078 wnWarioBikeKineticTransactor__changeKineticSub2
0001417C wnWarioBikeKineticTransactor__changeKineticSub3
000142C4 wnWarioBikeKineticTransactor__changeKineticSub4
00014408 wnWarioBikeKineticTransactor__changeKineticSub5
00014648 wnWarioBikeKineticTransactor__changeKineticSub6
000147DC wnWarioBikeKineticTransactor__changeKineticSub7
000149FC wnWarioBikeKineticTransactor__changeKineticSub8
00014C1C wnWarioBikeKineticTransactor__updateEnergy
00015290 Vec2f__length
00015304 Vec2f____ml
00015330 wnwariobikekinetictransactor__ABS_f_
00015338 wnWarioBikeKineticTransactor__updateEnergy1
00015368 wnWarioBikeDamageTransactorImpl__setupDamageStatusTurn
00015408 wnWarioBikeDamageTransactorImpl__setupDamageStatusNoReaction
00015488 soDamageTransactor__getWeightReactionMul
00015494 soDamageTransactor__preProcessCheckDamage
0001549C soDamageTransactorActor__checkNoReaction
000154A4 soDamageTransactorActor__isSpeedDamage
000154AC soDamageTransactorActor__isBuryStatus
000154B4 soDamageTransactorActor__isBindStatus
000154BC wnWarioBikeDamageTransactorImpl__getDamageForReaction
000154C0 wnWarioBikeDamageTransactorImpl__checkCheer
000154C4 wnWarioBikeDamageTransactorImpl__getDamageMul
000154D0 wnWarioBikeDamageTransactorImpl__getReactionMul
000154DC wnWarioBikeDamageTransactorImpl__getReactionSub
000154E8 wnWarioBikeDamageTransactorImpl__setupDamageFlyRollStatus
000154EC wnWarioBikeDamageTransactorImpl__setupSpeedDamage
000154F0 wnWarioBikeDamageTransactorImpl__setupDamageStatusNormal
000154F4 wnWarioBikeDamageTransactorImpl__onCompositionDamageSpeed
000154FC wnWarioBikeDamageTransactorImpl__onGroundDamageAfter
00015500 wnWarioBikeDamageTransactorImpl__isCheckGroundDamage
00015508 wnWarioBikeDamageTransactorImpl__setFlagDownDamage3
0001550C wnWarioBikeDamageTransactorImpl__onParalyzeDamage
00015510 wnWarioBikeDamageTransactorImpl__onFlowerDamage
00015514 wnWarioBikeDamageTransactorImpl__addSleepTime
00015518 wnWarioBikeDamageTransactorImpl__isParalyzeDamage
00015520 wnWarioBikeDamageTransactorImpl__isSleepStatus
00015528 wnWarioBikeDamageTransactorImpl__isSlip
00015530 wnWarioBikeDamageTransactorImpl__getHitStopMul
0001553C wnWarioBikeDamageTransactorImpl__getDamageHeight
00015544 wnWarioBikeDamageTransactorImpl__isApplyTurnDamage
0001554C wnWarioBikeDamageTransactorImpl__isUseTurn
00015554 wnWarioBikeDamageTransactorImpl__isUseTurnDamage
0001555C wnWarioBikeDamageTransactorImpl__getDamageStatusKind
00015564 wnWarioBikeDamageTransactorImpl__onDamageChangeStatusRequest
0001556C wnWarioBikeDamageTransactorImpl__getDamageValueParam
00015574 wnWarioBikeDamageTransactorImpl____dt
000155B4 wnwariobikedamagetransactorimplcpp____sinit_
000155FC wnWarioBikeDamageTransactorImpl____ct
0001560C wnWarioBikeStatusUniqProcessUtility__execStatus
000158FC wnWarioBikeStatusUniqProcessUtility__execMapCorrection
00016154 Vec3f____pl
00016178 wnwariobikestatusuniqprocessutility__atan2f
0001619C Vec3f____mi
000161C0 wnWarioBikeStatusUniqProcessUtility__execFixPosCounter
0001686C wnWarioBikeStatusUniqProcessUtility__exitStatus
0001691C wnWarioBikeStatusUniqProcessUtility____dt
0001695C wnwariobikestatusuniqprocessutilitycpp____sinit_
000169A4 wnWarioBikeStatusUniqProcessUtility____ct
000169B4 wnWarioBikeStatusUniqProcessStart__execFixPos
00016A94 wnWarioBikeStatusUniqProcessStart__exitStatus
00016E1C soKineticEnergyNormal__setSpeed
00016E30 wnWarioBikeStatusUniqProcessStart____dt
00016E70 wnwariobikestatusuniqprocessstartcpp____sinit_
00016EB8 wnWarioBikeStatusUniqProcessStart____ct
00016EC8 wnWarioBikeStatusUniqProcessDrive__initStatus
00017008 wnWarioBikeStatusUniqProcessDrive__execFixPosCounter
000171F0 wnWarioBikeStatusUniqProcessDrive__execFixPos
00017A38 wnWarioBikeStatusUniqProcessDrive____dt
00017A78 wnwariobikestatusuniqprocessdrivecpp____sinit_
00017AC0 wnWarioBikeStatusUniqProcessDrive____ct
00017AD0 wnWarioBikeStatusUniqProcessWheelie__initStatus
00017B68 wnWarioBikeStatusUniqProcessWheelie__execStatus
00017D18 wnWarioBikeStatusUniqProcessWheelie__execFixPos
00017FF4 wnWarioBikeStatusUniqProcessWheelie__execFixPosCounter
000181C8 wnWarioBikeStatusUniqProcessWheelie____dt
00018208 wnwariobikestatusuniqprocesswheeliecpp____sinit_
00018250 wnWarioBikeStatusUniqProcessWheelie____ct
00018260 wnWarioBikeStatusUniqProcessTurnStart__initStatus
000183A0 wnWarioBikeStatusUniqProcessTurnStart__execStatus
0001850C wnWarioBikeStatusUniqProcessTurnStart__execFixPos
00018600 wnWarioBikeStatusUniqProcessTurnStart__exitStatus
0001870C wnWarioBikeStatusUniqProcessTurnStart____dt
0001874C wnwariobikestatusuniqprocessturnstartcpp____sinit_
00018794 wnWarioBikeStatusUniqProcessTurnStart____ct
000187A4 wnWarioBikeStatusUniqProcessTurnLoop__initStatus
000187F0 wnWarioBikeStatusUniqProcessTurnLoop__execStatus
0001895C wnWarioBikeStatusUniqProcessTurnLoop__execFixPosCounter
00018A50 wnWarioBikeStatusUniqProcessTurnLoop__execFixPos
00018B44 wnWarioBikeStatusUniqProcessTurnLoop____dt
00018B84 wnwariobikestatusuniqprocessturnloopcpp____sinit_
00018BCC wnWarioBikeStatusUniqProcessTurnLoop____ct
00018BDC wnWarioBikeStatusUniqProcessTurnEnd__initStatus
00018C28 wnWarioBikeStatusUniqProcessTurnEnd__execStatus
00018CA0 wnWarioBikeStatusUniqProcessTurnEnd__execFixPos
00018D94 wnWarioBikeStatusUniqProcessTurnEnd__exitStatus
00018F5C wnWarioBikeStatusUniqProcessTurnEnd____dt
00018F9C wnwariobikestatusuniqprocessturnendcpp____sinit_
00018FE4 wnWarioBikeStatusUniqProcessTurnEnd____ct
00018FF4 wnWarioBikeStatusUniqProcessTurnDown__initStatus
00019040 wnWarioBikeStatusUniqProcessTurnDown__execStatus
000190B8 wnWarioBikeStatusUniqProcessTurnDown__execFixPos
000191AC wnWarioBikeStatusUniqProcessTurnDown____dt
000191EC wnwariobikestatusuniqprocessturndowncpp____sinit_
00019234 wnWarioBikeStatusUniqProcessTurnDown____ct
00019244 wnWarioBikeStatusUniqProcessEscape__execFixPos
00019504 wnWarioBikeStatusUniqProcessEscape____dt
00019544 wnwariobikestatusuniqprocessescapecpp____sinit_
0001958C wnWarioBikeStatusUniqProcessEscape____ct
0001959C wnWarioBikeStatusUniqProcessBump__initStatus
000195E8 wnWarioBikeStatusUniqProcessBump__execFixPos
000195EC wnWarioBikeStatusUniqProcessBump____dt
0001962C wnwariobikestatusuniqprocessbumpcpp____sinit_
00019674 wnWarioBikeStatusUniqProcessBump____ct
00019684 wnWarioBikeStatusUniqProcessDown__initStatus
00019710 wnWarioBikeStatusUniqProcessDown__execStatus
00019788 wnWarioBikeStatusUniqProcessDown__execFixPos
0001987C wnWarioBikeStatusUniqProcessDown____dt
000198BC wnwariobikestatusuniqprocessdowncpp____sinit_
00019904 wnWarioBikeStatusUniqProcessDown____ct
00019914 wnWarioBikeStatusUniqProcessAppeal__execFixPosCounter
00019AE8 wnWarioBikeStatusUniqProcessAppeal__execFixPos
0001A014 wnWarioBikeStatusUniqProcessAppeal____dt
0001A054 wnwariobikestatusuniqprocessappealcpp____sinit_
0001A09C wnWarioBikeStatusUniqProcessAppeal____ct
0001A0AC wnWarioBikeStatusUniqProcessItem__initStatus
0001A3FC wnWarioBikeStatusUniqProcessItem____dt
0001A43C wnwariobikestatusuniqprocessitemcpp____sinit_
0001A4A4 wnWarioBikeStatusUniqProcessItem____ct
0001A4B4 wnWarioGarlic____ct
0001BCB4 wnWeaponBuilder_38wnWarioGarlicModuleAccesserBuildConfig_____dt
0001BD3C soKineticEnergyRotNormal____dt
0001BD98 wnModuleAccesserBuilder_38wnWarioGarlicModuleAccesserBuildConfig_____dt
0001BE08 wnAnimCmdModuleSubBuilder_79wnAnimCmdModuleSubBuildConfigDefault_1_1_0_0_1_1_0_0_1_1_0_0_1_1_0_0________dt
0001BE98 soAnimCmdControlUnitBuilder_48soAnimCmdControlUnitBuildConfig_3_2_1_0_0_1_0_8______dt
0001BF24 soAnimCmdControlUnitBuilder_48soAnimCmdControlUnitBuildConfig_2_2_1_0_0_1_0_8______dt
0001BFB0 soAnimCmdControlUnitBuilder_48soAnimCmdControlUnitBuildConfig_1_2_1_0_0_1_0_8______dt
0001C03C soAnimCmdControlUnitBuilder_48soAnimCmdControlUnitBuildConfig_0_1_1_0_0_0_0_8______dt
0001C0C8 soModuleAccesserBuilder_38wnWarioGarlicModuleAccesserBuildConfig_____dt
0001C254 soGeneralWorkBuilder_31soGeneralWorkBuildConfig_7_6_1______dt
0001C2B4 soKineticModuleBuilder_75soKineticModuleBuildConfig_19wnKineticModuleImpl_21soKineticMediatorNull_______dt
0001C32C soKineticMediatorNull____dt
0001C36C soInstanceManagerFullPropertyVector_P15soKineticEnergy_8_____dt
0001C3CC wnKineticModuleImpl____dt
0001C440 soStatusModuleBuilder_204soStatusModuleBuildConfig_1_31soGeneralWorkBuildConfig_2_2_1__1_107soTra_______dt
0001C4DC soArraySelectHolder_1_39soArrayVector_P19soStatusUniqProcess_1__56soSingletonHolder_35soArrayNull_______dt
0001C538 soGeneralWorkBuilder_31soGeneralWorkBuildConfig_2_2_1______dt
0001C598 soVisibilityModuleBuilder_59soVisibilityModuleBuildConfig_24soVisibilityModuleSimple_1______dt
0001C5F4 soLinkModuleBuilder_45soLinkModuleBuildConfig_5_16soLinkModuleImpl______dt
0001C660 soCollisionAttackModuleBuilder_77soCollisionAttackModuleBuildConfig_0_1_0_27soCollisionAttackModu_______dt
0001C6E4 soMotionModuleBuilder_214soMotionModuleBuildConfig_1_18soMotionModuleImpl_0_0_107soTransitionModu_______dt
0001C75C wnWarioGarlicParamAccesser____dt
0001C7BC soCollisionAttackAbsolute____dt
0001C7FC wnWarioGarlic__activate
0001C8F0 soKineticMediatorNull__getMediateNum
0001C8F8 soKineticMediatorNull__notifyEventChangeStatus
0001C8FC soKineticMediatorNull__addSpeedOutside
0001C900 soKineticMediatorNull__addSpeed
0001C904 soKineticMediatorNull__postUpdateEnergy
0001C908 soKineticMediatorNull__updateEnergy
0001C90C soKineticMediatorNull__updateEnergy1
0001C910 soKineticMediatorNull__updateEnergy2
0001C914 soKineticMediatorNull__changeKinetic
0001C918 wnExtendParamAccesser_3999_1_23999_0_0_0___getParamFloat
0001C938 wnExtendParamAccesser_3999_1_23999_0_0_0___getParamInt
0001C958 wnExtendParamAccesser_3999_1_23999_0_0_0___getParamIndefinite
0001C970 wnWeaponBuilder_38wnWarioGarlicModuleAccesserBuildConfig___deactivateDescendantForce
0001CA1C wnWeaponBuilder_38wnWarioGarlicModuleAccesserBuildConfig____64_
0001CA24 wnWeaponBuilder_38wnWarioGarlicModuleAccesserBuildConfig____144_
0001CA2C wnWeaponBuilder_38wnWarioGarlicModuleAccesserBuildConfig____136_
0001CA34 wnWarioGarlic___64_
0001CA3C wnWarioGarlic___144_
0001CA44 wnWeaponBuilder_38wnWarioGarlicModuleAccesserBuildConfig____136_deactivateDescendantForce
0001CA4C wnWarioGarlic___136_
0001CA54 ftWarioMan____ct
0001E3A0 ftFighterBuilder_21ftWarioManBuildConfig_____dt
0001E440 ftModuleAccesserBuilder_21ftWarioManBuildConfig_____dt
0001E4C4 soModuleAccesserBuilder_21ftWarioManBuildConfig_____dt
0001E770 soGenerateArticleManageModuleBuilder_382soGenerateArticleManageModuleBuildConfig_297soArticleMedi_______dt
0001E7F4 soSelectInstanceHolder_1_297soArticleMediatorImpl_106soTypeList_71soInstancePoolInfo_11wnWarioBik_______dt
0001E850 soArticleMediatorImpl_106soTypeList_71soInstancePoolInfo_11wnWarioBike_1_16wnInstanceHolder_14soI_______dt
0001E8C0 soLineHierarchy_106soTypeList_71soInstancePoolInfo_11wnWarioBike_1_16wnInstanceHolder_14soIntToTy_______dt
0001E924 soInstancePool_71soInstancePoolInfo_11wnWarioBike_1_16wnInstanceHolder_14soIntToType_0___18soInst_______dt
0001E984 soInstancePoolSub_71soInstancePoolInfo_11wnWarioBike_1_16wnInstanceHolder_14soIntToType_0___23soK_______dt1
0001E9E4 wnInstanceHolder_11wnWarioBike_23soKindInfoGeneric_0_49__14soIntToType_0______dt
0001EA44 soKineticModuleBuilder_1201soKineticModuleBuildConfig_26soKineticModuleGenericImpl_1137soKineticM_______dt
0001EABC soKineticModuleBuilder_1201soKineticModuleBuildConfig_26soKineticModuleGenericImpl_1137soKineticM_______ct
0001EE8C soGenerateArticleManageModuleBuilder_382soGenerateArticleManageModuleBuildConfig_297soArticleMedi_______ct
0001EF9C ftWarioMan__getExtendParam
0001EFAC ftWarioMan__onActivate
0001EFD4 ftWarioMan__onDeactivate
0001EFF0 ftWarioMan__onStart
0001F0A8 ftWarioMan__toDead
0001F0FC ftWarioMan__onDeadEnd
0001F188 ftWarioMan__notifyEventLink
0001F240 ftWarioMan__notifyEventChangeStatus
0001F29C ftWarioMan__notifyEventOnDamage
0001F34C ftWarioMan__notifyEventAnimCmd
0001F424 ftWarioMan__notifyEventCollisionSearch
0001F4C4 ftWarioMan__change
0001F5BC ftWarioMan__setupChangeSucceedWork
0001F608 ftWarioMan__changeSucceedCore
0001F65C ftWarioMan__processUpdate
0001F6BC ftWarioMan__processUpdate_waftSkip
0001F800 ftWarioMan__processFixPosition
0001F910 ftWarioManExtendParamAccesser__setup
0001FA6C ftExtendParamAccesserEx_3999_29_23999_7___setup
0001FA70 ftWarioManExtendParamAccesser____dt
0001FAD0 ftExtendParamAccesserEx_3999_29_23999_7_____dt
0001FB2C ftWarioMan____dt
0001FBB0 ftWarioMan__isHeartSwapEnableCondition
0001FBB8 ftWarioMan__setMetal
0001FBC0 ftWarioMan__getChangeSucceedOption
0001FBC8 ftExtendParamAccesserEx_3999_29_23999_7___getParamFloat
0001FC20 ftExtendParamAccesserEx_3999_29_23999_7___getParamInt
0001FC7C soKineticMediatorImpl_983soTypeList_100soInstancePoolInfo_21ftKineticEnergyMotion_1_21soKineticEn_______dt1
0001FCDC soArticleMediatorImpl_106soTypeList_71soInstancePoolInfo_11wnWarioBike_1_16wnInstanceHolder_14soI_____generate
0001FF90 soArticleMediatorImpl_106soTypeList_71soInstancePoolInfo_11wnWarioBike_1_16wnInstanceHolder_14soI_____isGeneratable
00020180 soArticleMediatorImpl_106soTypeList_71soInstancePoolInfo_11wnWarioBike_1_16wnInstanceHolder_14soI_____getActiveNum
00020390 soArticleMediatorImpl_106soTypeList_71soInstancePoolInfo_11wnWarioBike_1_16wnInstanceHolder_14soI_____getGenerateMaxNum
00020514 soArticleMediatorImpl_106soTypeList_71soInstancePoolInfo_11wnWarioBike_1_16wnInstanceHolder_14soI_____shoot
000206EC soArticleMediatorImpl_106soTypeList_71soInstancePoolInfo_11wnWarioBike_1_16wnInstanceHolder_14soI_____deactivate
0002074C soArticleMediatorImpl_106soTypeList_71soInstancePoolInfo_11wnWarioBike_1_16wnInstanceHolder_14soI_____getMediateNum
00020754 soArticleMediatorImpl_106soTypeList_71soInstancePoolInfo_11wnWarioBike_1_16wnInstanceHolder_14soI_____setAutoRecycle
0002075C ftFighterBuilder_21ftWarioManBuildConfig___getCancelModule
00020768 ftFighterBuilder_21ftWarioManBuildConfig___isEnableCancel
0002077C ftFighterBuilder_21ftWarioManBuildConfig___getVirtualNodeMatrixPool
00020788 ftFighterBuilder_21ftWarioManBuildConfig___getStatusGimmickUniqProcessPool
00020794 soInstancePoolSub_71soInstancePoolInfo_11wnWarioBike_1_16wnInstanceHolder_14soIntToType_0___23soK_____getInstanceAt1
000207AC soKineticMediatorImpl_983soTypeList_100soInstancePoolInfo_21ftKineticEnergyMotion_1_21soKineticEn_____changeKinetic1
00020908 soKineticMediatorImpl_983soTypeList_100soInstancePoolInfo_21ftKineticEnergyMotion_1_21soKineticEn_____updateEnergy3
00020B9C soKineticMediatorImpl_983soTypeList_100soInstancePoolInfo_21ftKineticEnergyMotion_1_21soKineticEn_____updateEnergy4
00020CC4 soKineticMediatorImpl_983soTypeList_100soInstancePoolInfo_21ftKineticEnergyMotion_1_21soKineticEn_____updateEnergy5
00020D94 soKineticMediatorImpl_983soTypeList_100soInstancePoolInfo_21ftKineticEnergyMotion_1_21soKineticEn_____postUpdateEnergy1
00020D98 soKineticMediatorImpl_983soTypeList_100soInstancePoolInfo_21ftKineticEnergyMotion_1_21soKineticEn_____addSpeed1
00020DA8 soKineticMediatorImpl_983soTypeList_100soInstancePoolInfo_21ftKineticEnergyMotion_1_21soKineticEn_____addSpeedOutside1
00020DBC soKineticMediatorImpl_983soTypeList_100soInstancePoolInfo_21ftKineticEnergyMotion_1_21soKineticEn_____notifyEventChangeStatus1
00020DD0 soKineticMediatorImpl_983soTypeList_100soInstancePoolInfo_21ftKineticEnergyMotion_1_21soKineticEn_____getMediateNum1
00020DD8 ftwariomancpp____sinit_
00020E5C ftWarioManExtendParamAccesser____ct
00020EA4 ftClassInfoImpl_49_10ftWarioMan_____ct
00020EFC ftClassInfoImpl_49_10ftWarioMan_____dt
00020F80 ftClassInfoImpl_49_10ftWarioMan___create
00020FE8 soArticleMediatorImpl_106soTypeList_71soInstancePoolInfo_11wnWarioBike_1_16wnInstanceHolder_14soI______4_shoot
00020FF0 soArticleMediatorImpl_106soTypeList_71soInstancePoolInfo_11wnWarioBike_1_16wnInstanceHolder_14soI______4_
00020FF8 ftFighterBuilder_21ftWarioManBuildConfig____64_
00021000 ftWarioMan___64_
00021008 ftWarioMan___72_notifyEventAnimCmd
00021010 ftWarioMan___84_notifyEventLink
00021018 ftWarioMan___100_notifyEventChangeStatus
00021020 ftWarioMan___184_notifyEventCollisionSearch
00021028 ftWarioMan___232_notifyEventOnDamage
00021030 ftWarioManKineticTransactor__changeKinetic
00021120 ftWarioManKineticTransactor__changeKineticSub
00021274 __entry
000212BC __exit
00021304 __unresolved
.section 2
00000000 loc_0
.section 3
00000000 loc_0
.section 4
00000000 loc_0
00000004 loc_4
00000008 loc_8
0000000C loc_C
00000010 loc_10
00000018 loc_18
0000001C loc_1C
00000028 loc_28
00000038 loc_38
00000048 loc_48
00000050 loc_50
00000058 loc_58
00000060 loc_60
00000064 loc_64
00000068 loc_68
00000070 loc_70
00000074 loc_74
00000078 loc_78
00000080 loc_80
00000088 loc_88
00000098 loc_98
000000A8 loc_A8
000000B0 loc_B0
000000B4 loc_B4
000000B8 loc_B8
000000C0 loc_C0
00000110 loc_110
00000120 loc_120
00000140 loc_140
00000148 loc_148
0000014C loc_14C
00000150 loc_150
00000158 loc_158
0000015C loc_15C
00000164 loc_164
00000168 loc_168
0000016C loc_16C
00000170 loc_170
00000174 loc_174
00000178 loc_178
00000180 loc_180
00000184 loc_184
00000188 loc_188
000001A0 loc_1A0
000001B8 loc_1B8
000001C0 loc_1C0
000001C8 loc_1C8
000001CC loc_1CC
000001D0 loc_1D0
000001D4 loc_1D4
000001D8 loc_1D8
.section 5
00000000 loc_0
00000004 loc_4
00000008 loc_8
00000014 loc_14
00000020 loc_20
00000028 loc_28
00000050 loc_50
0000006C loc_6C
00000090 loc_90
00000098 loc_98
000000C4 loc_C4
000000E0 loc_E0
000000E8 loc_E8
00000100 loc_100
00000114 loc_114
0000011C loc_11C
000004CC loc_4CC
000004D4 loc_4D4
000005F8 loc_5F8
00000600 loc_600
000009B0 loc_9B0
000009D8 loc_9D8
00000AF4 loc_AF4
00000AFC loc_AFC
00000B38 loc_B38
00000CF8 loc_CF8
00000D14 loc_D14
00000D1C loc_D1C
00000D28 loc_D28
00000E34 loc_E34
00000E58 loc_E58
00000E60 loc_E60
00000E6C loc_E6C
00000F98 loc_F98
00000FB4 loc_FB4
00000FBC loc_FBC
00000FC8 loc_FC8
0000103C loc_103C
00001044 loc_1044
00001050 loc_1050
00001098 loc_1098
000010A0 loc_10A0
0000115C loc_115C
00001170 loc_1170
00001178 loc_1178
00001184 loc_1184
0000120C loc_120C
00001218 loc_1218
00001220 loc_1220
0000122C loc_122C
000012A0 loc_12A0
000012A8 loc_12A8
000012B4 loc_12B4
00001300 loc_1300
00001308 loc_1308
00001320 loc_1320
00001340 loc_1340
0000134C loc_134C
00001354 loc_1354
00001370 loc_1370
0000138C loc_138C
000013A0 loc_13A0
000013A8 loc_13A8
000013C0 loc_13C0
000013CC loc_13CC
000013D4 loc_13D4
00001400 loc_1400
00001424 loc_1424
00001438 loc_1438
00001440 loc_1440
00001460 loc_1460
0000146C loc_146C
00001474 loc_1474
00001488 loc_1488
000014DC loc_14DC
000014E4 loc_14E4
000014F8 loc_14F8
00001544 loc_1544
0000154C loc_154C
00001560 loc_1560
00001568 loc_1568
00001578 loc_1578
00001584 loc_1584
0000158C loc_158C
000015A8 loc_15A8
000015B0 loc_15B0
000015B8 loc_15B8
00001634 loc_1634
0000163C loc_163C
0000164C loc_164C
00001658 loc_1658
00001660 loc_1660
00001670 loc_1670
0000168C loc_168C
00001694 loc_1694
000016A4 loc_16A4
000016AC loc_16AC
000016C0 loc_16C0
000016C8 loc_16C8
00001738 loc_1738
0000174C loc_174C
00001760 loc_1760
00001768 loc_1768
00001780 loc_1780
0000178C loc_178C
00001794 loc_1794
0000179C loc_179C
000018B0 loc_18B0
000018B8 loc_18B8
000018CC loc_18CC
000018D8 loc_18D8
000018E0 loc_18E0
00001908 loc_1908
00001910 loc_1910
0000191C loc_191C
00001924 loc_1924
0000193C loc_193C
00001948 loc_1948
00001950 loc_1950
00001978 loc_1978
00001980 loc_1980
00001994 loc_1994
0000199C loc_199C
000019B8 loc_19B8
000019C4 loc_19C4
000019CC loc_19CC
000019F8 loc_19F8
00001A00 loc_1A00
00001A0C loc_1A0C
00001A20 loc_1A20
00001A28 loc_1A28
00001A54 loc_1A54
00001A5C loc_1A5C
00001A94 loc_1A94
00001AA8 loc_1AA8
00001ABC loc_1ABC
00001AC4 loc_1AC4
00001AD4 loc_1AD4
00001AE8 loc_1AE8
00001AF0 loc_1AF0
00001B00 loc_1B00
00001B14 loc_1B14
00001B1C loc_1B1C
00001B3C loc_1B3C
00001B60 loc_1B60
00001B74 loc_1B74
00001B7C loc_1B7C
00001BA4 loc_1BA4
00001BB0 loc_1BB0
00001BB8 loc_1BB8
00001BD0 loc_1BD0
00001BDC loc_1BDC
00001BE4 loc_1BE4
00001C0C loc_1C0C
00001C14 loc_1C14
00001C34 loc_1C34
00001C40 loc_1C40
00001C48 loc_1C48
00001C78 loc_1C78
00001C80 loc_1C80
00001CA4 loc_1CA4
00001CB0 loc_1CB0
00001CB8 loc_1CB8
00001CEC loc_1CEC
00001CF4 loc_1CF4
00001D18 loc_1D18
00001D24 loc_1D24
00001D2C loc_1D2C
00001D60 loc_1D60
00001D68 loc_1D68
00001D88 loc_1D88
00001D94 loc_1D94
00001D9C loc_1D9C
00001DCC loc_1DCC
00001DD4 loc_1DD4
00001DF0 loc_1DF0
00001DFC loc_1DFC
00001E04 loc_1E04
00001E34 loc_1E34
00001E3C loc_1E3C
00001E5C loc_1E5C
00001E68 loc_1E68
00001E70 loc_1E70
00001EA0 loc_1EA0
00001EA8 loc_1EA8
00001EC0 loc_1EC0
00001ECC loc_1ECC
00001ED4 loc_1ED4
00001EFC loc_1EFC
00001F04 loc_1F04
00001F20 loc_1F20
00001F2C loc_1F2C
00001F34 loc_1F34
00001F60 loc_1F60
00001F68 loc_1F68
00001F80 loc_1F80
00001F8C loc_1F8C
00001F94 loc_1F94
00001FBC loc_1FBC
00001FC4 loc_1FC4
00001FDC loc_1FDC
00001FE8 loc_1FE8
00001FF0 loc_1FF0
00002018 loc_2018
00002020 loc_2020
00002038 loc_2038
00002044 loc_2044
0000204C loc_204C
00002078 loc_2078
0000208C loc_208C
00002094 loc_2094
000020A0 loc_20A0
000020CC loc_20CC
000020D4 loc_20D4
000020E0 loc_20E0
000020EC loc_20EC
000020F4 loc_20F4
00002100 loc_2100
0000212C loc_212C
00002134 loc_2134
00002148 loc_2148
00002154 loc_2154
0000215C loc_215C
00002184 loc_2184
0000218C loc_218C
000021A4 loc_21A4
000021B0 loc_21B0
000021B8 loc_21B8
000021E0 loc_21E0
000021E8 loc_21E8
000021F4 loc_21F4
00002200 loc_2200
00002208 loc_2208
0000221C loc_221C
00002224 loc_2224
0000222C loc_222C
00002234 loc_2234
00002278 loc_2278
000022BC loc_22BC
00002300 loc_2300
00002344 loc_2344
00002388 loc_2388
000023B4 loc_23B4
000027E4 loc_27E4
000027F0 loc_27F0
000027F8 loc_27F8
00002804 loc_2804
00002BF8 loc_2BF8
00002C7C loc_2C7C
00002C84 loc_2C84
00002C90 loc_2C90
000030A0 loc_30A0
0000311C loc_311C
00003124 loc_3124
00003130 loc_3130
000031BC loc_31BC
000031C4 loc_31C4
000031D0 loc_31D0
00003230 loc_3230
00003238 loc_3238
000035BC loc_35BC
00003630 loc_3630
00003638 loc_3638
00003644 loc_3644
000039E4 loc_39E4
00003A50 loc_3A50
00003A58 loc_3A58
00003A64 loc_3A64
00003AF8 loc_3AF8
00003B00 loc_3B00
00003B0C loc_3B0C
00003B74 loc_3B74
00003B7C loc_3B7C
00003E88 loc_3E88
00003EEC loc_3EEC
00003EF4 loc_3EF4
00003F00 loc_3F00
00004228 loc_4228
00004284 loc_4284
0000428C loc_428C
00004298 loc_4298
00004328 loc_4328
00004330 loc_4330
0000433C loc_433C
000043A0 loc_43A0
000043A8 loc_43A8
00004640 loc_4640
00004694 loc_4694
0000469C loc_469C
000046A8 loc_46A8
0000495C loc_495C
000049A8 loc_49A8
000049B0 loc_49B0
000049BC loc_49BC
00004A48 loc_4A48
00004A50 loc_4A50
00004A5C loc_4A5C
00004ABC loc_4ABC
00004AC4 loc_4AC4
00004CEC loc_4CEC
00004D30 loc_4D30
00004D38 loc_4D38
00004D44 loc_4D44
00004F88 loc_4F88
00004FC4 loc_4FC4
00004FCC loc_4FCC
00004FD8 loc_4FD8
00005060 loc_5060
00005068 loc_5068
00005074 loc_5074
000050D4 loc_50D4
000050DC loc_50DC
00005298 loc_5298
000052CC loc_52CC
000052D4 loc_52D4
000052E0 loc_52E0
000054B8 loc_54B8
000054E4 loc_54E4
000054EC loc_54EC
000054F8 loc_54F8
00005588 loc_5588
00005590 loc_5590
0000559C loc_559C
00005600 loc_5600
00005608 loc_5608
00005750 loc_5750
00005774 loc_5774
0000577C loc_577C
00005788 loc_5788
000058EC loc_58EC
00005908 loc_5908
00005910 loc_5910
0000591C loc_591C
000059A8 loc_59A8
000059B0 loc_59B0
000059BC loc_59BC
00005A20 loc_5A20
00005A28 loc_5A28
00005B00 loc_5B00
00005B14 loc_5B14
00005B1C loc_5B1C
00005B28 loc_5B28
00005BC8 loc_5BC8
00005BD4 loc_5BD4
00005BDC loc_5BDC
00005BE8 loc_5BE8
00005C74 loc_5C74
00005C7C loc_5C7C
00005C88 loc_5C88
00005CE8 loc_5CE8
00005CF0 loc_5CF0
00005D00 loc_5D00
00005D8C loc_5D8C
00005D94 loc_5D94
00005DCC loc_5DCC
00005E50 loc_5E50
00005E58 loc_5E58
00005E64 loc_5E64
00005EF0 loc_5EF0
00005EF8 loc_5EF8
00005F30 loc_5F30
00005FB4 loc_5FB4
00005FBC loc_5FBC
00006004 loc_6004
0000601C loc_601C
00006050 loc_6050
00006058 loc_6058
0000606C loc_606C
00006098 loc_6098
000060A0 loc_60A0
000060B8 loc_60B8
000060DC loc_60DC
000060E4 loc_60E4
00006100 loc_6100
00006120 loc_6120
00006134 loc_6134
00006140 loc_6140
00006158 loc_6158
0000617C loc_617C
00006188 loc_6188
00006194 loc_6194
000062B8 loc_62B8
000062C0 loc_62C0
000062E8 loc_62E8
00006404 loc_6404
0000640C loc_640C
0000644C loc_644C
00006470 loc_6470
0000647C loc_647C
00006484 loc_6484
00006498 loc_6498
000064A0 loc_64A0
000064E0 loc_64E0
00006508 loc_6508
00006514 loc_6514
00006520 loc_6520
00006560 loc_6560
00006588 loc_6588
0000659C loc_659C
000065A8 loc_65A8
000065E8 loc_65E8
00006610 loc_6610
00006624 loc_6624
00006630 loc_6630
00006670 loc_6670
00006698 loc_6698
000066AC loc_66AC
000066B8 loc_66B8
000066F8 loc_66F8
00006720 loc_6720
00006734 loc_6734
00006740 loc_6740
00006780 loc_6780
000067A8 loc_67A8
000067BC loc_67BC
000067C8 loc_67C8
00006808 loc_6808
00006830 loc_6830
0000683C loc_683C
00006848 loc_6848
00006888 loc_6888
000068B0 loc_68B0
000068BC loc_68BC
000068C4 loc_68C4
000068DC loc_68DC
00006908 loc_6908
00006910 loc_6910
00006950 loc_6950
00006974 loc_6974
00006980 loc_6980
00006988 loc_6988
00006994 loc_6994
00006998 loc_6998
0000699C loc_699C
00006C08 loc_6C08
00006E74 loc_6E74
00006E8C loc_6E8C
00006EB0 loc_6EB0
00006EB8 loc_6EB8
00006EDC loc_6EDC
00006EF8 loc_6EF8
00006F14 loc_6F14
00006F1C loc_6F1C
00006F4C loc_6F4C
00006F60 loc_6F60
00006F68 loc_6F68
00006FB8 loc_6FB8
00006FD4 loc_6FD4
00006FE8 loc_6FE8
00006FF0 loc_6FF0
00007008 loc_7008
00007014 loc_7014
0000701C loc_701C
00007058 loc_7058
00007070 loc_7070
0000708C loc_708C
00007094 loc_7094
000070C0 loc_70C0
000070CC loc_70CC
000070E0 loc_70E0
000070E8 loc_70E8
00007144 loc_7144
00007160 loc_7160
00007174 loc_7174
0000717C loc_717C
00007184 loc_7184
00007190 loc_7190
00007198 loc_7198
000071DC loc_71DC
00007214 loc_7214
0000721C loc_721C
00007228 loc_7228
00007230 loc_7230
00007268 loc_7268
00007270 loc_7270
00007278 loc_7278
000072A4 loc_72A4
000074A4 loc_74A4
000074B0 loc_74B0
000074B8 loc_74B8
000074C4 loc_74C4
0000767C loc_767C
000076B0 loc_76B0
000076B8 loc_76B8
000076C4 loc_76C4
00007898 loc_7898
000078C4 loc_78C4
000078CC loc_78CC
000078D8 loc_78D8
00007964 loc_7964
0000796C loc_796C
00007978 loc_7978
000079D8 loc_79D8
000079E0 loc_79E0
00007B28 loc_7B28
00007B4C loc_7B4C
00007B54 loc_7B54
00007B60 loc_7B60
00007CC4 loc_7CC4
00007CE0 loc_7CE0
00007CE8 loc_7CE8
00007CF4 loc_7CF4
00007D80 loc_7D80
00007D88 loc_7D88
00007D94 loc_7D94
00007DF8 loc_7DF8
00007E00 loc_7E00
00007ED8 loc_7ED8
00007EEC loc_7EEC
00007EF4 loc_7EF4
00007F00 loc_7F00
00007FA0 loc_7FA0
00007FAC loc_7FAC
00007FB4 loc_7FB4
00007FC0 loc_7FC0
0000804C loc_804C
00008054 loc_8054
00008060 loc_8060
000080C0 loc_80C0
000080C8 loc_80C8
000080F0 loc_80F0
0000818C loc_818C
000081AC loc_81AC
000081C8 loc_81C8
000081D0 loc_81D0
000081E8 loc_81E8
000081F4 loc_81F4
000081FC loc_81FC
00008210 loc_8210
00008218 loc_8218
00008228 loc_8228
00008230 loc_8230
00008270 loc_8270
00008294 loc_8294
000082A0 loc_82A0
000082A8 loc_82A8
000082E8 loc_82E8
0000830C loc_830C
00008318 loc_8318
00008320 loc_8320
00008360 loc_8360
00008384 loc_8384
00008398 loc_8398
000083A0 loc_83A0
000083E0 loc_83E0
00008404 loc_8404
00008418 loc_8418
00008420 loc_8420
00008460 loc_8460
00008488 loc_8488
00008494 loc_8494
000084A0 loc_84A0
000084E0 loc_84E0
00008508 loc_8508
00008514 loc_8514
00008520 loc_8520
00008560 loc_8560
00008584 loc_8584
00008590 loc_8590
00008598 loc_8598
000085D8 loc_85D8
00008600 loc_8600
0000860C loc_860C
00008618 loc_8618
00008658 loc_8658
0000867C loc_867C
00008690 loc_8690
00008698 loc_8698
000086D8 loc_86D8
000086FC loc_86FC
00008710 loc_8710
00008718 loc_8718
00008758 loc_8758
0000877C loc_877C
00008788 loc_8788
00008790 loc_8790
000087D0 loc_87D0
000087F4 loc_87F4
00008808 loc_8808
00008810 loc_8810
00008850 loc_8850
00008874 loc_8874
00008880 loc_8880
00008888 loc_8888
00008894 loc_8894
00008898 loc_8898
0000889C loc_889C
00008B08 loc_8B08
00008D74 loc_8D74
00008D98 loc_8D98
00008DB4 loc_8DB4
00008DD0 loc_8DD0
00008DD8 loc_8DD8
00008E08 loc_8E08
00008E1C loc_8E1C
00008E24 loc_8E24
00008E50 loc_8E50
00008E68 loc_8E68
00008E74 loc_8E74
00008E80 loc_8E80
00008EA8 loc_8EA8
00008EC8 loc_8EC8
00008EEC loc_8EEC
00008EF4 loc_8EF4
00008F20 loc_8F20
00008F3C loc_8F3C
00008F44 loc_8F44
000092F4 loc_92F4
000096A4 loc_96A4
000096E0 loc_96E0
000097F8 loc_97F8
00009814 loc_9814
0000981C loc_981C
00009828 loc_9828
000098E0 loc_98E0
000098F4 loc_98F4
000098FC loc_98FC
00009908 loc_9908
00009990 loc_9990
0000999C loc_999C
000099A4 loc_99A4
000099B0 loc_99B0
00009A24 loc_9A24
00009A2C loc_9A2C
00009A38 loc_9A38
00009A80 loc_9A80
00009A88 loc_9A88
00009ACC loc_9ACC
00009B10 loc_9B10
00009B54 loc_9B54
00009B98 loc_9B98
00009BDC loc_9BDC
00009C08 loc_9C08
0000A03C loc_A03C
0000A048 loc_A048
0000A050 loc_A050
0000A06C loc_A06C
0000A08C loc_A08C
0000A0A0 loc_A0A0
0000A0A8 loc_A0A8
.section 6
00000000 loc_0
00000008 loc_8
0000015C loc_15C
00000168 loc_168
00000174 loc_174
00000178 loc_178
0000017C loc_17C
00000180 loc_180
00000188 loc_188
00000194 loc_194
00000198 loc_198
000001A4 loc_1A4
000001A8 loc_1A8
000001B4 loc_1B4
000001B8 loc_1B8
000001C4 loc_1C4
000001C8 loc_1C8
000001D4 loc_1D4
000001D8 loc_1D8
000001E4 loc_1E4
000001E8 loc_1E8
000001F4 loc_1F4
000001F8 loc_1F8
00000204 loc_204
00000208 loc_208
00000214 loc_214
00000218 loc_218
00000224 loc_224
00000228 loc_228
00000234 loc_234
00000240 loc_240
00000248 loc_248
00000250 loc_250
0000025C loc_25C
00000268 loc_268
00000274 loc_274
00000280 loc_280
0000028C loc_28C
00000298 loc_298
000002A4 loc_2A4
000002B0 loc_2B0
000002B4 loc_2B4
000002BC loc_2BC
000002C0 loc_2C0
000002C8 loc_2C8
000002CC loc_2CC
000002D0 loc_2D0
000002D4 loc_2D4
000002D8 loc_2D8
000002DC loc_2DC
000002E0 loc_2E0
000002E4 loc_2E4
000002E8 loc_2E8
000002EC loc_2EC
000002F0 loc_2F0
000002F4 loc_2F4
000002F8 loc_2F8
000002FC loc_2FC
00000300 loc_300
00000304 loc_304
00000308 loc_308
00000314 loc_314
00000318 loc_318
00000324 loc_324
00000328 loc_328
00000334 loc_334
00000338 loc_338
00000344 loc_344
00000348 loc_348
00000354 loc_354
00000358 loc_358
00000364 loc_364
00000368 loc_368
00000374 loc_374
00000378 loc_378
00000384 loc_384
00000388 loc_388
00000394 loc_394
00000398 loc_398
000003A4 loc_3A4
000003A8 loc_3A8
000003B4 loc_3B4
000003B8 loc_3B8
000003C4 loc_3C4
000003C8 loc_3C8
000003D4 loc_3D4
000003D8 loc_3D8
000003F4 loc_3F4
000003F8 loc_3F8
00000404 loc_404
00000410 loc_410
0000041C loc_41C
00000428 loc_428
00000434 loc_434
00000440 loc_440
00000450 loc_450
000005D0 loc_5D0
