.module 91
.section 1
00000000 globaldestructorchain____register_global_object
0000001C globaldestructorchain____destroy_global_chain
00000070 ftMario____ct
00001938 ftCancelModuleImpl____dt
000019B8 soAnimCmdEventObserver____dt
00001A14 soStatusEventObserver____dt
00001A70 soNullable____ct
00001A84 ftVirtualNodeMatrixPool____dt
00001AC4 ftVirtualNodeMatrixPoolImpl____dt
00001B20 ftStatusGimmickUniqProcessPool____dt
00001B60 ftStatusUniqProcessGimmick____dt
00001BC4 ftStatusUniqProcessGimmickBarrel____dt
00001C20 ftStatusUniqProcessGimmickDoor____dt
00001C7C ftStatusUniqProcessGimmickCatapult____dt
00001C90 ftStatusUniqProcessGimmickLadder____dt
00001CEC ftStatusUniqProcessGimmickSpring____dt
00001D90 ftStatusUniqProcessGimmickTruck____dt
00001DEC ftStatusUniqProcessGimmickEaten____dt
00001E48 ftStatusGimmickUniqProcessPoolImpl____dt
00001F00 soHeapModuleBuilder_43soHeapModuleBuildConfig_16soHeapModuleImpl______dt
00001F5C soPostureModuleBuilder_51soPostureModuleBuildConfig_1_19soPostureModuleImpl______dt
00001FD0 soGroundModuleBuilder_49soGroundModuleBuildConfig_1_18soGroundModuleImpl______dt
0000203C soSituationModuleBuilder_53soSituationModuleBuildConfig_21soSituationModuleImpl______dt
00002098 soTeamModuleBuilder_51soTeamModuleBuildConfig_6ftTeam_16soTeamModuleImpl______ct
0000215C ftTeam____dt
000021B8 soTeam____dt
000021F8 ftTeamIndirect____dt
00002258 soWorkManageModuleBuilder_55soWorkManageModuleBuildConfig_22soWorkManageModuleImpl______dt
000022B4 soNullable__isNull
000022BC soInsideEventManageModuleBuilder_106soInsideEventManageModuleBuildConfig_32_40_4_4_4_4_4_4_5_4_4________ct
00002610 soInsideEventManageModuleBuilder_106soInsideEventManageModuleBuildConfig_32_40_4_4_4_4_4_4_5_4_4________dt
00002754 soParamCustomizeModuleBuilder_63soParamCustomizeModuleBuildConfig_26ftParamCustomizeModuleImpl______dt
000027B0 soResourceModuleBuilder_87soResourceModuleBuildConfigDynamic_0_24ftResourceIdAccesserImpl_20soRes_______ct
00002818 soResourceIdAccesser____dt
00002858 soResourceModuleBuilder_87soResourceModuleBuildConfigDynamic_0_24ftResourceIdAccesserImpl_20soRes_______dt
000028D0 soModelModuleBuilder_49soModelModuleBuildConfig_8_3_17soModelModuleImpl______ct
00002958 soArraySelectHolder_1_37soArrayVector_18soModelVirtualNode_3__54soSingletonHolder_33soArrayNull_1_______dt
000029B4 soModelModuleBuilder_49soModelModuleBuildConfig_8_3_17soModelModuleImpl______dt
00002A2C soMotionModuleBuilder_248soMotionModuleBuildConfig_478_18soMotionModuleImpl_2_1_107soTransitionMo_______ct
00002BC8 soArraySelectHolder_1_30soArrayVector_11soOtherAnim_1__47soSingletonHolder_26soArrayNull_11soOthe_______dt
00002C24 soTransitionModuleImpl____ct
00002C5C soTransitionInfo____dt
00002C9C soTransitionModuleImpl____dt
00002CFC soLineHierarchy_49soTypeList_14soIntToType_8__18soTypeListNullType__11soArrayPool_65soArrayPoolRo_______dt
00002D5C soJagArray_46soInstanceUnitFullProperty_16soTransitionTerm__49soTypeList_14soIntToType_8__18soTyp_______dt
00002DB8 soTransitionModuleBuilder_107soTransitionModuleBuildConfig_49soTypeList_14soIntToType_8__18soType_______dt
00002E30 soArraySelectHolder_1_32soArrayVector_13soPartialAnim_2__49soSingletonHolder_28soArrayNull_13soPa_______dt
00002E8C soSelectInstanceHolder_1_39soArrayVector_20soTransitionTermPack_1__58soSingletonConcrete_35soArra_______dt
00002EE8 soArraySelectHolder_1_19soArrayVector_Ul_5__36soSingletonHolder_15soArrayNull_Ul_______dt
00002F44 soMotionAnimObjCacheModuleBuilder_73soMotionAnimObjCacheModuleBuildConfig_5_30soMotionAnimObjCach_______dt
00002FB0 soMotionModuleBuilder_248soMotionModuleBuildConfig_478_18soMotionModuleImpl_2_1_107soTransitionMo_______dt
00003064 soPostureModuleBuilder_51soPostureModuleBuildConfig_1_19soPostureModuleImpl______ct
000030D4 soGroundModuleBuilder_49soGroundModuleBuildConfig_1_18soGroundModuleImpl______ct
00003138 soTeamModuleBuilder_51soTeamModuleBuildConfig_6ftTeam_16soTeamModuleImpl______dt
000031B0 soCollisionAttackModuleBuilder_77soCollisionAttackModuleBuildConfig_0_5_2_27soCollisionAttackModu_______ct
00003274 soCollisionAttackModuleBuilder_77soCollisionAttackModuleBuildConfig_0_5_2_27soCollisionAttackModu_______dt
000032F8 soCollisionHitModuleBuilder_73soCollisionHitModuleBuildConfig_0_20_1_24soCollisionHitModuleImpl_1_______ct
000033BC soCollisionHitModuleBuilder_73soCollisionHitModuleBuildConfig_0_20_1_24soCollisionHitModuleImpl_1_______dt
00003440 soCollisionShieldModuleBuilder_73soCollisionShieldModuleBuildConfig_0_1_1_27soCollisionShieldModu_______ct
00003514 soCollisionShieldModuleBuilder_73soCollisionShieldModuleBuildConfig_0_1_1_27soCollisionShieldModu_______dt
000035A4 soCollisionReflectorModuleBuilder_75soCollisionReflectorModuleBuildConfig_0_12_3_27soCollisionShi_______ct
00003678 soCollisionReflectorModuleBuilder_75soCollisionReflectorModuleBuildConfig_0_12_3_27soCollisionShi_______dt
00003708 soCollisionCatchModuleBuilder_71soCollisionCatchModuleBuildConfig_0_4_1_26soCollisionCatchModuleI_______ct
000037A0 soCollisionCatchModuleBuilder_71soCollisionCatchModuleBuildConfig_0_4_1_26soCollisionCatchModuleI_______dt
0000380C soDamageModuleBuilder_98soDamageModuleBuildConfig_19soDamageModuleActor_1_22ftDamageTransactorImp_______ct
00003878 soDamageModuleBuilder_98soDamageModuleBuildConfig_19soDamageModuleActor_1_22ftDamageTransactorImp_______dt
000038EC soCatchModuleBuilder_47soCatchModuleBuildConfig_1_17soCatchModuleImpl______dt
00003948 soCaptureModuleBuilder_49soCaptureModuleBuildConfig_19soCaptureModuleImpl______dt
000039A4 soStopModuleBuilder_43soStopModuleBuildConfig_16ftStopModuleImpl______dt
00003A00 soTurnModuleBuilder_43soTurnModuleBuildConfig_16soTurnModuleImpl______dt
00003A5C soShakeModuleBuilder_47soShakeModuleBuildConfig_4_17soShakeModuleImpl______ct
00003AB8 soShakeModuleBuilder_47soShakeModuleBuildConfig_4_17soShakeModuleImpl______dt
00003B2C soSoundModuleBuilder_80soSoundModuleBuildConfig_1_30ftSound3dGeneratorAccesserImpl_17soSoundModul_______ct
00003BBC ftSound3dGeneratorAccesserImpl____dt
00003BFC soSoundModuleBuilder_80soSoundModuleBuildConfig_1_30ftSound3dGeneratorAccesserImpl_17soSoundModul_______dt
00003C68 soLinkModuleBuilder_45soLinkModuleBuildConfig_6_16soLinkModuleImpl______ct
00003CBC soLinkModuleBuilder_45soLinkModuleBuildConfig_6_16soLinkModuleImpl______dt
00003D28 soVisibilityModuleBuilder_57soVisibilityModuleBuildConfig_22soVisibilityModuleImpl_2______dt
00003D84 soControllerModuleBuilder_60soControllerModuleBuildConfig_22ftControllerModuleImpl_10_2______ct
00003DF4 soArraySelectHolder_1_38soArrayVector_19soControllerClatter_2__55soSingletonHolder_34soArrayNull________dt
00003E50 soControllerModuleBuilder_60soControllerModuleBuildConfig_22ftControllerModuleImpl_10_2______dt
00003ED0 soCameraModuleBuilder_49soCameraModuleBuildConfig_18soCameraModuleImpl_1______ct
00003F3C soCameraModuleBuilder_49soCameraModuleBuildConfig_18soCameraModuleImpl_1______dt
00003FB0 soAnimCmdModuleBuilder_52soAnimCmdModuleBuildConfig_11_19soAnimCmdModuleImpl______ct
00003FF4 soAnimCmdModuleImpl____dt
00004060 soInstanceManagerFullPropertyVector_20soAnimCmdControlUnit_11_____dt
000040D0 soInstanceManagerFullProperty_20soAnimCmdControlUnit_____dt
00004110 soAnimCmdModuleBuilder_52soAnimCmdModuleBuildConfig_11_19soAnimCmdModuleImpl______dt
0000417C soStatusModuleBuilder_823soStatusModuleBuildConfig_281_33soGeneralWorkBuildConfig_18_14_2__274_71_______ct
00004504 soArrayQueueImpl_18soArrayVector_l_1______dt
00004564 soStatusModuleImpl____dt
000045E8 soGeneralWorkSimple____ct
00004668 soGeneralWorkAbstract____dt
000046A8 soGeneralWorkSimple____dt
00004704 soGeneralWorkSimple__clearWorkAll
000047B4 soGeneralWorkBuilder_33soGeneralWorkBuildConfig_18_14_2______dt
00004814 soLineHierarchy_49soTypeList_14soIntToType_1__18soTypeListNullType__11soArrayPool_65soArrayPoolRo_______dt
00004874 soArrayPool_14soIntToType_6__243soLineHierarchy_49soTypeList_14soIntToType_1__18soTypeListNullTyp_______dt
000048E4 soArrayPool_14soIntToType_2__274soLineHierarchy_80soTypeList_14soIntToType_6__49soTypeList_14soIn_______dt
0000495C soArrayPool_14soIntToType_3__306soLineHierarchy_111soTypeList_14soIntToType_2__80soTypeList_14soI_______dt
000049D4 soArrayPool_14soIntToType_2__338soLineHierarchy_143soTypeList_14soIntToType_3__111soTypeList_14so_______dt
00004A4C soArrayPool_14soIntToType_1__370soLineHierarchy_175soTypeList_14soIntToType_2__143soTypeList_14so_______dt
00004AC4 soArrayPool_14soIntToType_1__402soLineHierarchy_207soTypeList_14soIntToType_1__175soTypeList_14so_______dt
00004B3C soArrayPool_14soIntToType_3__434soLineHierarchy_239soTypeList_14soIntToType_1__207soTypeList_14so_______dt
00004BB4 soArrayPool_14soIntToType_6__466soLineHierarchy_271soTypeList_14soIntToType_3__239soTypeList_14so_______dt
00004C2C soArrayPool_14soIntToType_1__498soLineHierarchy_303soTypeList_14soIntToType_6__271soTypeList_14so_______dt
00004CA4 soArrayPool_14soIntToType_2__530soLineHierarchy_335soTypeList_14soIntToType_1__303soTypeList_14so_______dt
00004D1C soArrayPool_14soIntToType_8__561soLineHierarchy_367soTypeList_14soIntToType_2__335soTypeList_14so_______dt
00004D94 soArrayPool_14soIntToType_2__593soLineHierarchy_399soTypeList_14soIntToType_8__367soTypeList_14so_______dt
00004E0C soArrayPool_14soIntToType_1__625soLineHierarchy_431soTypeList_14soIntToType_2__399soTypeList_14so_______dt
00004E84 soArrayPool_14soIntToType_3__657soLineHierarchy_463soTypeList_14soIntToType_1__431soTypeList_14so_______dt
00004EFC soArrayPool_15soIntToType_17__689soLineHierarchy_495soTypeList_14soIntToType_3__463soTypeList_14s_______dt
00004F74 soArrayPool_14soIntToType_1__722soLineHierarchy_528soTypeList_15soIntToType_17__495soTypeList_14s_______dt
00004FEC soArrayPool_14soIntToType_2__754soLineHierarchy_560soTypeList_14soIntToType_1__528soTypeList_15so_______dt
00005064 soArrayPool_14soIntToType_6__786soLineHierarchy_592soTypeList_14soIntToType_2__560soTypeList_14so_______dt
000050DC soArrayPool_15soIntToType_25__818soLineHierarchy_624soTypeList_14soIntToType_6__592soTypeList_14s_______dt
00005154 soJagArray_46soInstanceUnitFullProperty_16soTransitionTerm__657soTypeList_15soIntToType_25__624so_______dt
000051B4 soTransitionModuleBuilder_716soTransitionModuleBuildConfig_657soTypeList_15soIntToType_25__624soT_______dt
0000522C soArraySelectHolder_1_41soArrayVector_P19soStatusUniqProcess_281__56soSingletonHolder_35soArrayNu_______dt
00005288 soStatusModuleBuilder_823soStatusModuleBuildConfig_281_33soGeneralWorkBuildConfig_18_14_2__274_71_______dt
00005324 soKineticModuleBuilder_1193soKineticModuleBuildConfig_26soKineticModuleGenericImpl_1129soKineticM_______ct
000056F4 soKineticModuleGenericImpl____dt
00005760 soKineticModuleImpl____dt
000057C0 soInstanceManagerFullPropertyVector_P15soKineticEnergy_12_____dt
00005830 soInstanceManagerFullProperty_P15soKineticEnergy_____dt
00005870 soKineticModuleBuilder_1193soKineticModuleBuildConfig_26soKineticModuleGenericImpl_1129soKineticM_______dt
000058E8 soGeneralWorkBuilder_33soGeneralWorkBuildConfig_77_32_3______ct
00005948 soGeneralWorkBuilder_33soGeneralWorkBuildConfig_77_32_3______dt
000059A8 soGenerateArticleManageModuleBuilder_908soGenerateArticleManageModuleBuildConfig_823soArticleMedi_______ct
00005C44 soArticleGenerator____dt
00005C84 soArticleOperator____dt
00005CC4 soArticleMediator____dt
00005D04 wnMarioHugeFlame____dt
00006088 soParamAccesser____dt
000060C8 soKineticEnergyRotNormal____dt
00006124 soKineticEnergy____dt
00006164 soAnimCmdControlUnitBuilder_40soAnimCmdControlUnitBuildConfigUniq_4_8______dt
000061D0 soArraySelectHolder_1_44soArrayVector_25acCmdInterpreterStackData_8__61soSingletonHolder_40soArra_______dt
0000622C soAnimCmdInterpreter____dt
00006288 soEventPresenter_22soAnimCmdEventObserver_____dt
000062C8 soAnimCmdAddressPackArraySeparate____dt
00006308 soReflectModuleBuilder_51soReflectModuleBuildConfig_0_19soReflectModuleImpl______dt
00006364 soSlowModuleBuilder_45soSlowModuleBuildConfig_18soSlowModuleSimple______dt
000063C0 soEffectModuleBuilder_58soEffectModuleBuildConfig_1_1_0_1__1_18soEffectModuleImpl______dt
0000644C soArraySelectHolder_1_33soArrayVector_14efScreenHandle_1__50soSingletonHolder_29soArrayNull_14efS_______dt
000064A8 soGeneralWorkBuilder_31soGeneralWorkBuildConfig_7_6_1______dt
00006508 soKineticModuleBuilder_75soKineticModuleBuildConfig_19wnKineticModuleImpl_21soKineticMediatorNull_______dt
000065A4 soTransitionModuleBuilder_107soTransitionModuleBuildConfig_49soTypeList_14soIntToType_6__18soType_______dt
0000662C soGeneralWorkBuilder_31soGeneralWorkBuildConfig_2_2_1______dt
0000668C soAnimCmdModuleBuilder_51soAnimCmdModuleBuildConfig_6_19soAnimCmdModuleImpl______dt
00006714 soVisibilityModuleBuilder_59soVisibilityModuleBuildConfig_24soVisibilityModuleSimple_1______dt
00006770 soLinkModuleBuilder_45soLinkModuleBuildConfig_5_16soLinkModuleImpl______dt
000067DC soSoundModuleBuilder_80soSoundModuleBuildConfig_0_30soSound3dGeneratorAccesserImpl_17soSoundModul_______dt
0000683C soShakeModuleBuilder_49soShakeModuleBuildConfig_0_19soShakeModuleSimple______dt
0000689C soStopModuleBuilder_43soStopModuleBuildConfig_16soStopModuleImpl______dt
000068F8 soTeamModuleBuilder_56soTeamModuleBuildConfig_10soTeamImpl_16soTeamModuleImpl______dt
00006984 soTransitionModuleBuilder_107soTransitionModuleBuildConfig_49soTypeList_14soIntToType_4__18soType_______dt
00006A0C soModelModuleBuilder_49soModelModuleBuildConfig_5_0_17soModelModuleImpl______dt
00006A78 soResourceModuleBuilder_80soResourceModuleBuildConfig_0_24soResourceIdAccesserImpl_20soResourceMo_______dt
00006AF0 soParamCustomizeModuleBuilder_63soParamCustomizeModuleBuildConfig_26soParamCustomizeModuleImpl______dt
00006B30 soInsideEventManageModuleBuilder_106soInsideEventManageModuleBuildConfig_16_32_4_2_4_4_4_4_2_4_4________dt
00006C5C wnInstanceHolder_16wnMarioHugeFlame_22soKindInfoGeneric_0_0__14soIntToType_3______dt
00006CBC soInstancePoolSub_76soInstancePoolInfo_16wnMarioHugeFlame_1_16wnInstanceHolder_14soIntToType_3__________dt
00006D1C soInstancePool_76soInstancePoolInfo_16wnMarioHugeFlame_1_16wnInstanceHolder_14soIntToType_3___18s_______dt
00006D7C soLineHierarchy_111soTypeList_76soInstancePoolInfo_16wnMarioHugeFlame_1_16wnInstanceHolder_14soIn_______dt
00006DE0 wnMarioPump____dt
000072EC soAnimCmdControlUnitBuilder_48soAnimCmdControlUnitBuildConfig_0_1_3_0_0_0_0_8______dt
00007378 wnInstanceHolder_16wnMarioPumpWater_22soKindInfoGeneric_2_2__14soIntToType_0______dt
000076F8 soArraySelectHolder_1_39soArrayVector_P19soStatusUniqProcess_3__56soSingletonHolder_35soArrayNull_______dt
00007754 wnInstanceHolder_11wnMarioPump_22soKindInfoGeneric_0_0__14soIntToType_2______dt
000077B4 soInstancePoolSub_71soInstancePoolInfo_11wnMarioPump_1_16wnInstanceHolder_14soIntToType_2___22soK_______dt
00007814 soInstancePool_71soInstancePoolInfo_11wnMarioPump_1_16wnInstanceHolder_14soIntToType_2___196soLin_______dt
00007884 soInstancePoolSub_75soInstancePoolInfo_15wnMarioFireball_1_16wnInstanceHolder_14soIntToType_1___2_______dt
000078E4 soInstancePoolSub_75soInstancePoolInfo_15wnMarioFireball_2_16wnInstanceHolder_14soIntToType_1___2_______dt
00007950 soInstancePoolSub_75soInstancePoolInfo_15wnMarioFireball_3_16wnInstanceHolder_14soIntToType_1___2_______dt
000079BC soInstancePoolSub_75soInstancePoolInfo_15wnMarioFireball_4_16wnInstanceHolder_14soIntToType_1___2_______dt
00007A28 wnInstanceHolder_15wnMarioFireball_22soKindInfoGeneric_0_0__14soIntToType_1______ct
00007AB8 wnInstanceHolder_15wnMarioFireball_22soKindInfoGeneric_0_0__14soIntToType_1______dt
00007B18 soInstancePoolSub_75soInstancePoolInfo_15wnMarioFireball_5_16wnInstanceHolder_14soIntToType_1___2_______dt
00007B84 soInstancePool_75soInstancePoolInfo_15wnMarioFireball_5_16wnInstanceHolder_14soIntToType_1___285s_______dt
00007C00 wnMarioMantle____dt
00007D88 wnInstanceHolder_13wnMarioMantle_22soKindInfoGeneric_0_0__14soIntToType_0______dt
00007DE8 soInstancePoolSub_73soInstancePoolInfo_13wnMarioMantle_1_16wnInstanceHolder_14soIntToType_0___22s_______dt
00007E48 soInstancePool_73soInstancePoolInfo_13wnMarioMantle_1_16wnInstanceHolder_14soIntToType_0___378soL_______dt
00007EC4 soLineHierarchy_384soTypeList_73soInstancePoolInfo_13wnMarioMantle_1_16wnInstanceHolder_14soIntTo_______dt
00007F20 soArticleMediatorImpl_384soTypeList_73soInstancePoolInfo_13wnMarioMantle_1_16wnInstanceHolder_14s_______dt
00007F90 soSelectInstanceHolder_1_823soArticleMediatorImpl_384soTypeList_73soInstancePoolInfo_13wnMarioMan_______dt
00007FEC soGenerateArticleManageModuleBuilder_908soGenerateArticleManageModuleBuildConfig_823soArticleMedi_______dt
00008074 soEffectModuleBuilder_58soEffectModuleBuildConfig_1_1_1_1_10_18soEffectModuleImpl______ct
00008140 soArraySelectHolder_1_31soArrayVector_12soEffectTime_1__48soSingletonHolder_27soArrayNull_12soEff_______dt
0000819C soEffectModuleBuilder_58soEffectModuleBuildConfig_1_1_1_1_10_18soEffectModuleImpl______dt
00008234 soComboModuleBuilder_45soComboModuleBuildConfig_17ftComboModuleImpl______dt
00008290 soAreaModuleBuilder_89soAreaModuleBuildConfig_9_16_34soAreaEnviromentElementCheckerImpl_16ftAreaM_______ct
00008328 soAreaModuleBuilder_89soAreaModuleBuildConfig_9_16_34soAreaEnviromentElementCheckerImpl_16ftAreaM_______dt
000083C0 soPhysicsModuleBuilder_53soPhysicsModuleBuildConfig_2_19soPhysicsModuleImpl_1______ct
00008420 soPhysicsModuleBuilder_53soPhysicsModuleBuildConfig_2_19soPhysicsModuleImpl_1______dt
00008494 soSlopeModuleBuilder_49soSlopeModuleBuildConfig_0_1_17soSlopeModuleImpl______dt
000084F0 soShadowModuleBuilder_47soShadowModuleBuildConfig_18soShadowModuleImpl______dt
0000854C soItemManageModuleBuilder_105soItemManageModuleBuildConfig_3_4_16soItemSearchImpl_24soItemPickTra_______ct
000085C8 soArraySelectHolder_1_29soArrayVector_10soItemInfo_4__46soSingletonHolder_25soArrayNull_10soItemI_______dt
00008624 soItemManageModuleBuilder_105soItemManageModuleBuildConfig_3_4_16soItemSearchImpl_24soItemPickTra_______dt
000086A4 soColorBlendModuleBuilder_60soColorBlendModuleBuildConfig_10_1_22soColorBlendModuleImpl______dt
00008700 soJostleModuleBuilder_51soJostleModuleBuildConfig_0_8_18soJostleModuleImpl______dt
0000875C soAbnormalModuleBuilder_51soAbnormalModuleBuildConfig_20ftAbnormalModuleImpl______dt
000087B8 soSlowModuleBuilder_43soSlowModuleBuildConfig_16soSlowModuleImpl______dt
00008814 soGlowModuleBuilder_43soGlowModuleBuildConfig_16ftGlowModuleImpl______dt
00008870 soModuleAccesserBuilder_18ftMarioBuildConfig_____dt
00008B10 soAnimCmdAddressPackArraySeparate____ct
00008B2C soAnimCmdInterpreter____ct
00008CBC soSingletonHolder_30soArrayNull_PC13acAnimCmdConv____getInstance
00008D2C soArrayUtility__pushRange_PC13acAnimCmdConv_
00008DA8 soArraySelectHolder_1_36soArrayVector_PC13acAnimCmdConv_281__51soSingletonHolder_30soArrayNull_PC_______dt
00008E04 soAnimCmdControlUnitBuilder_60soAnimCmdControlUnitBuildConfigDisguise_0_1_281_281_0_1_0_8______dt
00008E9C soAnimCmdControlUnitBuilder_50soAnimCmdControlUnitBuildConfig_1_2_478_0_0_1_0_8______dt
00008F28 soAnimCmdControlUnitBuilder_51soAnimCmdControlUnitBuildConfig_2_64_478_0_0_1_0_8______dt
00008FB4 soAnimCmdControlUnitBuilder_51soAnimCmdControlUnitBuildConfig_3_64_478_0_0_1_0_8______dt
00009040 soAnimCmdControlUnitBuilder_50soAnimCmdControlUnitBuildConfig_4_2_478_0_0_1_0_8______dt
000090CC soAnimCmdControlUnitBuilder_51soAnimCmdControlUnitBuildConfig_5_32_478_0_0_1_0_8______dt
00009158 soAnimCmdControlUnitBuilder_52soAnimCmdControlUnitBuildConfig_6_128_478_0_0_1_0_8______dt
000091E4 soAnimCmdControlUnitBuilder_52soAnimCmdControlUnitBuildConfig_7_128_478_0_0_1_0_8______dt
00009270 soAnimCmdControlUnitBuilder_51soAnimCmdControlUnitBuildConfig_8_32_478_0_0_1_0_8______dt
000092FC soArraySelectHolder_1_45soArrayVector_25acCmdInterpreterStackData_10__61soSingletonHolder_40soArr_______dt
00009358 soAnimCmdControlUnitBuilder_41soAnimCmdControlUnitBuildConfigUniq_9_10______dt
000093C4 soAnimCmdControlUnitBuilder_51soAnimCmdControlUnitBuildConfig_10_16_41_0_0_1_0_8______dt
00009450 soAnimCmdControlUnitBuilder_60soAnimCmdControlUnitBuildConfigDisguise_0_1_281_281_0_1_0_8____getEntryList
0000948C soAnimCmdControlUnitBuilder_60soAnimCmdControlUnitBuildConfigDisguise_0_1_281_281_0_1_0_8____setupDisguiseList
0000953C ftAnimCmdModuleSubBuilder_38ftAnimCmdModuleSubBuildConfig_281_478______dt
00009614 ftModuleAccesserBuilder_18ftMarioBuildConfig_____dt
00009698 ftFighterBuilder_18ftMarioBuildConfig_____dt
00009738 ftMario____dt
000097AC ftMario__onStart
0000987C ftMario__onDeadEnd
000098F8 ftMario__processUpdate
000099E8 ftMario__notifyEventChangeSituation
00009A4C ftMario__notifyEventLink
00009B04 ftMario__notifyEventCollisionReflector
00009BC8 ftMario__notifyEventCollisionReflectorCheck
00009C30 ftMario__notifyEventAnimCmd
00009D0C Fighter__isObserv
00009D28 ftMario__activeArticle
00009DE4 ftMario__activeArticle1
00009EC4 ftMario__activeArticle2
00009FB4 ftMario__activeArticle3
0000A0AC StageObject__isActive
0000A0B4 ftExtendParamAccesser__getParamIndefinite
0000A0BC ftMarioDExtendParamAccesser__setup
0000A184 ftExtendParamAccesserEx_3999_15_23999_3___setup
0000A188 ftMarioDExtendParamAccesser____dt
0000A1E8 ftExtendParamAccesserEx_3999_15_23999_3_____dt
0000A244 ftMarioExtendParamAccesser__setup
0000A30C ftMarioExtendParamAccesser____dt
0000A36C soAnimCmdEventObserver__addObserver
0000A380 soLinkEventObserver__addObserver
0000A394 StageObject__adjustParentGroundCollision
0000A398 StageObject__processGameProc
0000A39C soStatusEventObserver__addObserver
0000A3B0 soSituationEventObserver__addObserver
0000A3C4 soCollisionAttackEventObserver__addObserver
0000A3D8 soCollisionHitEventObserver__notifyEventCollisionHit2nd
0000A3DC soCollisionHitEventObserver__notifyEventCollisionHit
0000A3E0 soCollisionHitEventObserver__addObserver
0000A3F4 soCollisionShieldEventObserver__addObserver
0000A408 soCollisionReflectorEventObserver__addObserver
0000A41C soCollisionAbsorberEventObserver__addObserver
0000A430 soCollisionSearchEventObserver__addObserver
0000A444 soCaptureEventObserver__addObserver
0000A458 soItemManageEventObserver__addObserver
0000A46C soMotionEventObserver__notifyEventChangeMotion
0000A470 soMotionEventObserver__addObserver
0000A484 soDamageEventObserver__addObserver
0000A498 ftEntryEventObserver__notifyEventExitFighter
0000A49C ftEntryEventObserver__notifyEventKirbyResourceUnLoaded
0000A4A0 ftEntryEventObserver__notifyEventKirbyResourceLoaded
0000A4A4 ftEntryEventObserver__notifyEventPokeTrainerReplace
0000A4A8 ftEntryEventObserver__notifyEventPokemonDamage
0000A4AC ftEntryEventObserver__notifyEventPokemonInflict
0000A4B0 ftEntryEventObserver__notifyEventPokemonAttack
0000A4B4 ftEntryEventObserver__notifyEventPokemonRebirthEnd
0000A4B8 ftEntryEventObserver__notifyEventStopRumble
0000A4BC ftEntryEventObserver__notifyEventSetRumble
0000A4C0 ftEntryEventObserver__notifyEventPokemonAppeal
0000A4C4 ftEntryEventObserver__notifyEventPokemonSpecial
0000A4C8 ftEntryEventObserver__notifyEventPokemonChangeCancel
0000A4CC ftEntryEventObserver__notifyEventPokemonCollect
0000A4D0 ftEntryEventObserver__notifyEventPokemonTrainerUpdate
0000A4D4 ftEntryEventObserver__notifyEventPokemonRequestChange
0000A4DC ftEntryEventObserver__notifyEventPokemonStart
0000A4E0 ftEntryEventObserver__notifyEventWarp
0000A4E4 ftEntryEventObserver__notifyEventPartnerResourcePrepared
0000A4E8 ftEntryEventObserver__notifyEventDeadPartner
0000A4EC ftEntryEventObserver__addObserver
0000A500 soTurnEventObserver__addObserver
0000A514 Fighter__disappear
0000A518 Fighter__trainerRestart
0000A51C Fighter__trainerStart
0000A520 Fighter__playEatSE
0000A524 Fighter__setVisibility
0000A528 Fighter__getFtKind
0000A530 Fighter__soGetSubKind
0000A540 Fighter__soGetKind
0000A548 Fighter__notifyEventCollisionAttackFighter
0000A54C Fighter__analyzeSeal
0000A550 Fighter__onHitReflector
0000A554 Fighter__change
0000A558 Fighter__setupChangeSucceedEffect
0000A560 Fighter__getChangeSucceedOption
0000A568 Fighter__postStart
0000A56C Fighter__onDeactivate
0000A570 Fighter__onActivate
0000A574 Fighter__onEndFinal
0000A578 Fighter__onStartFinal
0000A57C ftSound3dGeneratorAccesserImpl__getInstance
0000A58C ftSound3dGeneratorAccesserImpl__deactivate
0000A5E0 ftSound3dGeneratorAccesserImpl__activate
0000A63C ftVirtualNodeMatrixPoolImpl__getExtendMatrix
0000A644 ftVirtualNodeMatrixPoolImpl__getCommonMatrix
0000A64C ftVirtualNodeMatrixPoolImpl__getHitMatrix
0000A654 ftStatusGimmickUniqProcessPoolImpl__getUniqProcessEaten
0000A65C ftStatusGimmickUniqProcessPoolImpl__getUniqProcessTruck
0000A664 ftStatusGimmickUniqProcessPoolImpl__getUniqProcessSpring
0000A66C ftStatusGimmickUniqProcessPoolImpl__getUniqProcessLadder
0000A674 ftStatusGimmickUniqProcessPoolImpl__getUniqProcessCatapult
0000A67C ftStatusGimmickUniqProcessPoolImpl__getUniqProcessDoor
0000A684 ftStatusGimmickUniqProcessPoolImpl__getUniqProcessBarrel
0000A68C soKineticEnergy__getSpeed3f
0000A6EC soGeneralWorkSimple__getFlagWorkSize
0000A6F4 soGeneralWorkSimple__turnOffFlag
0000A768 soGeneralWorkSimple__isFlag
0000A784 soGeneralWorkSimple__offFlag
0000A79C soGeneralWorkSimple__clearFlag
0000A7B0 soGeneralWorkSimple__onFlag
0000A7C8 soGeneralWorkSimple__getFloatWorkSize
0000A7D0 soGeneralWorkSimple__divFloatWork
0000A7F8 soGeneralWorkSimple__mulFloatWork
0000A810 soGeneralWorkSimple__subFloatWork
0000A828 soGeneralWorkSimple__addFloatWork
0000A840 soGeneralWorkSimple__setFloatWork
0000A850 soGeneralWorkSimple__getFloatWork
0000A860 soGeneralWorkSimple__getIntWorkSize
0000A868 soGeneralWorkSimple__decIntWork
0000A880 soGeneralWorkSimple__incIntWork
0000A898 soGeneralWorkSimple__divIntWork
0000A8B8 soGeneralWorkSimple__mulIntWork
0000A8D0 soGeneralWorkSimple__subIntWork
0000A8E8 soGeneralWorkSimple__addIntWork
0000A900 soGeneralWorkSimple__setIntWork
0000A910 soGeneralWorkSimple__getIntWork
0000A920 soAnimCmdAddressPackArraySeparate__isNull
0000A928 soAnimCmdAddressPackArraySeparate__size
0000A9DC soAnimCmdAddressPackArraySeparate__at
0000AA30 soAnimCmdAddressPackArraySeparate__atSub
0000AB5C soAnimCmdAddressPackArraySeparate__at1
0000AB90 ftExtendParamAccesserEx_3999_15_23999_3___getParamFloat
0000ABE8 soValueAccesser__getValueVariation
0000ABF4 ftExtendParamAccesserEx_3999_15_23999_3___getParamInt
0000AC50 soKineticMediatorImpl_983soTypeList_100soInstancePoolInfo_21ftKineticEnergyMotion_1_21soKineticEn_______dt
0000ACB0 soArticleMediatorImpl_384soTypeList_73soInstancePoolInfo_13wnMarioMantle_1_16wnInstanceHolder_14s_____generate
0000B224 soArticleMediatorImpl_384soTypeList_73soInstancePoolInfo_13wnMarioMantle_1_16wnInstanceHolder_14s_____isGeneratable
0000B4F4 soArticleMediatorImpl_384soTypeList_73soInstancePoolInfo_13wnMarioMantle_1_16wnInstanceHolder_14s_____getActiveNum
0000B844 soArticleMediatorImpl_384soTypeList_73soInstancePoolInfo_13wnMarioMantle_1_16wnInstanceHolder_14s_____getGenerateMaxNum
0000B9C8 soArticleMediatorImpl_384soTypeList_73soInstancePoolInfo_13wnMarioMantle_1_16wnInstanceHolder_14s_____shoot
0000BC44 soArticleMediatorImpl_384soTypeList_73soInstancePoolInfo_13wnMarioMantle_1_16wnInstanceHolder_14s_____deactivate
0000BD3C soArticleMediatorImpl_384soTypeList_73soInstancePoolInfo_13wnMarioMantle_1_16wnInstanceHolder_14s_____getMediateNum
0000BD44 soArticleMediatorImpl_384soTypeList_73soInstancePoolInfo_13wnMarioMantle_1_16wnInstanceHolder_14s_____setAutoRecycle
0000BD50 ftFighterBuilder_18ftMarioBuildConfig___getCancelModule
0000BD5C ftFighterBuilder_18ftMarioBuildConfig___isEnableCancel
0000BD70 ftFighterBuilder_18ftMarioBuildConfig___getVirtualNodeMatrixPool
0000BD7C ftFighterBuilder_18ftMarioBuildConfig___getStatusGimmickUniqProcessPool
0000BD88 soArrayFixed_24soAnimCmdAddressPackConv___isEmpty
0000BDBC soArticle__checkActivate
0000BDCC soInstancePoolSub_76soInstancePoolInfo_16wnMarioHugeFlame_1_16wnInstanceHolder_14soIntToType_3________getInstanceAt
0000BDE4 soInstancePoolSub_71soInstancePoolInfo_11wnMarioPump_1_16wnInstanceHolder_14soIntToType_2___22soK_____getInstanceAt
0000BDFC soInstancePoolSub_75soInstancePoolInfo_15wnMarioFireball_5_16wnInstanceHolder_14soIntToType_1___2_____getInstanceAt
0000BE54 soInstancePoolSub_73soInstancePoolInfo_13wnMarioMantle_1_16wnInstanceHolder_14soIntToType_0___22s_____getInstanceAt
0000BE6C ftKineticEnergyMotion____dt
0000BECC soKineticEnergyHolder_21ftKineticEnergyMotion_18soTypeListNullType_28soKineticEnergyInitInfo_0_1______dt
0000BF2C soInstancePoolSub_100soInstancePoolInfo_21ftKineticEnergyMotion_1_21soKineticEnergyHolder_28soKin_______dt
0000BF8C soInstancePool_100soInstancePoolInfo_21ftKineticEnergyMotion_1_21soKineticEnergyHolder_28soKineti_______dt
0000BFEC soLineInvertHierarchy_136soTypeList_100soInstancePoolInfo_21ftKineticEnergyMotion_1_21soKineticEn_______dt
0000C050 ftKineticEnergyGravity____dt
0000C0AC soKineticEnergyHolder_22ftKineticEnergyGravity_18soTypeListNullType_28soKineticEnergyInitInfo_1_1______dt
0000C10C soInstancePoolSub_101soInstancePoolInfo_22ftKineticEnergyGravity_1_21soKineticEnergyHolder_28soKi_______dt
0000C16C soInstancePool_101soInstancePoolInfo_22ftKineticEnergyGravity_1_21soKineticEnergyHolder_28soKinet_______dt
0000C1DC ftKineticEnergyController____dt
0000C23C soKineticEnergyHolder_25ftKineticEnergyController_18soTypeListNullType_28soKineticEnergyInitInfo________dt
0000C29C soInstancePoolSub_104soInstancePoolInfo_25ftKineticEnergyController_1_21soKineticEnergyHolder_28s_______dt
0000C2FC soInstancePool_104soInstancePoolInfo_25ftKineticEnergyController_1_21soKineticEnergyHolder_28soKi_______dt
0000C374 ftKineticEnergyStop____dt
0000C3D4 soKineticEnergyHolder_19ftKineticEnergyStop_18soTypeListNullType_28soKineticEnergyInitInfo_3_1______dt
0000C434 soInstancePoolSub_98soInstancePoolInfo_19ftKineticEnergyStop_1_21soKineticEnergyHolder_28soKineti_______dt
0000C494 soInstancePool_98soInstancePoolInfo_19ftKineticEnergyStop_1_21soKineticEnergyHolder_28soKineticEn_______dt
0000C50C ftKineticEnergyDamage____dt
0000C568 soKineticEnergyHolder_21ftKineticEnergyDamage_18soTypeListNullType_28soKineticEnergyInitInfo_4_2______dt
0000C5C8 soInstancePoolSub_100soInstancePoolInfo_21ftKineticEnergyDamage_1_21soKineticEnergyHolder_28soKin_______dt
0000C628 soInstancePool_100soInstancePoolInfo_21ftKineticEnergyDamage_1_21soKineticEnergyHolder_28soKineti_______dt
0000C6A0 soKineticEnergyWindNormal____dt
0000C700 soKineticEnergyHolder_25soKineticEnergyWindNormal_18soTypeListNullType_28soKineticEnergyInitInfo________dt
0000C760 soInstancePoolSub_104soInstancePoolInfo_25soKineticEnergyWindNormal_1_21soKineticEnergyHolder_28s_______dt
0000C7C0 soInstancePool_104soInstancePoolInfo_25soKineticEnergyWindNormal_1_21soKineticEnergyHolder_28soKi_______dt
0000C838 soKineticEnergyGroundMovement____dt
0000C894 soKineticEnergyHolder_29soKineticEnergyGroundMovement_18soTypeListNullType_28soKineticEnergyInitI_______dt
0000C8F4 soInstancePoolSub_108soInstancePoolInfo_29soKineticEnergyGroundMovement_1_21soKineticEnergyHolder_______dt
0000C954 soInstancePool_108soInstancePoolInfo_29soKineticEnergyGroundMovement_1_21soKineticEnergyHolder_28_______dt
0000C9CC soKineticEnergyJostle____dt
0000CA28 soKineticEnergyHolder_21soKineticEnergyJostle_18soTypeListNullType_28soKineticEnergyInitInfo_7_4______dt
0000CA88 soInstancePoolSub_100soInstancePoolInfo_21soKineticEnergyJostle_1_21soKineticEnergyHolder_28soKin_______dt
0000CAE8 soInstancePool_100soInstancePoolInfo_21soKineticEnergyJostle_1_21soKineticEnergyHolder_28soKineti_______dt
0000CB60 soLineInvertHierarchy_983soTypeList_100soInstancePoolInfo_21ftKineticEnergyMotion_1_21soKineticEn_______dt
0000CBBC ftMarioD____dt
0000CC18 soKineticEnergyNormal__clearRotSpeed
0000CC1C soKineticEnergyNormal__clearSpeed
0000CC54 Vec2f____as
0000CC68 soKineticEnergyNormal__init
0000CD00 soKineticEnergyNormal__offConsiderGroundFriction
0000CD0C soKineticEnergyNormal__onConsiderGroundFriction
0000CD18 soKineticEnergyNormal__getRotation
0000CD30 soKineticEnergyNormal__getSpeed
0000CD40 soKineticMediatorImpl_983soTypeList_100soInstancePoolInfo_21ftKineticEnergyMotion_1_21soKineticEn_____changeKinetic
0000CE9C soKineticMediatorImpl_983soTypeList_100soInstancePoolInfo_21ftKineticEnergyMotion_1_21soKineticEn_____updateEnergy
0000D130 soKineticMediatorImpl_983soTypeList_100soInstancePoolInfo_21ftKineticEnergyMotion_1_21soKineticEn_____updateEnergy1
0000D258 soKineticMediatorImpl_983soTypeList_100soInstancePoolInfo_21ftKineticEnergyMotion_1_21soKineticEn_____updateEnergy2
0000D328 soKineticMediatorImpl_983soTypeList_100soInstancePoolInfo_21ftKineticEnergyMotion_1_21soKineticEn_____postUpdateEnergy
0000D32C soKineticMediatorImpl_983soTypeList_100soInstancePoolInfo_21ftKineticEnergyMotion_1_21soKineticEn_____addSpeed
0000D33C soKineticMediatorImpl_983soTypeList_100soInstancePoolInfo_21ftKineticEnergyMotion_1_21soKineticEn_____addSpeedOutside
0000D350 soKineticMediatorImpl_983soTypeList_100soInstancePoolInfo_21ftKineticEnergyMotion_1_21soKineticEn_____notifyEventChangeStatus
0000D364 soKineticMediatorImpl_983soTypeList_100soInstancePoolInfo_21ftKineticEnergyMotion_1_21soKineticEn_____getMediateNum
0000D36C soKineticUpdateEnergyHolderHelper_19ftKineticTransactor_____ct
0000D378 ftKineticTransactor__updateEnergy_21ftKineticEnergyMotion_
0000D3B0 soInstancePoolSub_100soInstancePoolInfo_21ftKineticEnergyMotion_1_21soKineticEnergyHolder_28soKin_____getInstanceAt
0000D3C8 soInstancePoolSub_100soInstancePoolInfo_21ftKineticEnergyMotion_1_21soKineticEnergyHolder_28soKin_____forEachHolderModuleAccesser_56soKineticUpdateEnergyHolderHelper_19ftKineticTransactor__
0000D458 soInstancePoolSubNull_21ftKineticEnergyMotion___forEachHolderModuleAccesser_56soKineticUpdateEnergyHolderHelper_19ftKineticTransactor__
0000D460 ftKineticTransactor__updateEnergy_22ftKineticEnergyGravity_
0000D498 soInstancePoolSub_101soInstancePoolInfo_22ftKineticEnergyGravity_1_21soKineticEnergyHolder_28soKi_____getInstanceAt
0000D4B0 soInstancePoolSub_101soInstancePoolInfo_22ftKineticEnergyGravity_1_21soKineticEnergyHolder_28soKi_____forEachHolderModuleAccesser_56soKineticUpdateEnergyHolderHelper_19ftKineticTransactor__
0000D540 soInstancePoolSubNull_22ftKineticEnergyGravity___forEachHolderModuleAccesser_56soKineticUpdateEnergyHolderHelper_19ftKineticTransactor__
0000D548 ftKineticTransactor__updateEnergy_25ftKineticEnergyController_
0000D580 soInstancePoolSub_104soInstancePoolInfo_25ftKineticEnergyController_1_21soKineticEnergyHolder_28s_____getInstanceAt
0000D598 soInstancePoolSub_104soInstancePoolInfo_25ftKineticEnergyController_1_21soKineticEnergyHolder_28s_____forEachHolderModuleAccesser_56soKineticUpdateEnergyHolderHelper_19ftKineticTransactor__
0000D628 soInstancePoolSubNull_25ftKineticEnergyController___forEachHolderModuleAccesser_56soKineticUpdateEnergyHolderHelper_19ftKineticTransactor__
0000D630 ftKineticTransactor__updateEnergy_19ftKineticEnergyStop_
0000D668 soInstancePoolSub_98soInstancePoolInfo_19ftKineticEnergyStop_1_21soKineticEnergyHolder_28soKineti_____getInstanceAt
0000D680 soInstancePoolSub_98soInstancePoolInfo_19ftKineticEnergyStop_1_21soKineticEnergyHolder_28soKineti_____forEachHolderModuleAccesser_56soKineticUpdateEnergyHolderHelper_19ftKineticTransactor__
0000D710 soInstancePoolSubNull_19ftKineticEnergyStop___forEachHolderModuleAccesser_56soKineticUpdateEnergyHolderHelper_19ftKineticTransactor__
0000D718 ftKineticTransactor__updateEnergy_21ftKineticEnergyDamage_
0000D750 soInstancePoolSub_100soInstancePoolInfo_21ftKineticEnergyDamage_1_21soKineticEnergyHolder_28soKin_____getInstanceAt
0000D768 soInstancePoolSub_100soInstancePoolInfo_21ftKineticEnergyDamage_1_21soKineticEnergyHolder_28soKin_____forEachHolderModuleAccesser_56soKineticUpdateEnergyHolderHelper_19ftKineticTransactor__
0000D7F8 soInstancePoolSubNull_21ftKineticEnergyDamage___forEachHolderModuleAccesser_56soKineticUpdateEnergyHolderHelper_19ftKineticTransactor__
0000D800 ftKineticTransactor__updateEnergy_25soKineticEnergyWindNormal_
0000D838 soInstancePoolSub_104soInstancePoolInfo_25soKineticEnergyWindNormal_1_21soKineticEnergyHolder_28s_____getInstanceAt
0000D850 soInstancePoolSub_104soInstancePoolInfo_25soKineticEnergyWindNormal_1_21soKineticEnergyHolder_28s_____forEachHolderModuleAccesser_56soKineticUpdateEnergyHolderHelper_19ftKineticTransactor__
0000D8E0 soInstancePoolSubNull_25soKineticEnergyWindNormal___forEachHolderModuleAccesser_56soKineticUpdateEnergyHolderHelper_19ftKineticTransactor__
0000D8E8 ftKineticTransactor__updateEnergy_29soKineticEnergyGroundMovement_
0000D920 soInstancePoolSub_108soInstancePoolInfo_29soKineticEnergyGroundMovement_1_21soKineticEnergyHolder_____getInstanceAt
0000D938 soInstancePoolSub_108soInstancePoolInfo_29soKineticEnergyGroundMovement_1_21soKineticEnergyHolder_____forEachHolderModuleAccesser_56soKineticUpdateEnergyHolderHelper_19ftKineticTransactor__
0000D9C8 soInstancePoolSubNull_29soKineticEnergyGroundMovement___forEachHolderModuleAccesser_56soKineticUpdateEnergyHolderHelper_19ftKineticTransactor__
0000D9D0 ftKineticTransactor__updateEnergy_21soKineticEnergyJostle_
0000DA08 soInstancePoolSub_100soInstancePoolInfo_21soKineticEnergyJostle_1_21soKineticEnergyHolder_28soKin_____getInstanceAt
0000DA20 soInstancePoolSub_100soInstancePoolInfo_21soKineticEnergyJostle_1_21soKineticEnergyHolder_28soKin_____forEachHolderModuleAccesser_56soKineticUpdateEnergyHolderHelper_19ftKineticTransactor__
0000DAB0 soInstancePoolSubNull_21soKineticEnergyJostle___forEachHolderModuleAccesser_56soKineticUpdateEnergyHolderHelper_19ftKineticTransactor__
0000DAB8 soKineticUpdateEnergyHolderHelper_19ftKineticTransactor_____ct1
0000DAC4 ftmariocpp____sinit_
0000DB60 ftMarioExtendParamAccesser____ct
0000DBA8 ftExtendParamAccesserEx_3999_15_23999_3_____ct
0000DBEC ftMarioDExtendParamAccesser____ct
0000DC34 ftClassInfoImpl_0_7ftMario_____ct
0000DC8C ftClassInfoImpl_0_7ftMario_____dt
0000DD10 ftClassInfoImpl_54_8ftMarioD_____ct
0000DD68 ftClassInfoImpl_54_8ftMarioD_____dt
0000DDEC ftClassInfoImpl_54_8ftMarioD___create
0000DEF0 ftClassInfoImpl_0_7ftMario___create
0000DF58 soArticleMediator___4_
0000DF60 soArticleMediatorImpl_384soTypeList_73soInstancePoolInfo_13wnMarioMantle_1_16wnInstanceHolder_14s______4_shoot
0000DF68 soArticleMediatorImpl_384soTypeList_73soInstancePoolInfo_13wnMarioMantle_1_16wnInstanceHolder_14s______4_
0000DF70 ftFighterBuilder_18ftMarioBuildConfig____64_
0000DF78 Fighter___72_notifyEventAnimCmd
0000DF80 Fighter___84_notifyEventLink
0000DF88 Fighter___112_notifyEventChangeSituation
0000DF90 Fighter___160_notifyEventCollisionReflectorCheck
0000DF98 Fighter___160_notifyEventCollisionReflector
0000DFA0 ftMario___64_
0000DFA8 ftMarioD___64_
0000DFB0 ftMario___72_notifyEventAnimCmd
0000DFB8 Fighter___72_isObserv
0000DFC0 ftMario___84_notifyEventLink
0000DFC8 Fighter___100_notifyEventChangeStatus
0000DFD0 ftMario___112_notifyEventChangeSituation
0000DFD8 Fighter___124_notifyEventCollisionAttackCheck
0000DFE0 Fighter___124_notifyEventCollisionAttack
0000DFE8 Fighter___136_notifyEventChangeCollisionHit
0000DFF0 Fighter___148_notifyEventCollisionShieldCheck
0000DFF8 Fighter___148_notifyEventCollisionShieldSearch
0000E000 Fighter___148_notifyEventCollisionShield
0000E008 ftMario___160_notifyEventCollisionReflectorCheck
0000E010 Fighter___160_notifyEventCollisionReflectorSearch
0000E018 ftMario___160_notifyEventCollisionReflector
0000E020 Fighter___172_notifyEventCollisionAbsorberCheck
0000E028 Fighter___172_notifyEventCollisionAbsorber
0000E030 Fighter___184_notifyEventCollisionSearchCheck
0000E038 Fighter___184_notifyEventCollisionSearch
0000E040 Fighter___196_notifyEventCaptureStatus
0000E048 Fighter___208_notifyVisibilityItem
0000E050 Fighter___208_notifyEjectAttachItem
0000E058 Fighter___208_notifyEjectItem
0000E060 Fighter___208_notifyShootBulletItem
0000E068 Fighter___208_notifyDropItem
0000E070 Fighter___208_notifyThrowItem
0000E078 Fighter___208_notifyUseItem
0000E080 Fighter___208_notifyAttachItem
0000E088 Fighter___208_notifyHaveItem
0000E090 Fighter___208_notifyHaveItemPreCheck
0000E098 Fighter___232_notifyEventAddDamage
0000E0A0 Fighter___232_notifyEventOnDamage
0000E0A8 Fighter___244_notifyEventPikminFinalAttack
0000E0B0 Fighter___244_notifyEventChangeAdvUnit
0000E0B8 Fighter___244_notifyEventBeat
0000E0C0 Fighter___244_notifyEventSetDamage
0000E0C8 Fighter___256_notifyEventTurn
0000E0D0 ftMarioStatusUniqProcessSpecialN__initStatus
0000E0D4 ftMarioStatusUniqProcessSpecialN__execStatus
0000E0D8 soStatusUniqProcess__checkTransitionPrecede
0000E0E0 soStatusUniqProcess__leaveStop
0000E0E4 soStatusUniqProcess__onChangeLr
0000E0EC soStatusUniqProcess__checkAttack
0000E0F0 soStatusUniqProcess__checkDamage
0000E0F8 soStatusUniqProcess__execFixCamera
0000E0FC soStatusUniqProcess__execFixPos
0000E100 soStatusUniqProcess__execFixPosCounter
0000E104 soStatusUniqProcess__execMapCorrection
0000E108 soStatusUniqProcess__execStop
0000E10C soStatusUniqProcess__exitStatus
0000E110 ftMarioStatusUniqProcessSpecialN____dt
0000E150 soStatusUniqProcess__execStatus
0000E154 soStatusUniqProcess__initStatus
0000E158 ftmariostatusuniqprocessspecialncpp____sinit_
0000E1A0 ftMarioStatusUniqProcessSpecialN____ct
0000E1B0 ftMarioStatusUniqProcessSpecialLwShoot__initStatus
0000E32C ftMarioStatusUniqProcessSpecialLwShoot____dt
0000E36C ftmariostatusuniqprocessspeciallwshootcpp____sinit_
0000E3B4 ftMarioStatusUniqProcessSpecialLwShoot____ct
0000E3C4 ftMarioStatusUniqProcessSpecialS__initStatus
0000E60C Vec3f____ct
0000E61C ftMarioStatusUniqProcessSpecialS__execStatus
0000E7FC ftMarioStatusUniqProcessSpecialS__exitStatus
0000E81C ftMarioStatusUniqProcessSpecialS____dt
0000E85C ftmariostatusuniqprocessspecialscpp____sinit_
0000E8A4 ftMarioStatusUniqProcessSpecialS____ct
0000E8B4 wnMarioMantle____ct
0000F9D4 wnWeaponBuilder_38wnMarioMantleModuleAccesserBuildConfig_____dt
0000FA44 wnModuleAccesserBuilder_38wnMarioMantleModuleAccesserBuildConfig_____dt
0000FAA0 soModuleAccesserBuilder_38wnMarioMantleModuleAccesserBuildConfig_____dt
0000FBD8 soTeamImpl____dt
0000FC34 soPostureModuleBuilder_53soPostureModuleBuildConfig_0_21soPostureModuleSimple______dt
0000FC94 soMotionModuleBuilder_214soMotionModuleBuildConfig_2_18soMotionModuleImpl_0_0_107soTransitionModu_______dt
0000FD0C soResourceIdAccesserImpl____dt
0000FD68 soParamCustomizeModuleImpl____dt
0000FDC4 soParamCustomizeModule____dt
0000FE04 soTeamImpl____ct
0000FE5C wnMarioMantle__active
0000FF8C Weapon__getArticleId
0000FF94 Weapon__getTaskId
0000FF9C Weapon__isActiveArticle
0000FFAC Weapon__isSyncOwnerStatus
0000FFC0 Weapon__setSyncOwnerStatus
0000FFD0 Weapon__isObserv
0000FFEC StageObject__isTreadPassive
0000FFF4 StageObject__checkTransitionStatus
0000FFFC StageObject__getInput
00010080 Input____dt
000100C0 IpNull____dt
00010100 soCollisionHitEventObserver__notifyEventChangeCollisionHit
00010104 soArticle__intrudeLogAttackInfo
00010108 soArticle__action
0001010C Weapon__onDeactivate
00010110 Weapon__soGetSubKind
00010118 Weapon__soGetKind
00010120 soParamCustomizeModuleImpl__getAttackPowerMulArticle
0001012C soParamCustomizeModuleImpl__getParamIndefinite
00010134 soParamCustomizeModuleImpl__getParamFloat
00010140 soParamCustomizeModuleImpl__getParamInt
00010148 soParamCustomizeModuleImpl__getWalkSpeedMul
00010154 soParamCustomizeModuleImpl__getAttackReactionMul
00010160 soParamCustomizeModuleImpl__isCustomize
00010168 soParamCustomizeModuleImpl__removeCustomize
0001016C soParamCustomizeModuleImpl__addCustomize
00010170 soParamCustomizeModuleImpl__setDefault
00010174 soParamCustomizeModuleImpl__activate
00010188 soParamCustomizeModuleImpl__getAttackPowerMulScale
00010190 soParamCustomizeModuleImpl__setAttackPowerMulScale
00010198 soParamCustomizeModuleImpl__getAttackPowerMulPattern
000101A0 soParamCustomizeModuleImpl__setAttackPowerMulPattern
000101A8 soParamCustomizeModuleImpl__getAttackPowerMul
000101B8 soArticleMediatorNull____dt
00010214 soArticleMediatorNull__shoot
0001021C soArticleMediatorNull__setAutoRecycle
00010220 soArticleMediatorNull__getMediateNum
00010228 soArticleMediatorNull__getGenerateMaxNum
00010230 soArticleMediatorNull__getActiveNum
00010238 soArticleMediatorNull__isGeneratable
00010240 soArticleMediatorNull__deactivate
00010244 soArticleMediatorNull__generate
00010250 soTeamImpl__reset
00010254 soTeamImpl__set2nd
0001025C soTeamImpl__get2nd
00010264 soTeamImpl__setIndirectNo
00010268 soTeamImpl__getIndirectNo
00010270 soTeamImpl__setNo
00010278 soTeamImpl__getNo
00010280 soResourceIdAccesserImpl__getBinArchiveId
00010290 soResourceIdAccesserImpl__getArchiveId
00010298 soResourceIdAccesserImpl__getEtcArchiveId
000102A8 soResourceIdAccesserImpl__getAnmArchiveId
000102B8 soResourceIdAccesserImpl__getTexArchiveId
000102C8 soResourceIdAccesserImpl__getMdlArchiveId
000102D8 soResourceIdAccesserImpl__getEtcResId
000102E0 soResourceIdAccesserImpl__getBinResId
000102E8 soResourceIdAccesserImpl__getAnmResId
000102F0 soResourceIdAccesserImpl__getMdlResIndex
000102F8 soResourceIdAccesserImpl__getMdlResId
00010300 soResourceIdAccesserImpl__getTexResIndex
00010308 soResourceIdAccesserImpl__getTexResId
00010310 soResourceIdAccesserImpl__setTexResIndex
00010318 soResourceIdAccesserImpl__setMdlResIndex
00010320 soResourceIdAccesserImpl__setTexResId
00010328 soResourceIdAccesserImpl__setMdlResId
00010330 soResourceIdAccesserImpl__setAnmResId
00010338 soResourceIdAccesserImpl__setResIdPacked
00010348 Input__getContNo
00010350 IpNull__removeRumbleMask
00010354 IpNull__removeRumbleId
00010358 IpNull__removeRumble
0001035C IpNull__stopRumble
00010360 IpNull__setRumble
00010364 IpNull__getTrigger
00010380 IpNull__getButton
00010388 IpNull__getStickSub
000103AC IpNull__getStickMain
000103D0 IpNull__update
000103D4 wnWeaponBuilder_38wnMarioMantleModuleAccesserBuildConfig___deactivateDescendantForce
00010480 soArticleMediatorNull___4_shoot
00010488 soArticleMediatorNull___4_
00010490 wnWeaponBuilder_38wnMarioMantleModuleAccesserBuildConfig____64_
00010498 wnWeaponBuilder_38wnMarioMantleModuleAccesserBuildConfig____144_
000104A0 wnWeaponBuilder_38wnMarioMantleModuleAccesserBuildConfig____136_
000104A8 wnMarioMantle___64_
000104B0 Weapon___72_notifyEventAnimCmd
000104B8 Weapon___72_isObserv
000104C0 Weapon___84_notifyEventLink
000104C8 Weapon___100_notifyEventChangeStatus
000104D0 Weapon___112_notifyEventCollisionAttackCheck
000104D8 Weapon___112_notifyEventCollisionAttack
000104E0 Weapon___124_notifyEventCollisionHit2nd
000104E8 Weapon___124_notifyEventCollisionHit
000104F0 wnMarioMantle___144_
000104F8 Weapon___136_setAttackPowerMulPattern
00010500 Weapon___136_getActiveGlobalFrame
00010508 Weapon___136_updateLogAttackInfo
00010510 Weapon___136_getLogAttackInfo
00010518 Weapon___136_setLogAttackInfo
00010520 Weapon___136_setSyncOwnerStatus
00010528 Weapon___136_isSyncOwnerStatus
00010530 Weapon___136_unlinkOwner
00010538 Weapon___136_linkOwner
00010540 Weapon___136_have
00010548 Weapon___136_getFounderTaskId
00010550 Weapon___136_getOwnerDeactiveTreatType
00010558 Weapon___136_deactivateArticle
00010560 Weapon___136_isActiveArticle
00010568 wnWeaponBuilder_38wnMarioMantleModuleAccesserBuildConfig____136_deactivateDescendantForce
00010570 Weapon___136_isConstraint
00010578 Weapon___136_setSituationKind
00010580 Weapon___136_set2nd
00010588 Weapon___136_setVisibility
00010590 Weapon___136_setVisibilityWhole
00010598 Weapon___136_changeStatus
000105A0 Weapon___136_setRate
000105A8 Weapon___136_setFrame
000105B0 Weapon___136_changeMotion
000105B8 Weapon___136_getTaskId
000105C0 Weapon___136_getArticleEventManageId
000105C8 Weapon___136_getArticleId
000105D0 Weapon___136_remove
000105D8 wnMarioMantle___136_
000105E0 wnMarioPump____ct
00011E50 wnWeaponBuilder_36wnMarioPumpModuleAccesserBuildConfig_____dt
00011EC0 wnModuleAccesserBuilder_36wnMarioPumpModuleAccesserBuildConfig_____dt
00011F34 wnAnimCmdModuleSubBuilder_79wnAnimCmdModuleSubBuildConfigDefault_1_3_0_0_1_6_0_0_1_6_0_0_1_6_0_0________dt
00011FC4 soAnimCmdControlUnitBuilder_48soAnimCmdControlUnitBuildConfig_3_2_6_0_0_1_0_8______dt
00012050 soAnimCmdControlUnitBuilder_48soAnimCmdControlUnitBuildConfig_2_2_6_0_0_1_0_8______dt
000120DC soAnimCmdControlUnitBuilder_48soAnimCmdControlUnitBuildConfig_1_2_6_0_0_1_0_8______dt
00012168 soModuleAccesserBuilder_36wnMarioPumpModuleAccesserBuildConfig_____dt
000122EC soColorBlendModuleBuilder_60soColorBlendModuleBuildConfig__1_0_22soColorBlendModuleImpl______dt
00012348 soGenerateArticleManageModuleBuilder_388soGenerateArticleManageModuleBuildConfig_303soArticleMedi_______dt
000123D0 soSelectInstanceHolder_1_303soArticleMediatorImpl_112soTypeList_77soInstancePoolInfo_16wnMarioPum_______dt
0001242C soArticleMediatorImpl_112soTypeList_77soInstancePoolInfo_16wnMarioPumpWater_12_16wnInstanceHolder_______dt
0001249C soLineHierarchy_112soTypeList_77soInstancePoolInfo_16wnMarioPumpWater_12_16wnInstanceHolder_14soI_______dt
00012500 soInstancePool_77soInstancePoolInfo_16wnMarioPumpWater_12_16wnInstanceHolder_14soIntToType_0___18_______dt
00012560 soInstancePoolSub_77soInstancePoolInfo_16wnMarioPumpWater_12_16wnInstanceHolder_14soIntToType_0_________dt
000125D0 wnMarioPumpWater____dt
000129B8 soInstancePoolSub_77soInstancePoolInfo_16wnMarioPumpWater_11_16wnInstanceHolder_14soIntToType_0_________dt
00012A28 soInstancePoolSub_77soInstancePoolInfo_16wnMarioPumpWater_10_16wnInstanceHolder_14soIntToType_0_________dt
00012A98 soInstancePoolSub_76soInstancePoolInfo_16wnMarioPumpWater_9_16wnInstanceHolder_14soIntToType_0__________dt
00012B08 soInstancePoolSub_76soInstancePoolInfo_16wnMarioPumpWater_8_16wnInstanceHolder_14soIntToType_0__________dt
00012B78 soInstancePoolSub_76soInstancePoolInfo_16wnMarioPumpWater_7_16wnInstanceHolder_14soIntToType_0__________dt
00012BE8 soInstancePoolSub_76soInstancePoolInfo_16wnMarioPumpWater_6_16wnInstanceHolder_14soIntToType_0__________dt
00012C58 soInstancePoolSub_76soInstancePoolInfo_16wnMarioPumpWater_5_16wnInstanceHolder_14soIntToType_0__________dt
00012CC4 soInstancePoolSub_76soInstancePoolInfo_16wnMarioPumpWater_4_16wnInstanceHolder_14soIntToType_0__________dt
00012D30 soInstancePoolSub_76soInstancePoolInfo_16wnMarioPumpWater_3_16wnInstanceHolder_14soIntToType_0__________dt
00012D9C soInstancePoolSub_76soInstancePoolInfo_16wnMarioPumpWater_2_16wnInstanceHolder_14soIntToType_0__________dt
00012E08 soInstancePoolSub_76soInstancePoolInfo_16wnMarioPumpWater_1_16wnInstanceHolder_14soIntToType_0__________dt
00012E68 soStatusModuleBuilder_204soStatusModuleBuildConfig_3_31soGeneralWorkBuildConfig_2_2_1__3_107soTra_______dt
00012F04 soControllerModuleBuilder_62soControllerModuleBuildConfig_25soControllerModuleLinkRef_0_0______dt
00012F64 soControllerModuleLinkRef____dt
00012FC0 soPostureModuleBuilder_53soPostureModuleBuildConfig_1_21soPostureModuleSimple______dt
00013034 soMotionModuleBuilder_214soMotionModuleBuildConfig_6_18soMotionModuleImpl_0_1_107soTransitionModu_______dt
000130B8 wnMarioPumpParamAccesser____dt
00013118 wnInstanceHolder_16wnMarioPumpWater_22soKindInfoGeneric_2_2__14soIntToType_0______ct
000131E4 wnMarioPump__activate
00013334 wnMarioPump__setCharge
00013358 wnMarioPump__activeArticle
00013550 soArticleMediatorImpl_112soTypeList_77soInstancePoolInfo_16wnMarioPumpWater_12_16wnInstanceHolder_____generate
00013968 soArticleMediatorImpl_112soTypeList_77soInstancePoolInfo_16wnMarioPumpWater_12_16wnInstanceHolder_____isGeneratable
00013B58 soArticleMediatorImpl_112soTypeList_77soInstancePoolInfo_16wnMarioPumpWater_12_16wnInstanceHolder_____getActiveNum
00013D68 soArticleMediatorImpl_112soTypeList_77soInstancePoolInfo_16wnMarioPumpWater_12_16wnInstanceHolder_____getGenerateMaxNum
00013EEC soArticleMediatorImpl_112soTypeList_77soInstancePoolInfo_16wnMarioPumpWater_12_16wnInstanceHolder_____shoot
000140C4 soArticleMediatorImpl_112soTypeList_77soInstancePoolInfo_16wnMarioPumpWater_12_16wnInstanceHolder_____deactivate
00014124 soArticleMediatorImpl_112soTypeList_77soInstancePoolInfo_16wnMarioPumpWater_12_16wnInstanceHolder_____getMediateNum
0001412C soArticleMediatorImpl_112soTypeList_77soInstancePoolInfo_16wnMarioPumpWater_12_16wnInstanceHolder_____setAutoRecycle
00014138 wnExtendParamAccesser_3999_5_23999_0_0_0___getParamFloat
00014158 wnExtendParamAccesser_3999_5_23999_0_0_0___getParamInt
00014178 wnExtendParamAccesser_3999_5_23999_0_0_0___getParamIndefinite
00014190 wnWeaponBuilder_36wnMarioPumpModuleAccesserBuildConfig___deactivateDescendantForce
000141A0 soInstancePoolSub_77soInstancePoolInfo_16wnMarioPumpWater_12_16wnInstanceHolder_14soIntToType_0_______getInstanceAt
00014284 soArticleMediatorImpl_112soTypeList_77soInstancePoolInfo_16wnMarioPumpWater_12_16wnInstanceHolder______4_shoot
0001428C soArticleMediatorImpl_112soTypeList_77soInstancePoolInfo_16wnMarioPumpWater_12_16wnInstanceHolder______4_
00014294 wnWeaponBuilder_36wnMarioPumpModuleAccesserBuildConfig____64_
0001429C wnWeaponBuilder_36wnMarioPumpModuleAccesserBuildConfig____144_
000142A4 wnWeaponBuilder_36wnMarioPumpModuleAccesserBuildConfig____136_
000142AC wnMarioPump___64_
000142B4 wnMarioPump___144_
000142BC wnWeaponBuilder_36wnMarioPumpModuleAccesserBuildConfig____136_deactivateDescendantForce
000142C4 wnMarioPump___136_
000142CC wnMarioPumpStatusUniqProcessShoot__execStatus
00014434 wnMarioPumpStatusUniqProcessShoot__execStop
00014494 wnMarioPumpStatusUniqProcessShoot____dt
000144D4 wnmariopumpstatusuniqprocessshootcpp____sinit_
0001451C wnMarioPumpStatusUniqProcessShoot____ct
0001452C wnMarioPumpWater____ct
00015D54 wnWeaponBuilder_41wnMarioPumpWaterModuleAccesserBuildConfig_____dt
00015DDC wnModuleAccesserBuilder_41wnMarioPumpWaterModuleAccesserBuildConfig_____dt
00015E4C wnAnimCmdModuleSubBuilder_79wnAnimCmdModuleSubBuildConfigDefault_1_3_0_0_1_3_0_0_1_3_0_0_1_3_0_0________dt
00015EDC soAnimCmdControlUnitBuilder_48soAnimCmdControlUnitBuildConfig_3_2_3_0_0_1_0_8______dt
00015F68 soAnimCmdControlUnitBuilder_48soAnimCmdControlUnitBuildConfig_2_2_3_0_0_1_0_8______dt
00015FF4 soAnimCmdControlUnitBuilder_48soAnimCmdControlUnitBuildConfig_1_2_3_0_0_1_0_8______dt
00016080 soModuleAccesserBuilder_41wnMarioPumpWaterModuleAccesserBuildConfig_____dt
0001620C soGlowModuleBuilder_45soGlowModuleBuildConfig_18soGlowModuleSimple______dt
00016268 soGeneralWorkBuilder_31soGeneralWorkBuildConfig_6_2_1______dt
000162C8 soStatusModuleBuilder_201soStatusModuleBuildConfig_3_28soGeneralWorkBuildConfigNull_3_107soTransi_______dt
00016358 soCollisionAttackModuleBuilder_77soCollisionAttackModuleBuildConfig_0_1_0_27soCollisionAttackModu_______dt
000163DC soMotionModuleBuilder_139soMotionModuleBuildConfig_3_18soMotionModuleImpl_0_0_33soTransitionModul_______dt
00016448 soModelModuleBuilder_49soModelModuleBuildConfig_1_0_17soModelModuleImpl______dt
000164B4 wnMarioPumpWaterParamAccesser____dt
00016514 soCollisionAttackAbsolute____dt
00016554 wnMarioPumpWater__activate
00016908 Vec2f____ct
00016914 wnMarioPumpWater__updateNodeSRT
000169EC Vec3f____as
00016A08 wnMarioPumpWater__notifyEventCollisionAttackCheck
00016A20 wnMarioPumpWater__reflect
00016B14 soKineticMediatorNull__getMediateNum
00016B1C soKineticMediatorNull__notifyEventChangeStatus
00016B20 soKineticMediatorNull__addSpeedOutside
00016B24 soKineticMediatorNull__addSpeed
00016B28 soKineticMediatorNull__postUpdateEnergy
00016B2C soKineticMediatorNull__updateEnergy
00016B30 soKineticMediatorNull__updateEnergy1
00016B34 soKineticMediatorNull__updateEnergy2
00016B38 soKineticMediatorNull__changeKinetic
00016B3C wnExtendParamAccesser_3999_6_23999_2_0_0___getParamFloat
00016B5C wnExtendParamAccesser_3999_6_23999_2_0_0___getParamInt
00016B7C wnExtendParamAccesser_3999_6_23999_2_0_0___getParamIndefinite
00016B94 wnWeaponBuilder_41wnMarioPumpWaterModuleAccesserBuildConfig___deactivateDescendantForce
00016C40 wnWeaponBuilder_41wnMarioPumpWaterModuleAccesserBuildConfig____64_
00016C48 wnWeaponBuilder_41wnMarioPumpWaterModuleAccesserBuildConfig____144_
00016C50 wnWeaponBuilder_41wnMarioPumpWaterModuleAccesserBuildConfig____136_
00016C58 wnMarioPumpWater___64_
00016C60 wnMarioPumpWater___112_notifyEventCollisionAttackCheck
00016C68 wnMarioPumpWater___144_
00016C70 wnWeaponBuilder_41wnMarioPumpWaterModuleAccesserBuildConfig____136_deactivateDescendantForce
00016C78 wnMarioPumpWater___136_
00016C80 wnMarioPumpWaterStatusUniqProcessRegular__execFixPos
00016D54 wnMarioPumpWaterStatusUniqProcessRegular____dt
00016D94 wnmariopumpwaterstatusuniqprocessregularcpp____sinit_
00016DDC wnMarioPumpWaterStatusUniqProcessRegular____ct
00016DEC wnMarioHugeFlame____ct
000185F4 wnWeaponBuilder_41wnMarioHugeFlameModuleAccesserBuildConfig_____dt
0001867C wnModuleAccesserBuilder_41wnMarioHugeFlameModuleAccesserBuildConfig_____dt
000186EC wnAnimCmdModuleSubBuilder_79wnAnimCmdModuleSubBuildConfigDefault_1_1_0_0_1_1_0_0_1_1_0_0_1_1_0_0________dt
0001877C soAnimCmdControlUnitBuilder_48soAnimCmdControlUnitBuildConfig_3_2_1_0_0_1_0_8______dt
00018808 soAnimCmdControlUnitBuilder_48soAnimCmdControlUnitBuildConfig_2_2_1_0_0_1_0_8______dt
00018894 soAnimCmdControlUnitBuilder_48soAnimCmdControlUnitBuildConfig_1_2_1_0_0_1_0_8______dt
00018920 soAnimCmdControlUnitBuilder_48soAnimCmdControlUnitBuildConfig_0_1_1_0_0_0_0_8______dt
000189AC soModuleAccesserBuilder_41wnMarioHugeFlameModuleAccesserBuildConfig_____dt
00018B20 soStatusModuleBuilder_204soStatusModuleBuildConfig_1_31soGeneralWorkBuildConfig_2_2_1__1_107soTra_______dt
00018BBC soArraySelectHolder_1_39soArrayVector_P19soStatusUniqProcess_1__56soSingletonHolder_35soArrayNull_______dt
00018C18 soCollisionAttackModuleBuilder_77soCollisionAttackModuleBuildConfig_0_2_0_27soCollisionAttackModu_______dt
00018C9C soMotionModuleBuilder_214soMotionModuleBuildConfig_1_18soMotionModuleImpl_0_0_107soTransitionModu_______dt
00018D14 wnMarioHugeFlameParamAccesser____dt
00018D74 wnMarioHugeFlame__activate
00018EC4 wnMarioHugeFlame__toFly
00018F3C wnMarioHugeFlame__notifyEventCollisionAttackCheck
00018F44 wnExtendParamAccesser_3999_1_23999_1_0_0___getParamFloat
00018F64 wnExtendParamAccesser_3999_1_23999_1_0_0___getParamInt
00018F84 wnExtendParamAccesser_3999_1_23999_1_0_0___getParamIndefinite
00018F9C wnWeaponBuilder_41wnMarioHugeFlameModuleAccesserBuildConfig___deactivateDescendantForce
00019048 wnWeaponBuilder_41wnMarioHugeFlameModuleAccesserBuildConfig____64_
00019050 wnWeaponBuilder_41wnMarioHugeFlameModuleAccesserBuildConfig____144_
00019058 wnWeaponBuilder_41wnMarioHugeFlameModuleAccesserBuildConfig____136_
00019060 wnMarioHugeFlame___64_
00019068 wnMarioHugeFlame___112_notifyEventCollisionAttackCheck
00019070 wnMarioHugeFlame___144_
00019078 wnWeaponBuilder_41wnMarioHugeFlameModuleAccesserBuildConfig____136_deactivateDescendantForce
00019080 wnMarioHugeFlame___136_
00019088 wnMarioHugeFlameStatusUniqProcessRegular__initStatus
00019184 wnMarioHugeFlameStatusUniqProcessRegular__requestEffect
000192D0 wnMarioHugeFlameStatusUniqProcessRegular__execFixPos
00019444 wnMarioHugeFlameStatusUniqProcessRegular____dt
00019484 wnmariohugeflamestatusuniqprocessregularcpp____sinit_
000194CC wnMarioHugeFlameStatusUniqProcessRegular____ct
000194DC __entry
00019524 __exit
0001956C __unresolved
000195C0 custom_onStartFinal
000195E0 custom_onStartFinal_1
00019600 custom_onStartFinal_2
0001961C custom_onStartFinal_3
00019638 custom_onStartFinal_end
0001963C custom_MetalBladeCustomizer__onDestruct
00019660 custom_MetalBladeCustomizer__onDestruct_restore
000196E4 custom_MetalBladeCustomizer__onDestruct_end
000196F4 custom_CrashBombCustomizer__onDestruct
00019718 custom_CrashBombCustomizer__onDestruct_restore
0001979C custom_CrashBombCustomizer__onDestruct_end
000197AC custom_RushCustomizer__onConstruct
000197D8 custom_RushCustomizer__onConstruct_passEntity
00019828 custom_RushCustomizer__onConstruct_end
00019840 custom_RushCustomizer__onDestruct
00019864 custom_RushCustomizer__onDestruct_reset
000198E8 custom_RushCustomizer__onDestruct_end
00019928 custom_LeafShieldCustomizer__onDestruct
0001994C custom_LeafShieldCustomizer__onDestruct_restore
000199D0 custom_LeafShieldCustomizer__onDestruct_end
000199E0 custom_LeafShieldCustomizer__onNotifyEventCollisionAttackCheck
000199F8 custom_LeafShieldCustomizer__onNotifyEventCollisionAttackCheck_checkLeaf
00019A1C custom_LeafShieldCustomizer__onNotifyEventCollisionAttackCheck_leaf4
00019A2C custom_LeafShieldCustomizer__onNotifyEventCollisionAttackCheck_leaf3
00019A3C custom_LeafShieldCustomizer__onNotifyEventCollisionAttackCheck_leaf2
00019A4C custom_LeafShieldCustomizer__onNotifyEventCollisionAttackCheck_leaf1
00019A50 custom_LeafShieldCustomizer__onNotifyEventCollisionAttackCheck_offFlag
00019A74 custom_LeafShieldCustomizer__onNotifyEventCollisionAttackCheck_end
.section 2
00000000 loc_0
.section 3
00000000 loc_0
.section 4
00000000 loc_0
00000008 loc_8
00000010 loc_10
00000018 loc_18
00000020 loc_20
00000028 loc_28
00000030 loc_30
00000034 loc_34
00000038 loc_38
00000040 loc_40
00000050 loc_50
00000058 loc_58
0000005C loc_5C
00000060 loc_60
00000080 loc_80
00000084 loc_84
00000088 loc_88
00000090 loc_90
00000098 loc_98
0000009C loc_9C
000000A0 custom_MetalBladeCustomizerEntry
000000AC custom_CrashBombCustomizerEntry
000000B8 custom_RushCustomizerEntry
000000C4 custom_LeafShieldCustomizerEntry
.section 5
00000000 loc_0
00000004 loc_4
00000008 loc_8
00000014 loc_14
00000020 loc_20
00000028 loc_28
00000050 loc_50
0000006C loc_6C
00000090 loc_90
00000098 loc_98
000000C0 loc_C0
000000DC loc_DC
00000100 loc_100
00000108 loc_108
00000130 loc_130
0000015C loc_15C
00000178 loc_178
00000180 loc_180
00000198 loc_198
000001AC loc_1AC
000001B4 loc_1B4
00000564 loc_564
00000570 loc_570
0000069C loc_69C
000006A4 loc_6A4
00000A54 loc_A54
00000A5C loc_A5C
00000B80 loc_B80
00000B88 loc_B88
00000F38 loc_F38
00000F60 loc_F60
0000107C loc_107C
00001084 loc_1084
000010C0 loc_10C0
000013C4 loc_13C4
000013E0 loc_13E0
000013E8 loc_13E8
000013F4 loc_13F4
000015AC loc_15AC
000015F0 loc_15F0
000015F8 loc_15F8
00001604 loc_1604
000017DC loc_17DC
00001818 loc_1818
00001820 loc_1820
0000182C loc_182C
000018A0 loc_18A0
000018A8 loc_18A8
000018B4 loc_18B4
00001900 loc_1900
00001908 loc_1908
00001A6C loc_1A6C
00001AA0 loc_1AA0
00001AA8 loc_1AA8
00001AB4 loc_1AB4
00001C38 loc_1C38
00001C64 loc_1C64
00001C6C loc_1C6C
00001C78 loc_1C78
00001CF0 loc_1CF0
00001CF8 loc_1CF8
00001D04 loc_1D04
00001D7C loc_1D7C
00001D84 loc_1D84
00001D90 loc_1D90
00001E08 loc_1E08
00001E10 loc_1E10
00001E1C loc_1E1C
00001E94 loc_1E94
00001E9C loc_1E9C
00001EA8 loc_1EA8
00001F20 loc_1F20
00001F28 loc_1F28
00001F34 loc_1F34
00001F80 loc_1F80
00001F88 loc_1F88
00002098 loc_2098
000020BC loc_20BC
000020C4 loc_20C4
000020D0 loc_20D0
00002200 loc_2200
0000221C loc_221C
00002224 loc_2224
00002230 loc_2230
000022A4 loc_22A4
000022AC loc_22AC
000022B8 loc_22B8
00002300 loc_2300
00002308 loc_2308
000023C4 loc_23C4
000023D8 loc_23D8
000023E0 loc_23E0
000023EC loc_23EC
00002478 loc_2478
00002484 loc_2484
0000248C loc_248C
00002498 loc_2498
00002510 loc_2510
00002518 loc_2518
00002524 loc_2524
00002570 loc_2570
00002578 loc_2578
00002590 loc_2590
000025B0 loc_25B0
000025BC loc_25BC
000025C4 loc_25C4
000025E0 loc_25E0
000025FC loc_25FC
00002610 loc_2610
00002618 loc_2618
00002630 loc_2630
0000263C loc_263C
00002644 loc_2644
00002670 loc_2670
00002694 loc_2694
000026A8 loc_26A8
000026B0 loc_26B0
000026D0 loc_26D0
000026DC loc_26DC
000026E4 loc_26E4
000026F8 loc_26F8
0000274C loc_274C
00002754 loc_2754
00002768 loc_2768
000027B4 loc_27B4
000027BC loc_27BC
000027D0 loc_27D0
000027D8 loc_27D8
000027E8 loc_27E8
000027F4 loc_27F4
000027FC loc_27FC
00002818 loc_2818
00002820 loc_2820
00002828 loc_2828
000028A4 loc_28A4
000028AC loc_28AC
000028BC loc_28BC
000028C8 loc_28C8
000028D0 loc_28D0
000028E0 loc_28E0
000028FC loc_28FC
00002904 loc_2904
00002914 loc_2914
0000291C loc_291C
00002930 loc_2930
00002938 loc_2938
000029A8 loc_29A8
000029BC loc_29BC
000029D0 loc_29D0
000029D8 loc_29D8
000029F0 loc_29F0
000029FC loc_29FC
00002A04 loc_2A04
00002A0C loc_2A0C
00002B20 loc_2B20
00002B28 loc_2B28
00002B3C loc_2B3C
00002B48 loc_2B48
00002B50 loc_2B50
00002B78 loc_2B78
00002B80 loc_2B80
00002B8C loc_2B8C
00002B94 loc_2B94
00002BAC loc_2BAC
00002BB8 loc_2BB8
00002BC0 loc_2BC0
00002BE8 loc_2BE8
00002BF0 loc_2BF0
00002C04 loc_2C04
00002C0C loc_2C0C
00002C28 loc_2C28
00002C34 loc_2C34
00002C3C loc_2C3C
00002C68 loc_2C68
00002C70 loc_2C70
00002C7C loc_2C7C
00002C90 loc_2C90
00002C98 loc_2C98
00002CC4 loc_2CC4
00002CCC loc_2CCC
00002D04 loc_2D04
00002D18 loc_2D18
00002D2C loc_2D2C
00002D34 loc_2D34
00002D44 loc_2D44
00002D58 loc_2D58
00002D60 loc_2D60
00002D70 loc_2D70
00002D84 loc_2D84
00002D8C loc_2D8C
00002DAC loc_2DAC
00002DD0 loc_2DD0
00002DE4 loc_2DE4
00002DEC loc_2DEC
00002E14 loc_2E14
00002E20 loc_2E20
00002E28 loc_2E28
00002E40 loc_2E40
00002E4C loc_2E4C
00002E54 loc_2E54
00002E7C loc_2E7C
00002E84 loc_2E84
00002EA4 loc_2EA4
00002EB0 loc_2EB0
00002EB8 loc_2EB8
00002EE8 loc_2EE8
00002EF0 loc_2EF0
00002F14 loc_2F14
00002F20 loc_2F20
00002F28 loc_2F28
00002F5C loc_2F5C
00002F64 loc_2F64
00002F88 loc_2F88
00002F94 loc_2F94
00002F9C loc_2F9C
00002FD0 loc_2FD0
00002FD8 loc_2FD8
00002FF8 loc_2FF8
00003004 loc_3004
0000300C loc_300C
0000303C loc_303C
00003044 loc_3044
00003060 loc_3060
0000306C loc_306C
00003074 loc_3074
000030A4 loc_30A4
000030AC loc_30AC
000030CC loc_30CC
000030D8 loc_30D8
000030E0 loc_30E0
00003110 loc_3110
00003118 loc_3118
00003130 loc_3130
0000313C loc_313C
00003144 loc_3144
0000316C loc_316C
00003174 loc_3174
00003190 loc_3190
0000319C loc_319C
000031A4 loc_31A4
000031D0 loc_31D0
000031D8 loc_31D8
000031F0 loc_31F0
000031FC loc_31FC
00003204 loc_3204
0000322C loc_322C
00003234 loc_3234
0000324C loc_324C
00003258 loc_3258
00003260 loc_3260
00003288 loc_3288
00003290 loc_3290
000032AC loc_32AC
000032C0 loc_32C0
000032C8 loc_32C8
000032E0 loc_32E0
000032EC loc_32EC
000032F4 loc_32F4
00003320 loc_3320
00003334 loc_3334
0000333C loc_333C
00003348 loc_3348
00003374 loc_3374
0000337C loc_337C
00003388 loc_3388
00003394 loc_3394
0000339C loc_339C
000033A8 loc_33A8
000033D4 loc_33D4
000033DC loc_33DC
000033F0 loc_33F0
000033FC loc_33FC
00003404 loc_3404
0000342C loc_342C
00003434 loc_3434
0000344C loc_344C
00003458 loc_3458
00003460 loc_3460
00003488 loc_3488
00003490 loc_3490
0000349C loc_349C
000034A8 loc_34A8
000034B0 loc_34B0
000034C4 loc_34C4
000034CC loc_34CC
000034D4 loc_34D4
000034DC loc_34DC
00003520 loc_3520
00003564 loc_3564
000035A8 loc_35A8
000035EC loc_35EC
00003630 loc_3630
0000365C loc_365C
00003A88 loc_3A88
00003A94 loc_3A94
00003A9C loc_3A9C
00003AA8 loc_3AA8
00003E9C loc_3E9C
00003F20 loc_3F20
00003F28 loc_3F28
00003F34 loc_3F34
00004344 loc_4344
000043C0 loc_43C0
000043C8 loc_43C8
000043D4 loc_43D4
00004460 loc_4460
00004468 loc_4468
00004474 loc_4474
000044D4 loc_44D4
000044DC loc_44DC
00004860 loc_4860
000048D4 loc_48D4
000048DC loc_48DC
000048E8 loc_48E8
00004C88 loc_4C88
00004CF4 loc_4CF4
00004CFC loc_4CFC
00004D08 loc_4D08
00004D9C loc_4D9C
00004DA4 loc_4DA4
00004DB0 loc_4DB0
00004E18 loc_4E18
00004E20 loc_4E20
0000512C loc_512C
00005190 loc_5190
00005198 loc_5198
000051A4 loc_51A4
000054CC loc_54CC
00005528 loc_5528
00005530 loc_5530
0000553C loc_553C
000055CC loc_55CC
000055D4 loc_55D4
000055E0 loc_55E0
00005644 loc_5644
0000564C loc_564C
000058E4 loc_58E4
00005938 loc_5938
00005940 loc_5940
0000594C loc_594C
00005C00 loc_5C00
00005C4C loc_5C4C
00005C54 loc_5C54
00005C60 loc_5C60
00005CEC loc_5CEC
00005CF4 loc_5CF4
00005D00 loc_5D00
00005D60 loc_5D60
00005D68 loc_5D68
00005F90 loc_5F90
00005FD4 loc_5FD4
00005FDC loc_5FDC
00005FE8 loc_5FE8
0000622C loc_622C
00006268 loc_6268
00006270 loc_6270
0000627C loc_627C
00006304 loc_6304
0000630C loc_630C
00006318 loc_6318
00006378 loc_6378
00006380 loc_6380
0000653C loc_653C
00006570 loc_6570
00006578 loc_6578
00006584 loc_6584
0000675C loc_675C
00006788 loc_6788
00006790 loc_6790
0000679C loc_679C
0000682C loc_682C
00006834 loc_6834
00006840 loc_6840
000068A4 loc_68A4
000068AC loc_68AC
000069F4 loc_69F4
00006A18 loc_6A18
00006A20 loc_6A20
00006A2C loc_6A2C
00006B90 loc_6B90
00006BAC loc_6BAC
00006BB4 loc_6BB4
00006BC0 loc_6BC0
00006C4C loc_6C4C
00006C54 loc_6C54
00006C60 loc_6C60
00006CC4 loc_6CC4
00006CCC loc_6CCC
00006DA4 loc_6DA4
00006DB8 loc_6DB8
00006DC0 loc_6DC0
00006DCC loc_6DCC
00006E6C loc_6E6C
00006E78 loc_6E78
00006E80 loc_6E80
00006E8C loc_6E8C
00006F18 loc_6F18
00006F20 loc_6F20
00006F2C loc_6F2C
00006F8C loc_6F8C
00006F94 loc_6F94
00006FA8 loc_6FA8
00007034 loc_7034
0000703C loc_703C
00007078 loc_7078
000070FC loc_70FC
00007104 loc_7104
00007110 loc_7110
0000719C loc_719C
000071A4 loc_71A4
000071DC loc_71DC
00007260 loc_7260
00007268 loc_7268
00007278 loc_7278
00007304 loc_7304
0000730C loc_730C
00007344 loc_7344
000073C8 loc_73C8
000073D0 loc_73D0
000073E0 loc_73E0
0000746C loc_746C
00007474 loc_7474
000074B0 loc_74B0
00007534 loc_7534
0000753C loc_753C
00007584 loc_7584
0000759C loc_759C
000075D0 loc_75D0
000075D8 loc_75D8
000075EC loc_75EC
00007618 loc_7618
00007620 loc_7620
00007638 loc_7638
0000765C loc_765C
00007664 loc_7664
00007680 loc_7680
000076A0 loc_76A0
000076B4 loc_76B4
000076BC loc_76BC
000076D8 loc_76D8
000076F4 loc_76F4
00007708 loc_7708
00007710 loc_7710
00007750 loc_7750
00007774 loc_7774
00007780 loc_7780
00007788 loc_7788
0000779C loc_779C
000077A8 loc_77A8
000077E8 loc_77E8
00007810 loc_7810
0000781C loc_781C
00007828 loc_7828
00007840 loc_7840
00007864 loc_7864
0000786C loc_786C
000078AC loc_78AC
000078D0 loc_78D0
000078DC loc_78DC
000078E8 loc_78E8
000078F4 loc_78F4
000078F8 loc_78F8
00007B64 loc_7B64
00007DD0 loc_7DD0
00007E20 loc_7E20
00007E3C loc_7E3C
00007E50 loc_7E50
00007E58 loc_7E58
00007E70 loc_7E70
00007E7C loc_7E7C
00007E84 loc_7E84
00007EC0 loc_7EC0
00007ED8 loc_7ED8
00007EF4 loc_7EF4
00007EFC loc_7EFC
00007F28 loc_7F28
00007F34 loc_7F34
00007F48 loc_7F48
00007F50 loc_7F50
00007FAC loc_7FAC
00007FC8 loc_7FC8
00007FDC loc_7FDC
00007FE4 loc_7FE4
00007FEC loc_7FEC
00007FF8 loc_7FF8
00008000 loc_8000
00008038 loc_8038
00008040 loc_8040
0000804C loc_804C
00008054 loc_8054
0000808C loc_808C
00008094 loc_8094
000080A0 loc_80A0
000080AC loc_80AC
000080B0 loc_80B0
000080B4 loc_80B4
00008320 loc_8320
0000858C loc_858C
000085C8 loc_85C8
000086E8 loc_86E8
00008704 loc_8704
0000870C loc_870C
00008718 loc_8718
000087D4 loc_87D4
000087E8 loc_87E8
000087F0 loc_87F0
000087FC loc_87FC
00008888 loc_8888
00008894 loc_8894
0000889C loc_889C
000088A8 loc_88A8
00008920 loc_8920
00008928 loc_8928
00008934 loc_8934
000089AC loc_89AC
000089B4 loc_89B4
000089C0 loc_89C0
00008A38 loc_8A38
00008A40 loc_8A40
00008A4C loc_8A4C
00008AC4 loc_8AC4
00008ACC loc_8ACC
00008AD8 loc_8AD8
00008B50 loc_8B50
00008B58 loc_8B58
00008B64 loc_8B64
00008BDC loc_8BDC
00008BE4 loc_8BE4
00008BF0 loc_8BF0
00008C68 loc_8C68
00008C70 loc_8C70
00008C7C loc_8C7C
00008CF4 loc_8CF4
00008CFC loc_8CFC
00008D08 loc_8D08
00008D80 loc_8D80
00008D88 loc_8D88
00008D94 loc_8D94
00008E0C loc_8E0C
00008E14 loc_8E14
00008E20 loc_8E20
00008E98 loc_8E98
00008EA0 loc_8EA0
00008EAC loc_8EAC
00008F24 loc_8F24
00008F2C loc_8F2C
00008F38 loc_8F38
00008F84 loc_8F84
00008F8C loc_8F8C
00008FB0 loc_8FB0
00008FCC loc_8FCC
00008FE8 loc_8FE8
00008FF0 loc_8FF0
00009020 loc_9020
00009034 loc_9034
0000903C loc_903C
00009080 loc_9080
000090C4 loc_90C4
00009108 loc_9108
0000914C loc_914C
00009190 loc_9190
000091A4 loc_91A4
00009230 loc_9230
00009238 loc_9238
00009274 loc_9274
000092F8 loc_92F8
00009300 loc_9300
00009340 loc_9340
00009364 loc_9364
00009370 loc_9370
00009378 loc_9378
00009388 loc_9388
0000938C loc_938C
00009390 loc_9390
000095FC loc_95FC
00009868 loc_9868
0000988C loc_988C
000098AC loc_98AC
000098C8 loc_98C8
000098D0 loc_98D0
00009900 loc_9900
00009914 loc_9914
0000991C loc_991C
00009948 loc_9948
00009960 loc_9960
0000996C loc_996C
00009974 loc_9974
0000998C loc_998C
000099B8 loc_99B8
000099C0 loc_99C0
00009A00 loc_9A00
00009A2C loc_9A2C
00009A38 loc_9A38
00009A40 loc_9A40
00009A50 loc_9A50
00009A54 loc_9A54
00009A58 loc_9A58
00009CC4 loc_9CC4
00009F30 loc_9F30
00009F54 loc_9F54
00009F74 loc_9F74
00009F90 loc_9F90
00009F98 loc_9F98
00009FC8 loc_9FC8
00009FDC loc_9FDC
00009FE8 loc_9FE8
0000A028 loc_A028
0000A054 loc_A054
0000A060 loc_A060
0000A068 custom_MetalBladeCustomizer
0000A13C custom_MetalBladeCustomizer_1
0000A15C custom_MetalBladeCustomizer_2
0000A184 custom_MetalBladeCustomizer_3
0000A18C custom_MetalBladeCustomizer_4
0000A1B8 custom_MetalBladeCustomizer_5
0000A1D4 custom_MetalBladeCustomizer_6
0000A1DC custom_CrashBombCustomizer
0000A2B0 custom_CrashBombCustomizer_1
0000A2D0 custom_CrashBombCustomizer_2
0000A2F8 custom_CrashBombCustomizer_3
0000A300 custom_CrashBombCustomizer_4
0000A32C custom_CrashBombCustomizer_5
0000A348 custom_CrashBombCustomizer_6
0000A350 custom_RushCustomizer
0000A424 custom_RushCustomizer_1
0000A43C custom_RushCustomizer_2
0000A464 custom_RushCustomizer_3
0000A46C custom_RushCustomizer_4
0000A494 custom_RushCustomizer_5
0000A4B0 custom_RushCustomizer_6
0000A4B8 custom_LeafShieldCustomizer
0000A58C custom_LeafShieldCustomizer_1
0000A5AC custom_LeafShieldCustomizer_2
0000A5D4 custom_LeafShieldCustomizer_3
0000A5DC custom_LeafShieldCustomizer_4
0000A608 custom_LeafShieldCustomizer_5
0000A624 custom_LeafShieldCustomizer_6
0000A62C loc_A068
.section 6
00000000 loc_0
00000008 loc_8
000001B0 loc_1B0
000001BC loc_1BC
000001C8 loc_1C8
000001CC loc_1CC
000001D0 loc_1D0
000001D4 loc_1D4
000001D8 loc_1D8
000001E4 loc_1E4
000001E8 loc_1E8
000001F4 loc_1F4
000001F8 loc_1F8
00000204 loc_204
00000208 loc_208
00000214 loc_214
00000220 loc_220
0000022C loc_22C
00000238 loc_238
00000244 loc_244
00000250 loc_250
0000025C loc_25C
00000268 loc_268
00000274 loc_274
00000278 loc_278
00000280 loc_280
00000284 loc_284
0000028C loc_28C
00000290 loc_290
00000294 loc_294
00000298 loc_298
0000029C loc_29C
000002A0 loc_2A0
000002A4 loc_2A4
000002A8 loc_2A8
000002AC loc_2AC
000002B0 loc_2B0
000002B4 loc_2B4
000002B8 loc_2B8
000002BC loc_2BC
000002C0 loc_2C0
000002C8 loc_2C8
000002D4 loc_2D4
000002E0 loc_2E0
000002EC loc_2EC
000002F8 loc_2F8
00000304 loc_304
00000310 loc_310
0000031C loc_31C
00000320 loc_320
00000324 loc_324
00000328 loc_328
00000330 loc_330
0000033C loc_33C
00000340 loc_340
0000034C loc_34C
00000358 loc_358
00000364 loc_364
00000370 loc_370
0000037C loc_37C
00000388 loc_388
00000398 loc_398
000003A4 loc_3A4
000003A8 loc_3A8
000003B4 loc_3B4
000003C0 loc_3C0
000003CC loc_3CC
000003D8 loc_3D8
000003E4 loc_3E4
000003F0 loc_3F0
00000400 loc_400
0000040C loc_40C
.section 7
.section 8
00000000 loc_0
000000B0 loc_B0
000000D0 loc_D0
000000E0 loc_E0
00000100 loc_100
00000120 loc_120
00000140 loc_140
00000170 loc_170
