.module 104
.section 1
00000000 globaldestructorchain____register_global_object
0000001C globaldestructorchain____destroy_global_chain
00000070 ftZelda____ct
00001994 ftFighterBuilder_18ftZeldaBuildConfig_____dt
00001A34 ftStatusGimmickUniqProcessPoolImpl____dt
00001AEC ftStatusUniqProcessGimmickEaten____dt
00001B48 ftStatusUniqProcessGimmick____dt
00001BAC ftStatusUniqProcessGimmickTruck____dt
00001C08 ftStatusUniqProcessGimmickSpring____dt
00001C64 ftStatusUniqProcessGimmickLadder____dt
00001CC0 ftStatusUniqProcessGimmickCatapult____dt
00001D1C ftStatusUniqProcessGimmickDoor____dt
00001D78 ftStatusUniqProcessGimmickBarrel____dt
00001DD4 ftStatusGimmickUniqProcessPool____dt
00001E14 ftVirtualNodeMatrixPoolImpl____dt
00001E70 ftVirtualNodeMatrixPool____dt
00001EB0 ftCancelModuleImpl____dt
00001F30 soAnimCmdEventObserver____dt
00001F8C soStatusEventObserver____dt
00001FE8 ftModuleAccesserBuilder_18ftZeldaBuildConfig_____dt
0000206C ftAnimCmdModuleSubBuilder_38ftAnimCmdModuleSubBuildConfig_284_480______dt
00002144 soAnimCmdControlUnitBuilder_51soAnimCmdControlUnitBuildConfig_10_16_41_0_0_1_0_8______dt
000021D0 soAnimCmdInterpreter____dt
0000222C soEventPresenter_22soAnimCmdEventObserver_____dt
0000226C soAnimCmdAddressPackArraySeparate____dt
000022AC soArraySelectHolder_1_44soArrayVector_25acCmdInterpreterStackData_8__61soSingletonHolder_40soArra_______dt
00002308 soAnimCmdControlUnitBuilder_41soAnimCmdControlUnitBuildConfigUniq_9_10______dt
00002374 soArraySelectHolder_1_45soArrayVector_25acCmdInterpreterStackData_10__61soSingletonHolder_40soArr_______dt
000023D0 soAnimCmdControlUnitBuilder_51soAnimCmdControlUnitBuildConfig_8_32_480_0_0_1_0_8______dt
0000245C soAnimCmdControlUnitBuilder_52soAnimCmdControlUnitBuildConfig_7_128_480_0_0_1_0_8______dt
0000249C soAnimCmdControlUnitBuilder_52soAnimCmdControlUnitBuildConfig_6_128_480_0_0_1_0_8______dt
00002528 soAnimCmdControlUnitBuilder_51soAnimCmdControlUnitBuildConfig_5_32_480_0_0_1_0_8______dt
000025B4 soAnimCmdControlUnitBuilder_50soAnimCmdControlUnitBuildConfig_4_2_480_0_0_1_0_8______dt
00002640 soAnimCmdControlUnitBuilder_51soAnimCmdControlUnitBuildConfig_3_64_480_0_0_1_0_8______dt
000026CC soAnimCmdControlUnitBuilder_51soAnimCmdControlUnitBuildConfig_2_64_480_0_0_1_0_8______dt
000027A4 soAnimCmdControlUnitBuilder_50soAnimCmdControlUnitBuildConfig_1_2_480_0_0_1_0_8______dt
00002830 soAnimCmdControlUnitBuilder_60soAnimCmdControlUnitBuildConfigDisguise_0_1_284_284_0_1_0_8______dt
000028C8 soArraySelectHolder_1_36soArrayVector_PC13acAnimCmdConv_284__51soSingletonHolder_30soArrayNull_PC_______dt
00002924 soModuleAccesserBuilder_18ftZeldaBuildConfig_____dt
00002BD0 soGlowModuleBuilder_43soGlowModuleBuildConfig_16ftGlowModuleImpl______dt
00002C2C soSlowModuleBuilder_43soSlowModuleBuildConfig_16soSlowModuleImpl______dt
00002C88 soAbnormalModuleBuilder_51soAbnormalModuleBuildConfig_20ftAbnormalModuleImpl______dt
00002CE4 soJostleModuleBuilder_51soJostleModuleBuildConfig_0_8_18soJostleModuleImpl______dt
00002D40 soColorBlendModuleBuilder_60soColorBlendModuleBuildConfig_10_1_22soColorBlendModuleImpl______dt
00002D9C soItemManageModuleBuilder_105soItemManageModuleBuildConfig_3_4_16soItemSearchImpl_24soItemPickTra_______dt
00002E1C soArraySelectHolder_1_29soArrayVector_10soItemInfo_4__46soSingletonHolder_25soArrayNull_10soItemI_______dt
00002E78 soShadowModuleBuilder_47soShadowModuleBuildConfig_18soShadowModuleImpl______dt
00002ED4 soSlopeModuleBuilder_49soSlopeModuleBuildConfig_0_1_17soSlopeModuleImpl______dt
00002F30 soPhysicsModuleBuilder_53soPhysicsModuleBuildConfig_2_19soPhysicsModuleImpl_1______dt
00002FA4 soAreaModuleBuilder_89soAreaModuleBuildConfig_9_16_34soAreaEnviromentElementCheckerImpl_16ftAreaM_______dt
0000303C soComboModuleBuilder_45soComboModuleBuildConfig_17ftComboModuleImpl______dt
00003098 soEffectModuleBuilder_58soEffectModuleBuildConfig_1_1_1_1_10_18soEffectModuleImpl______dt
00003130 soArraySelectHolder_1_33soArrayVector_14efScreenHandle_1__50soSingletonHolder_29soArrayNull_14efS_______dt
0000318C soArraySelectHolder_1_31soArrayVector_12soEffectTime_1__48soSingletonHolder_27soArrayNull_12soEff_______dt
000031E8 soGenerateArticleManageModuleBuilder_949soGenerateArticleManageModuleBuildConfig_864soArticleMedi_______dt
00003270 soSelectInstanceHolder_1_864soArticleMediatorImpl_393soTypeList_71soInstancePoolInfo_11wnZeldaDei_______dt
000032CC soArticleMediatorImpl_393soTypeList_71soInstancePoolInfo_11wnZeldaDein_3_16wnInstanceHolder_14soI_______dt
0000333C soLineHierarchy_393soTypeList_71soInstancePoolInfo_11wnZeldaDein_3_16wnInstanceHolder_14soIntToTy_______dt
00003398 soInstancePool_71soInstancePoolInfo_11wnZeldaDein_3_16wnInstanceHolder_14soIntToType_0___390soLin_______dt
00003414 soInstancePoolSub_71soInstancePoolInfo_11wnZeldaDein_3_16wnInstanceHolder_14soIntToType_0___23soK_______dt
00003480 wnInstanceHolder_11wnZeldaDein_23soKindInfoGeneric_0_13__14soIntToType_0______dt
000034E0 wnZeldaDein____dt
00003804 soParamAccesser____dt
00003844 soKineticEnergyRotNormal____dt
000038A0 soKineticEnergy____dt
000038E0 soAnimCmdControlUnitBuilder_40soAnimCmdControlUnitBuildConfigUniq_4_8______dt
0000394C soAnimCmdControlUnitBuilder_48soAnimCmdControlUnitBuildConfig_3_2_2_0_0_1_0_8______dt
000039D8 soAnimCmdControlUnitBuilder_48soAnimCmdControlUnitBuildConfig_2_2_2_0_0_1_0_8______dt
00003A64 soAnimCmdControlUnitBuilder_48soAnimCmdControlUnitBuildConfig_1_2_2_0_0_1_0_8______dt
00003AF0 soGlowModuleBuilder_45soGlowModuleBuildConfig_18soGlowModuleSimple______dt
00003B4C soReflectModuleBuilder_51soReflectModuleBuildConfig_0_19soReflectModuleImpl______dt
00003BA8 soSlowModuleBuilder_45soSlowModuleBuildConfig_18soSlowModuleSimple______dt
00003C04 soEffectModuleBuilder_58soEffectModuleBuildConfig_1_1_0_1__1_18soEffectModuleImpl______dt
00003C90 soArticleMediator____dt
00003CD0 soArticleOperator____dt
00003D10 soArticleGenerator____dt
00003D50 soGeneralWorkBuilder_31soGeneralWorkBuildConfig_7_6_1______dt
00003DB0 soGeneralWorkSimple____dt
00003E0C soGeneralWorkAbstract____dt
00003E4C soKineticModuleBuilder_75soKineticModuleBuildConfig_19wnKineticModuleImpl_21soKineticMediatorNull_______dt
00003EE8 soInstanceManagerFullProperty_P15soKineticEnergy_____dt
00003F28 soKineticModuleImpl____dt
00003F88 soStatusModuleImpl____dt
0000400C soArrayQueueImpl_18soArrayVector_l_1______dt
0000406C soTransitionModuleBuilder_107soTransitionModuleBuildConfig_49soTypeList_14soIntToType_6__18soType_______dt
000040F4 soTransitionModuleImpl____dt
00004154 soTransitionInfo____dt
00004194 soAnimCmdModuleBuilder_51soAnimCmdModuleBuildConfig_6_19soAnimCmdModuleImpl______dt
0000421C soInstanceManagerFullProperty_20soAnimCmdControlUnit_____dt
0000425C soAnimCmdModuleImpl____dt
000042C8 soWorkManageModuleBuilder_55soWorkManageModuleBuildConfig_22soWorkManageModuleImpl______dt
00004324 soVisibilityModuleBuilder_59soVisibilityModuleBuildConfig_24soVisibilityModuleSimple_1______dt
00004380 soLinkModuleBuilder_45soLinkModuleBuildConfig_5_16soLinkModuleImpl______dt
000043EC soSoundModuleBuilder_80soSoundModuleBuildConfig_0_30soSound3dGeneratorAccesserImpl_17soSoundModul_______dt
0000444C soShakeModuleBuilder_49soShakeModuleBuildConfig_0_19soShakeModuleSimple______dt
000044AC soStopModuleBuilder_43soStopModuleBuildConfig_16soStopModuleImpl______dt
00004508 soCollisionAttackModuleBuilder_77soCollisionAttackModuleBuildConfig_0_1_0_27soCollisionAttackModu_______dt
0000458C soTeamModuleBuilder_56soTeamModuleBuildConfig_10soTeamImpl_16soTeamModuleImpl______dt
00004618 soTeam____dt
00004658 soSituationModuleBuilder_53soSituationModuleBuildConfig_21soSituationModuleImpl______dt
000046B4 soGroundModuleBuilder_49soGroundModuleBuildConfig_1_18soGroundModuleImpl______dt
00004720 soPostureModuleBuilder_51soPostureModuleBuildConfig_1_19soPostureModuleImpl______dt
00004794 soMotionModuleBuilder_214soMotionModuleBuildConfig_2_18soMotionModuleImpl_0_0_107soTransitionModu_______dt
0000480C soTransitionModuleBuilder_107soTransitionModuleBuildConfig_49soTypeList_14soIntToType_4__18soType_______dt
00004894 soModelModuleBuilder_49soModelModuleBuildConfig_5_0_17soModelModuleImpl______dt
00004900 soResourceModuleBuilder_80soResourceModuleBuildConfig_0_24soResourceIdAccesserImpl_20soResourceMo_______dt
00004978 soResourceIdAccesser____dt
000049B8 soParamCustomizeModuleBuilder_63soParamCustomizeModuleBuildConfig_26soParamCustomizeModuleImpl______dt
000049F8 soHeapModuleBuilder_43soHeapModuleBuildConfig_16soHeapModuleImpl______dt
00004A54 soInsideEventManageModuleBuilder_106soInsideEventManageModuleBuildConfig_16_32_4_2_4_4_4_4_2_4_4________dt
00004B80 soInstancePoolSub_71soInstancePoolInfo_11wnZeldaDein_2_16wnInstanceHolder_14soIntToType_0___23soK_______dt
00004BEC soInstancePoolSub_71soInstancePoolInfo_11wnZeldaDein_1_16wnInstanceHolder_14soIntToType_0___23soK_______dt
00004C4C soInstancePool_72soInstancePoolInfo_12wnZeldaDeinS_3_16wnInstanceHolder_14soIntToType_1___300soLi_______dt
00004CC4 soInstancePoolSub_72soInstancePoolInfo_12wnZeldaDeinS_3_16wnInstanceHolder_14soIntToType_1___23so_______dt
00004D30 wnInstanceHolder_12wnZeldaDeinS_23soKindInfoGeneric_0_13__14soIntToType_1______dt
00004D90 wnZeldaDeinS____dt
00004FAC wnAnimCmdModuleSubBuilder_79wnAnimCmdModuleSubBuildConfigDefault_1_1_0_0_1_1_0_0_1_1_0_0_1_1_0_0________dt
000050D8 soAnimCmdControlUnitBuilder_48soAnimCmdControlUnitBuildConfig_0_1_1_0_0_0_0_8______dt
00005164 soArraySelectHolder_1_39soArrayVector_P19soStatusUniqProcess_1__56soSingletonHolder_35soArrayNull_______dt
000051C0 soMotionModuleBuilder_214soMotionModuleBuildConfig_1_18soMotionModuleImpl_0_0_107soTransitionModu_______dt
00005238 soInstancePoolSub_72soInstancePoolInfo_12wnZeldaDeinS_2_16wnInstanceHolder_14soIntToType_1___23so_______dt
000052A4 soInstancePoolSub_72soInstancePoolInfo_12wnZeldaDeinS_1_16wnInstanceHolder_14soIntToType_1___23so_______dt
00005304 soInstancePool_78soInstancePoolInfo_18wnZeldaLightingBow_1_16wnInstanceHolder_14soIntToType_2___2_______dt
00005374 soInstancePoolSub_78soInstancePoolInfo_18wnZeldaLightingBow_1_16wnInstanceHolder_14soIntToType_2________dt
000053D4 wnInstanceHolder_18wnZeldaLightingBow_23soKindInfoGeneric_0_13__14soIntToType_2______dt
00005434 wnZeldaLightingBow____dt
00005648 soStatusModuleBuilder_204soStatusModuleBuildConfig_1_31soGeneralWorkBuildConfig_2_2_1__1_107soTra_______dt
000056F0 soLineHierarchy_118soTypeList_83soInstancePoolInfo_23wnZeldaLightingBowArrow_1_16wnInstanceHolder_______dt
00005754 soInstancePool_83soInstancePoolInfo_23wnZeldaLightingBowArrow_1_16wnInstanceHolder_14soIntToType________dt
000057B4 soInstancePoolSub_83soInstancePoolInfo_23wnZeldaLightingBowArrow_1_16wnInstanceHolder_14soIntToTy_______dt
00005814 wnInstanceHolder_23wnZeldaLightingBowArrow_23soKindInfoGeneric_0_13__14soIntToType_3______dt
00005874 wnZeldaLightingBowArrow____dt
00005A4C soGeneralWorkBuilder_33soGeneralWorkBuildConfig_77_32_3______dt
00005AAC soKineticModuleBuilder_1198soKineticModuleBuildConfig_26soKineticModuleGenericImpl_1134soKineticM_______dt
00005B24 soInstanceManagerFullPropertyVector_P15soKineticEnergy_12_____dt
00005B94 soKineticModuleGenericImpl____dt
00005C00 soStatusModuleBuilder_823soStatusModuleBuildConfig_284_33soGeneralWorkBuildConfig_34_14_2__274_71_______dt
00005C9C soArraySelectHolder_1_41soArrayVector_P19soStatusUniqProcess_284__56soSingletonHolder_35soArrayNu_______dt
00005CF8 soTransitionModuleBuilder_716soTransitionModuleBuildConfig_657soTypeList_15soIntToType_25__624soT_______dt
00005D70 soJagArray_46soInstanceUnitFullProperty_16soTransitionTerm__657soTypeList_15soIntToType_25__624so_______dt
00005DD0 soArrayPool_15soIntToType_25__818soLineHierarchy_624soTypeList_14soIntToType_6__592soTypeList_14s_______dt
00005E48 soArrayPool_14soIntToType_6__786soLineHierarchy_592soTypeList_14soIntToType_2__560soTypeList_14so_______dt
00005EC0 soArrayPool_14soIntToType_2__754soLineHierarchy_560soTypeList_14soIntToType_1__528soTypeList_15so_______dt
00005F38 soArrayPool_14soIntToType_1__722soLineHierarchy_528soTypeList_15soIntToType_17__495soTypeList_14s_______dt
00005FB0 soArrayPool_15soIntToType_17__689soLineHierarchy_495soTypeList_14soIntToType_3__463soTypeList_14s_______dt
00006028 soArrayPool_14soIntToType_3__657soLineHierarchy_463soTypeList_14soIntToType_1__431soTypeList_14so_______dt
000060A0 soArrayPool_14soIntToType_1__625soLineHierarchy_431soTypeList_14soIntToType_2__399soTypeList_14so_______dt
00006118 soArrayPool_14soIntToType_2__593soLineHierarchy_399soTypeList_14soIntToType_8__367soTypeList_14so_______dt
00006190 soArrayPool_14soIntToType_8__561soLineHierarchy_367soTypeList_14soIntToType_2__335soTypeList_14so_______dt
00006208 soArrayPool_14soIntToType_2__530soLineHierarchy_335soTypeList_14soIntToType_1__303soTypeList_14so_______dt
00006280 soArrayPool_14soIntToType_1__498soLineHierarchy_303soTypeList_14soIntToType_6__271soTypeList_14so_______dt
000062F8 soArrayPool_14soIntToType_6__466soLineHierarchy_271soTypeList_14soIntToType_3__239soTypeList_14so_______dt
00006370 soArrayPool_14soIntToType_3__434soLineHierarchy_239soTypeList_14soIntToType_1__207soTypeList_14so_______dt
000063E8 soArrayPool_14soIntToType_1__402soLineHierarchy_207soTypeList_14soIntToType_1__175soTypeList_14so_______dt
00006460 soArrayPool_14soIntToType_1__370soLineHierarchy_175soTypeList_14soIntToType_2__143soTypeList_14so_______dt
000064D8 soArrayPool_14soIntToType_2__338soLineHierarchy_143soTypeList_14soIntToType_3__111soTypeList_14so_______dt
00006550 soArrayPool_14soIntToType_3__306soLineHierarchy_111soTypeList_14soIntToType_2__80soTypeList_14soI_______dt
000065C8 soArrayPool_14soIntToType_2__274soLineHierarchy_80soTypeList_14soIntToType_6__49soTypeList_14soIn_______dt
00006640 soArrayPool_14soIntToType_6__243soLineHierarchy_49soTypeList_14soIntToType_1__18soTypeListNullTyp_______dt
000066B0 soLineHierarchy_49soTypeList_14soIntToType_1__18soTypeListNullType__11soArrayPool_65soArrayPoolRo_______dt
00006710 soGeneralWorkBuilder_33soGeneralWorkBuildConfig_34_14_2______dt
00006770 soAnimCmdModuleBuilder_52soAnimCmdModuleBuildConfig_11_19soAnimCmdModuleImpl______dt
000067DC soInstanceManagerFullPropertyVector_20soAnimCmdControlUnit_11_____dt
0000684C soCameraModuleBuilder_49soCameraModuleBuildConfig_18soCameraModuleImpl_1______dt
000068C0 soControllerModuleBuilder_60soControllerModuleBuildConfig_22ftControllerModuleImpl_10_2______dt
00006940 soArraySelectHolder_1_38soArrayVector_19soControllerClatter_2__55soSingletonHolder_34soArrayNull________dt
0000699C soVisibilityModuleBuilder_57soVisibilityModuleBuildConfig_22soVisibilityModuleImpl_2______dt
000069F8 soLinkModuleBuilder_45soLinkModuleBuildConfig_6_16soLinkModuleImpl______dt
00006A64 soSoundModuleBuilder_80soSoundModuleBuildConfig_1_30ftSound3dGeneratorAccesserImpl_17soSoundModul_______dt
00006AD0 ftSound3dGeneratorAccesserImpl____dt
00006B10 soShakeModuleBuilder_47soShakeModuleBuildConfig_4_17soShakeModuleImpl______dt
00006B84 soTurnModuleBuilder_43soTurnModuleBuildConfig_16soTurnModuleImpl______dt
00006BE0 soStopModuleBuilder_43soStopModuleBuildConfig_16ftStopModuleImpl______dt
00006C3C soCaptureModuleBuilder_49soCaptureModuleBuildConfig_19soCaptureModuleImpl______dt
00006C98 soCatchModuleBuilder_47soCatchModuleBuildConfig_1_17soCatchModuleImpl______dt
00006CF4 soDamageModuleBuilder_98soDamageModuleBuildConfig_19soDamageModuleActor_1_22ftDamageTransactorImp_______dt
00006D68 soCollisionSearchModuleBuilder_73soCollisionSearchModuleBuildConfig_0_1_1_27soCollisionSearchModu_______dt
00006DE0 soCollisionCatchModuleBuilder_71soCollisionCatchModuleBuildConfig_0_4_1_26soCollisionCatchModuleI_______dt
00006E4C soCollisionReflectorModuleBuilder_75soCollisionReflectorModuleBuildConfig_0_13_3_27soCollisionShi_______dt
00006EDC soCollisionShieldModuleBuilder_73soCollisionShieldModuleBuildConfig_0_1_1_27soCollisionShieldModu_______dt
00006F6C soCollisionHitModuleBuilder_73soCollisionHitModuleBuildConfig_0_20_1_24soCollisionHitModuleImpl_1_______dt
00006FF0 soCollisionAttackModuleBuilder_78soCollisionAttackModuleBuildConfig_0_5_10_27soCollisionAttackMod_______dt
00007074 soTeamModuleBuilder_51soTeamModuleBuildConfig_6ftTeam_16soTeamModuleImpl______dt
000070EC ftTeamIndirect____dt
0000714C ftTeam____dt
000071A8 soMotionModuleBuilder_248soMotionModuleBuildConfig_480_18soMotionModuleImpl_2_1_107soTransitionMo_______dt
0000725C soMotionAnimObjCacheModuleBuilder_73soMotionAnimObjCacheModuleBuildConfig_5_30soMotionAnimObjCach_______dt
000072C8 soArraySelectHolder_1_19soArrayVector_Ul_5__36soSingletonHolder_15soArrayNull_Ul_______dt
00007324 soSelectInstanceHolder_1_39soArrayVector_20soTransitionTermPack_1__58soSingletonConcrete_35soArra_______dt
00007380 soArraySelectHolder_1_30soArrayVector_11soOtherAnim_1__47soSingletonHolder_26soArrayNull_11soOthe_______dt
000073DC soArraySelectHolder_1_32soArrayVector_13soPartialAnim_2__49soSingletonHolder_28soArrayNull_13soPa_______dt
00007438 soTransitionModuleBuilder_107soTransitionModuleBuildConfig_49soTypeList_14soIntToType_8__18soType_______dt
000074B0 soJagArray_46soInstanceUnitFullProperty_16soTransitionTerm__49soTypeList_14soIntToType_8__18soTyp_______dt
0000750C soLineHierarchy_49soTypeList_14soIntToType_8__18soTypeListNullType__11soArrayPool_65soArrayPoolRo_______dt
0000756C soModelModuleBuilder_49soModelModuleBuildConfig_8_3_17soModelModuleImpl______dt
000075E4 soArraySelectHolder_1_37soArrayVector_18soModelVirtualNode_3__54soSingletonHolder_33soArrayNull_1_______dt
00007640 soResourceModuleBuilder_87soResourceModuleBuildConfigDynamic_0_24ftResourceIdAccesserImpl_20soRes_______dt
000076B8 soParamCustomizeModuleBuilder_63soParamCustomizeModuleBuildConfig_26ftParamCustomizeModuleImpl______dt
00007714 soInsideEventManageModuleBuilder_106soInsideEventManageModuleBuildConfig_32_40_4_4_4_4_4_4_5_4_4________dt
00007858 soNullable____ct
0000786C soTeamModuleBuilder_51soTeamModuleBuildConfig_6ftTeam_16soTeamModuleImpl______ct
00007930 soNullable__isNull
00007938 soInsideEventManageModuleBuilder_106soInsideEventManageModuleBuildConfig_32_40_4_4_4_4_4_4_5_4_4________ct
00007C8C soResourceModuleBuilder_87soResourceModuleBuildConfigDynamic_0_24ftResourceIdAccesserImpl_20soRes_______ct
00007CF4 soModelModuleBuilder_49soModelModuleBuildConfig_8_3_17soModelModuleImpl______ct
00007D7C soMotionModuleBuilder_248soMotionModuleBuildConfig_480_18soMotionModuleImpl_2_1_107soTransitionMo_______ct
00007F18 soTransitionModuleImpl____ct
00007F50 soPostureModuleBuilder_51soPostureModuleBuildConfig_1_19soPostureModuleImpl______ct
00007FC0 soGroundModuleBuilder_49soGroundModuleBuildConfig_1_18soGroundModuleImpl______ct
00008024 soCollisionAttackModuleBuilder_78soCollisionAttackModuleBuildConfig_0_5_10_27soCollisionAttackMod_______ct
000080E8 soCollisionHitModuleBuilder_73soCollisionHitModuleBuildConfig_0_20_1_24soCollisionHitModuleImpl_1_______ct
000081AC soCollisionShieldModuleBuilder_73soCollisionShieldModuleBuildConfig_0_1_1_27soCollisionShieldModu_______ct
00008280 soCollisionReflectorModuleBuilder_75soCollisionReflectorModuleBuildConfig_0_13_3_27soCollisionShi_______ct
00008354 soCollisionCatchModuleBuilder_71soCollisionCatchModuleBuildConfig_0_4_1_26soCollisionCatchModuleI_______ct
000083EC soCollisionSearchModuleBuilder_73soCollisionSearchModuleBuildConfig_0_1_1_27soCollisionSearchModu_______ct
00008488 soDamageModuleBuilder_98soDamageModuleBuildConfig_19soDamageModuleActor_1_22ftDamageTransactorImp_______ct
000084F4 soShakeModuleBuilder_47soShakeModuleBuildConfig_4_17soShakeModuleImpl______ct
00008550 soSoundModuleBuilder_80soSoundModuleBuildConfig_1_30ftSound3dGeneratorAccesserImpl_17soSoundModul_______ct
000085E0 soLinkModuleBuilder_45soLinkModuleBuildConfig_6_16soLinkModuleImpl______ct
00008634 soControllerModuleBuilder_60soControllerModuleBuildConfig_22ftControllerModuleImpl_10_2______ct
000086A4 soCameraModuleBuilder_49soCameraModuleBuildConfig_18soCameraModuleImpl_1______ct
00008710 soAnimCmdModuleBuilder_52soAnimCmdModuleBuildConfig_11_19soAnimCmdModuleImpl______ct
00008754 soStatusModuleBuilder_823soStatusModuleBuildConfig_284_33soGeneralWorkBuildConfig_34_14_2__274_71_______ct
00008ADC soGeneralWorkSimple____ct
00008B5C soGeneralWorkSimple__clearWorkAll
00008C0C soKineticModuleBuilder_1198soKineticModuleBuildConfig_26soKineticModuleGenericImpl_1134soKineticM_______ct
00008FDC soGeneralWorkBuilder_33soGeneralWorkBuildConfig_77_32_3______ct
0000903C soGenerateArticleManageModuleBuilder_949soGenerateArticleManageModuleBuildConfig_864soArticleMedi_______ct
00009288 wnInstanceHolder_12wnZeldaDeinS_23soKindInfoGeneric_0_13__14soIntToType_1______ct
0000931C wnInstanceHolder_11wnZeldaDein_23soKindInfoGeneric_0_13__14soIntToType_0______ct
000093B0 soEffectModuleBuilder_58soEffectModuleBuildConfig_1_1_1_1_10_18soEffectModuleImpl______ct
0000947C soAreaModuleBuilder_89soAreaModuleBuildConfig_9_16_34soAreaEnviromentElementCheckerImpl_16ftAreaM_______ct
00009514 soPhysicsModuleBuilder_53soPhysicsModuleBuildConfig_2_19soPhysicsModuleImpl_1______ct
00009574 soItemManageModuleBuilder_105soItemManageModuleBuildConfig_3_4_16soItemSearchImpl_24soItemPickTra_______ct
000095F0 soAnimCmdAddressPackArraySeparate____ct
0000960C soAnimCmdInterpreter____ct
0000979C soSingletonHolder_30soArrayNull_PC13acAnimCmdConv____getInstance
0000980C soArrayUtility__pushRange_PC13acAnimCmdConv_
00009888 soAnimCmdControlUnitBuilder_60soAnimCmdControlUnitBuildConfigDisguise_0_1_284_284_0_1_0_8____getEntryList
000098C4 soAnimCmdControlUnitBuilder_60soAnimCmdControlUnitBuildConfigDisguise_0_1_284_284_0_1_0_8____setupDisguiseList
00009974 ftZelda__getExtendParam
00009984 ftZelda__onStart
000099D8 ftZelda__processUpdate
00009A14 ftZelda__notifyEventAnimCmd
00009B60 Fighter__isObserv
00009B7C ftZelda__notifyEventCollisionSearch
00009C64 ftZelda__notifyEventCollisionSearchCheck
00009C68 ftZelda__notifyEventCollisionReflector
00009D38 ftZelda__notifyEventCollisionReflectorCheck
00009DB4 ftZelda__change
00009E18 ftZelda__changeSucceedCore
00009E78 ftZelda__setupChangeSucceedWork
0000A064 wnDummyFighterKineticSettingData____ct
0000A068 ftZelda__activeArticle
0000A1CC ftZelda__activeArticle1
0000A288 ftZelda__activeArticle2
0000A344 ftExtendParamAccesser__getParamIndefinite
0000A34C ftZeldaExtendParamAccesser__setup
0000A4B0 ftExtendParamAccesserEx_3999_31_23999_6___setup
0000A4B4 ftZeldaExtendParamAccesser____dt
0000A514 ftExtendParamAccesserEx_3999_31_23999_6_____dt
0000A570 ftZelda____dt
0000A5E4 soAnimCmdEventObserver__addObserver
0000A5F8 soLinkEventObserver__addObserver
0000A60C StageObject__adjustParentGroundCollision
0000A610 StageObject__isActive
0000A618 StageObject__processGameProc
0000A61C soStatusEventObserver__addObserver
0000A630 soSituationEventObserver__addObserver
0000A644 soCollisionAttackEventObserver__addObserver
0000A658 soCollisionHitEventObserver__notifyEventCollisionHit2nd
0000A65C soCollisionHitEventObserver__notifyEventCollisionHit
0000A660 soCollisionHitEventObserver__addObserver
0000A674 soCollisionShieldEventObserver__addObserver
0000A688 soCollisionReflectorEventObserver__addObserver
0000A69C soCollisionAbsorberEventObserver__addObserver
0000A6B0 soCollisionSearchEventObserver__addObserver
0000A6C4 soCaptureEventObserver__addObserver
0000A6D8 soItemManageEventObserver__addObserver
0000A6EC soMotionEventObserver__notifyEventChangeMotion
0000A6F0 soMotionEventObserver__addObserver
0000A704 soDamageEventObserver__addObserver
0000A718 ftEntryEventObserver__notifyEventExitFighter
0000A71C ftEntryEventObserver__notifyEventKirbyResourceUnLoaded
0000A720 ftEntryEventObserver__notifyEventKirbyResourceLoaded
0000A724 ftEntryEventObserver__notifyEventPokeTrainerReplace
0000A728 ftEntryEventObserver__notifyEventPokemonDamage
0000A72C ftEntryEventObserver__notifyEventPokemonInflict
0000A730 ftEntryEventObserver__notifyEventPokemonAttack
0000A734 ftEntryEventObserver__notifyEventPokemonRebirthEnd
0000A738 ftEntryEventObserver__notifyEventStopRumble
0000A73C ftEntryEventObserver__notifyEventSetRumble
0000A740 ftEntryEventObserver__notifyEventPokemonAppeal
0000A744 ftEntryEventObserver__notifyEventPokemonSpecial
0000A748 ftEntryEventObserver__notifyEventPokemonChangeCancel
0000A74C ftEntryEventObserver__notifyEventPokemonCollect
0000A750 ftEntryEventObserver__notifyEventPokemonTrainerUpdate
0000A754 ftEntryEventObserver__notifyEventPokemonRequestChange
0000A75C ftEntryEventObserver__notifyEventPokemonStart
0000A760 ftEntryEventObserver__notifyEventWarp
0000A764 ftEntryEventObserver__notifyEventPartnerResourcePrepared
0000A768 ftEntryEventObserver__notifyEventDeadPartner
0000A76C ftEntryEventObserver__addObserver
0000A780 soTurnEventObserver__addObserver
0000A794 Fighter__disappear
0000A798 Fighter__trainerRestart
0000A79C Fighter__trainerStart
0000A7A0 Fighter__playEatSE
0000A7A4 Fighter__setVisibility
0000A7A8 Fighter__getFtKind
0000A7B0 Fighter__soGetSubKind
0000A7C0 Fighter__soGetKind
0000A7C8 Fighter__notifyEventCollisionAttackFighter
0000A7CC Fighter__analyzeSeal
0000A7D0 Fighter__onHitReflector
0000A7D4 Fighter__setupChangeSucceedEffect
0000A7DC Fighter__postStart
0000A7E0 Fighter__onDeactivate
0000A7E4 Fighter__onActivate
0000A7E8 Fighter__onEndFinal
0000A7EC Fighter__onStartFinal
0000A7F0 ftZelda__getChangeSucceedOption
0000A7F8 Fighter__change
0000A7FC Fighter__getChangeSucceedOption
0000A804 ftSound3dGeneratorAccesserImpl__getInstance
0000A814 ftSound3dGeneratorAccesserImpl__deactivate
0000A868 ftSound3dGeneratorAccesserImpl__activate
0000A8C4 ftVirtualNodeMatrixPoolImpl__getExtendMatrix
0000A8CC ftVirtualNodeMatrixPoolImpl__getCommonMatrix
0000A8D4 ftVirtualNodeMatrixPoolImpl__getHitMatrix
0000A8DC ftStatusGimmickUniqProcessPoolImpl__getUniqProcessEaten
0000A8E4 ftStatusGimmickUniqProcessPoolImpl__getUniqProcessTruck
0000A8EC ftStatusGimmickUniqProcessPoolImpl__getUniqProcessSpring
0000A8F4 ftStatusGimmickUniqProcessPoolImpl__getUniqProcessLadder
0000A8FC ftStatusGimmickUniqProcessPoolImpl__getUniqProcessCatapult
0000A904 ftStatusGimmickUniqProcessPoolImpl__getUniqProcessDoor
0000A90C ftStatusGimmickUniqProcessPoolImpl__getUniqProcessBarrel
0000A914 soKineticEnergy__getSpeed3f
0000A974 soGeneralWorkSimple__getFlagWorkSize
0000A97C soGeneralWorkSimple__turnOffFlag
0000A9F0 soGeneralWorkSimple__isFlag
0000AA0C soGeneralWorkSimple__offFlag
0000AA24 soGeneralWorkSimple__clearFlag
0000AA38 soGeneralWorkSimple__onFlag
0000AA50 soGeneralWorkSimple__getFloatWorkSize
0000AA58 soGeneralWorkSimple__divFloatWork
0000AA80 soGeneralWorkSimple__mulFloatWork
0000AA98 soGeneralWorkSimple__subFloatWork
0000AAB0 soGeneralWorkSimple__addFloatWork
0000AAC8 soGeneralWorkSimple__setFloatWork
0000AAD8 soGeneralWorkSimple__getFloatWork
0000AAE8 soGeneralWorkSimple__getIntWorkSize
0000AAF0 soGeneralWorkSimple__decIntWork
0000AB08 soGeneralWorkSimple__incIntWork
0000AB20 soGeneralWorkSimple__divIntWork
0000AB40 soGeneralWorkSimple__mulIntWork
0000AB58 soGeneralWorkSimple__subIntWork
0000AB70 soGeneralWorkSimple__addIntWork
0000AB88 soGeneralWorkSimple__setIntWork
0000AB98 soGeneralWorkSimple__getIntWork
0000ABA8 soAnimCmdAddressPackArraySeparate__isNull
0000ABB0 soAnimCmdAddressPackArraySeparate__size
0000AC64 soAnimCmdAddressPackArraySeparate__at
0000ACB8 soAnimCmdAddressPackArraySeparate__atSub
0000ADE4 soAnimCmdAddressPackArraySeparate__at1
0000AE18 ftExtendParamAccesserEx_3999_31_23999_6___getParamFloat
0000AE70 soValueAccesser__getValueVariation
0000AE7C ftExtendParamAccesserEx_3999_31_23999_6___getParamInt
0000AED8 soKineticMediatorImpl_983soTypeList_100soInstancePoolInfo_21ftKineticEnergyMotion_1_21soKineticEn_______dt
0000AF38 soArticleMediatorImpl_393soTypeList_71soInstancePoolInfo_11wnZeldaDein_3_16wnInstanceHolder_14soI_____generate
0000B494 soArticleMediatorImpl_393soTypeList_71soInstancePoolInfo_11wnZeldaDein_3_16wnInstanceHolder_14soI_____isGeneratable
0000B760 soArticleMediatorImpl_393soTypeList_71soInstancePoolInfo_11wnZeldaDein_3_16wnInstanceHolder_14soI_____getActiveNum
0000BAAC soArticleMediatorImpl_393soTypeList_71soInstancePoolInfo_11wnZeldaDein_3_16wnInstanceHolder_14soI_____getGenerateMaxNum
0000BC30 soArticleMediatorImpl_393soTypeList_71soInstancePoolInfo_11wnZeldaDein_3_16wnInstanceHolder_14soI_____shoot
0000BE74 soArticleMediatorImpl_393soTypeList_71soInstancePoolInfo_11wnZeldaDein_3_16wnInstanceHolder_14soI_____deactivate
0000BF68 soArticleMediatorImpl_393soTypeList_71soInstancePoolInfo_11wnZeldaDein_3_16wnInstanceHolder_14soI_____getMediateNum
0000BF70 soArticleMediatorImpl_393soTypeList_71soInstancePoolInfo_11wnZeldaDein_3_16wnInstanceHolder_14soI_____setAutoRecycle
0000BF7C ftFighterBuilder_18ftZeldaBuildConfig___getCancelModule
0000BF88 ftFighterBuilder_18ftZeldaBuildConfig___isEnableCancel
0000BF9C ftFighterBuilder_18ftZeldaBuildConfig___getVirtualNodeMatrixPool
0000BFA8 ftFighterBuilder_18ftZeldaBuildConfig___getStatusGimmickUniqProcessPool
0000BFB4 soArrayFixed_24soAnimCmdAddressPackConv___isEmpty
0000BFE8 soArticle__checkActivate
0000BFF8 soInstancePoolSub_83soInstancePoolInfo_23wnZeldaLightingBowArrow_1_16wnInstanceHolder_14soIntToTy_____getInstanceAt
0000C010 soInstancePoolSub_78soInstancePoolInfo_18wnZeldaLightingBow_1_16wnInstanceHolder_14soIntToType_2______getInstanceAt
0000C028 soInstancePoolSub_72soInstancePoolInfo_12wnZeldaDeinS_3_16wnInstanceHolder_14soIntToType_1___23so_____getInstanceAt
0000C060 soInstancePoolSub_71soInstancePoolInfo_11wnZeldaDein_3_16wnInstanceHolder_14soIntToType_0___23soK_____getInstanceAt
0000C098 ftKineticEnergyMotion____dt
0000C0F8 soKineticEnergyHolder_21ftKineticEnergyMotion_18soTypeListNullType_28soKineticEnergyInitInfo_0_1______dt
0000C158 soInstancePoolSub_100soInstancePoolInfo_21ftKineticEnergyMotion_1_21soKineticEnergyHolder_28soKin_______dt
0000C1B8 soInstancePool_100soInstancePoolInfo_21ftKineticEnergyMotion_1_21soKineticEnergyHolder_28soKineti_______dt
0000C218 soLineInvertHierarchy_136soTypeList_100soInstancePoolInfo_21ftKineticEnergyMotion_1_21soKineticEn_______dt
0000C27C ftKineticEnergyGravity____dt
0000C2D8 soKineticEnergyHolder_22ftKineticEnergyGravity_18soTypeListNullType_28soKineticEnergyInitInfo_1_1______dt
0000C338 soInstancePoolSub_101soInstancePoolInfo_22ftKineticEnergyGravity_1_21soKineticEnergyHolder_28soKi_______dt
0000C398 soInstancePool_101soInstancePoolInfo_22ftKineticEnergyGravity_1_21soKineticEnergyHolder_28soKinet_______dt
0000C408 ftKineticEnergyController____dt
0000C468 soKineticEnergyHolder_25ftKineticEnergyController_18soTypeListNullType_28soKineticEnergyInitInfo________dt
0000C4C8 soInstancePoolSub_104soInstancePoolInfo_25ftKineticEnergyController_1_21soKineticEnergyHolder_28s_______dt
0000C528 soInstancePool_104soInstancePoolInfo_25ftKineticEnergyController_1_21soKineticEnergyHolder_28soKi_______dt
0000C5A0 ftKineticEnergyStop____dt
0000C600 soKineticEnergyHolder_19ftKineticEnergyStop_18soTypeListNullType_28soKineticEnergyInitInfo_3_1______dt
0000C660 soInstancePoolSub_98soInstancePoolInfo_19ftKineticEnergyStop_1_21soKineticEnergyHolder_28soKineti_______dt
0000C6C0 soInstancePool_98soInstancePoolInfo_19ftKineticEnergyStop_1_21soKineticEnergyHolder_28soKineticEn_______dt
0000C738 ftKineticEnergyDamage____dt
0000C794 soKineticEnergyHolder_21ftKineticEnergyDamage_18soTypeListNullType_28soKineticEnergyInitInfo_4_2______dt
0000C7F4 soInstancePoolSub_100soInstancePoolInfo_21ftKineticEnergyDamage_1_21soKineticEnergyHolder_28soKin_______dt
0000C854 soInstancePool_100soInstancePoolInfo_21ftKineticEnergyDamage_1_21soKineticEnergyHolder_28soKineti_______dt
0000C8CC soKineticEnergyWindNormal____dt
0000C92C soKineticEnergyHolder_25soKineticEnergyWindNormal_18soTypeListNullType_28soKineticEnergyInitInfo________dt
0000C98C soInstancePoolSub_104soInstancePoolInfo_25soKineticEnergyWindNormal_1_21soKineticEnergyHolder_28s_______dt
0000C9EC soInstancePool_104soInstancePoolInfo_25soKineticEnergyWindNormal_1_21soKineticEnergyHolder_28soKi_______dt
0000CA64 soKineticEnergyGroundMovement____dt
0000CAC0 soKineticEnergyHolder_29soKineticEnergyGroundMovement_18soTypeListNullType_28soKineticEnergyInitI_______dt
0000CB20 soInstancePoolSub_108soInstancePoolInfo_29soKineticEnergyGroundMovement_1_21soKineticEnergyHolder_______dt
0000CB80 soInstancePool_108soInstancePoolInfo_29soKineticEnergyGroundMovement_1_21soKineticEnergyHolder_28_______dt
0000CBF8 soKineticEnergyJostle____dt
0000CC54 soKineticEnergyHolder_21soKineticEnergyJostle_18soTypeListNullType_28soKineticEnergyInitInfo_7_4______dt
0000CCB4 soInstancePoolSub_100soInstancePoolInfo_21soKineticEnergyJostle_1_21soKineticEnergyHolder_28soKin_______dt
0000CD14 soInstancePool_100soInstancePoolInfo_21soKineticEnergyJostle_1_21soKineticEnergyHolder_28soKineti_______dt
0000CD8C soLineInvertHierarchy_983soTypeList_100soInstancePoolInfo_21ftKineticEnergyMotion_1_21soKineticEn_______dt
0000CDE8 soKineticEnergyNormal__clearRotSpeed
0000CDEC soKineticEnergyNormal__clearSpeed
0000CE24 Vec2f____as
0000CE38 soKineticEnergyNormal__init
0000CED0 soKineticEnergyNormal__offConsiderGroundFriction
0000CEDC soKineticEnergyNormal__onConsiderGroundFriction
0000CEE8 soKineticEnergyNormal__getRotation
0000CF00 soKineticEnergyNormal__getSpeed
0000CF10 soKineticMediatorImpl_983soTypeList_100soInstancePoolInfo_21ftKineticEnergyMotion_1_21soKineticEn_____changeKinetic
0000D06C soKineticMediatorImpl_983soTypeList_100soInstancePoolInfo_21ftKineticEnergyMotion_1_21soKineticEn_____updateEnergy
0000D300 soKineticMediatorImpl_983soTypeList_100soInstancePoolInfo_21ftKineticEnergyMotion_1_21soKineticEn_____updateEnergy1
0000D428 soKineticMediatorImpl_983soTypeList_100soInstancePoolInfo_21ftKineticEnergyMotion_1_21soKineticEn_____updateEnergy2
0000D4F8 soKineticMediatorImpl_983soTypeList_100soInstancePoolInfo_21ftKineticEnergyMotion_1_21soKineticEn_____postUpdateEnergy
0000D4FC soKineticMediatorImpl_983soTypeList_100soInstancePoolInfo_21ftKineticEnergyMotion_1_21soKineticEn_____addSpeed
0000D50C soKineticMediatorImpl_983soTypeList_100soInstancePoolInfo_21ftKineticEnergyMotion_1_21soKineticEn_____addSpeedOutside
0000D520 soKineticMediatorImpl_983soTypeList_100soInstancePoolInfo_21ftKineticEnergyMotion_1_21soKineticEn_____notifyEventChangeStatus
0000D534 soKineticMediatorImpl_983soTypeList_100soInstancePoolInfo_21ftKineticEnergyMotion_1_21soKineticEn_____getMediateNum
0000D53C soKineticUpdateEnergyHolderHelper_19ftKineticTransactor_____ct
0000D548 ftKineticTransactor__updateEnergy_21ftKineticEnergyMotion_
0000D580 soInstancePoolSub_100soInstancePoolInfo_21ftKineticEnergyMotion_1_21soKineticEnergyHolder_28soKin_____getInstanceAt
0000D598 soInstancePoolSub_100soInstancePoolInfo_21ftKineticEnergyMotion_1_21soKineticEnergyHolder_28soKin_____forEachHolderModuleAccesser_56soKineticUpdateEnergyHolderHelper_19ftKineticTransactor__
0000D628 soInstancePoolSubNull_21ftKineticEnergyMotion___forEachHolderModuleAccesser_56soKineticUpdateEnergyHolderHelper_19ftKineticTransactor__
0000D630 ftKineticTransactor__updateEnergy_22ftKineticEnergyGravity_
0000D668 soInstancePoolSub_101soInstancePoolInfo_22ftKineticEnergyGravity_1_21soKineticEnergyHolder_28soKi_____getInstanceAt
0000D680 soInstancePoolSub_101soInstancePoolInfo_22ftKineticEnergyGravity_1_21soKineticEnergyHolder_28soKi_____forEachHolderModuleAccesser_56soKineticUpdateEnergyHolderHelper_19ftKineticTransactor__
0000D710 soInstancePoolSubNull_22ftKineticEnergyGravity___forEachHolderModuleAccesser_56soKineticUpdateEnergyHolderHelper_19ftKineticTransactor__
0000D718 ftKineticTransactor__updateEnergy_25ftKineticEnergyController_
0000D750 soInstancePoolSub_104soInstancePoolInfo_25ftKineticEnergyController_1_21soKineticEnergyHolder_28s_____getInstanceAt
0000D768 soInstancePoolSub_104soInstancePoolInfo_25ftKineticEnergyController_1_21soKineticEnergyHolder_28s_____forEachHolderModuleAccesser_56soKineticUpdateEnergyHolderHelper_19ftKineticTransactor__
0000D7F8 soInstancePoolSubNull_25ftKineticEnergyController___forEachHolderModuleAccesser_56soKineticUpdateEnergyHolderHelper_19ftKineticTransactor__
0000D800 ftKineticTransactor__updateEnergy_19ftKineticEnergyStop_
0000D838 soInstancePoolSub_98soInstancePoolInfo_19ftKineticEnergyStop_1_21soKineticEnergyHolder_28soKineti_____getInstanceAt
0000D850 soInstancePoolSub_98soInstancePoolInfo_19ftKineticEnergyStop_1_21soKineticEnergyHolder_28soKineti_____forEachHolderModuleAccesser_56soKineticUpdateEnergyHolderHelper_19ftKineticTransactor__
0000D8E0 soInstancePoolSubNull_19ftKineticEnergyStop___forEachHolderModuleAccesser_56soKineticUpdateEnergyHolderHelper_19ftKineticTransactor__
0000D8E8 ftKineticTransactor__updateEnergy_21ftKineticEnergyDamage_
0000D920 soInstancePoolSub_100soInstancePoolInfo_21ftKineticEnergyDamage_1_21soKineticEnergyHolder_28soKin_____getInstanceAt
0000D938 soInstancePoolSub_100soInstancePoolInfo_21ftKineticEnergyDamage_1_21soKineticEnergyHolder_28soKin_____forEachHolderModuleAccesser_56soKineticUpdateEnergyHolderHelper_19ftKineticTransactor__
0000D9C8 soInstancePoolSubNull_21ftKineticEnergyDamage___forEachHolderModuleAccesser_56soKineticUpdateEnergyHolderHelper_19ftKineticTransactor__
0000D9D0 ftKineticTransactor__updateEnergy_25soKineticEnergyWindNormal_
0000DA08 soInstancePoolSub_104soInstancePoolInfo_25soKineticEnergyWindNormal_1_21soKineticEnergyHolder_28s_____getInstanceAt
0000DA20 soInstancePoolSub_104soInstancePoolInfo_25soKineticEnergyWindNormal_1_21soKineticEnergyHolder_28s_____forEachHolderModuleAccesser_56soKineticUpdateEnergyHolderHelper_19ftKineticTransactor__
0000DAB0 soInstancePoolSubNull_25soKineticEnergyWindNormal___forEachHolderModuleAccesser_56soKineticUpdateEnergyHolderHelper_19ftKineticTransactor__
0000DAB8 ftKineticTransactor__updateEnergy_29soKineticEnergyGroundMovement_
0000DAF0 soInstancePoolSub_108soInstancePoolInfo_29soKineticEnergyGroundMovement_1_21soKineticEnergyHolder_____getInstanceAt
0000DB08 soInstancePoolSub_108soInstancePoolInfo_29soKineticEnergyGroundMovement_1_21soKineticEnergyHolder_____forEachHolderModuleAccesser_56soKineticUpdateEnergyHolderHelper_19ftKineticTransactor__
0000DB98 soInstancePoolSubNull_29soKineticEnergyGroundMovement___forEachHolderModuleAccesser_56soKineticUpdateEnergyHolderHelper_19ftKineticTransactor__
0000DBA0 ftKineticTransactor__updateEnergy_21soKineticEnergyJostle_
0000DBD8 soInstancePoolSub_100soInstancePoolInfo_21soKineticEnergyJostle_1_21soKineticEnergyHolder_28soKin_____getInstanceAt
0000DBF0 soInstancePoolSub_100soInstancePoolInfo_21soKineticEnergyJostle_1_21soKineticEnergyHolder_28soKin_____forEachHolderModuleAccesser_56soKineticUpdateEnergyHolderHelper_19ftKineticTransactor__
0000DC80 soInstancePoolSubNull_21soKineticEnergyJostle___forEachHolderModuleAccesser_56soKineticUpdateEnergyHolderHelper_19ftKineticTransactor__
0000DC88 soKineticUpdateEnergyHolderHelper_19ftKineticTransactor_____ct1
0000DC94 ftzeldacpp____sinit_
0000DCF8 ftZeldaExtendParamAccesser____ct
0000DD40 ftClassInfoImpl_13_7ftZelda_____ct
0000DD98 ftClassInfoImpl_13_7ftZelda_____dt
0000DE1C ftClassInfoImpl_13_7ftZelda___create
0000DE84 soArticleMediator___4_
0000DE8C soArticleMediatorImpl_393soTypeList_71soInstancePoolInfo_11wnZeldaDein_3_16wnInstanceHolder_14soI______4_shoot
0000DE94 soArticleMediatorImpl_393soTypeList_71soInstancePoolInfo_11wnZeldaDein_3_16wnInstanceHolder_14soI______4_
0000DE9C ftFighterBuilder_18ftZeldaBuildConfig____64_
0000DEA4 Fighter___72_notifyEventAnimCmd
0000DEAC Fighter___160_notifyEventCollisionReflectorCheck
0000DEB4 Fighter___160_notifyEventCollisionReflector
0000DEBC Fighter___184_notifyEventCollisionSearchCheck
0000DEC4 Fighter___184_notifyEventCollisionSearch
0000DECC ftZelda___64_
0000DED4 ftZelda___72_notifyEventAnimCmd
0000DEDC Fighter___72_isObserv
0000DEE4 Fighter___84_notifyEventLink
0000DEEC Fighter___100_notifyEventChangeStatus
0000DEF4 Fighter___112_notifyEventChangeSituation
0000DEFC Fighter___124_notifyEventCollisionAttackCheck
0000DF04 Fighter___124_notifyEventCollisionAttack
0000DF0C Fighter___136_notifyEventChangeCollisionHit
0000DF14 Fighter___148_notifyEventCollisionShieldCheck
0000DF1C Fighter___148_notifyEventCollisionShieldSearch
0000DF24 Fighter___148_notifyEventCollisionShield
0000DF2C ftZelda___160_notifyEventCollisionReflectorCheck
0000DF34 Fighter___160_notifyEventCollisionReflectorSearch
0000DF3C ftZelda___160_notifyEventCollisionReflector
0000DF44 Fighter___172_notifyEventCollisionAbsorberCheck
0000DF4C Fighter___172_notifyEventCollisionAbsorber
0000DF54 ftZelda___184_notifyEventCollisionSearchCheck
0000DF5C ftZelda___184_notifyEventCollisionSearch
0000DF64 Fighter___196_notifyEventCaptureStatus
0000DF6C Fighter___208_notifyVisibilityItem
0000DF74 Fighter___208_notifyEjectAttachItem
0000DF7C Fighter___208_notifyEjectItem
0000DF84 Fighter___208_notifyShootBulletItem
0000DF8C Fighter___208_notifyDropItem
0000DF94 Fighter___208_notifyThrowItem
0000DF9C Fighter___208_notifyUseItem
0000DFA4 Fighter___208_notifyAttachItem
0000DFAC Fighter___208_notifyHaveItem
0000DFB4 Fighter___208_notifyHaveItemPreCheck
0000DFBC Fighter___232_notifyEventAddDamage
0000DFC4 Fighter___232_notifyEventOnDamage
0000DFCC Fighter___244_notifyEventPikminFinalAttack
0000DFD4 Fighter___244_notifyEventChangeAdvUnit
0000DFDC Fighter___244_notifyEventBeat
0000DFE4 Fighter___244_notifyEventSetDamage
0000DFEC Fighter___256_notifyEventTurn
0000DFF4 ftZeldaStatusUniqProcessSpecialS__initStatus
0000E068 soStatusUniqProcess__checkTransitionPrecede
0000E070 soStatusUniqProcess__leaveStop
0000E074 soStatusUniqProcess__onChangeLr
0000E07C soStatusUniqProcess__checkAttack
0000E080 soStatusUniqProcess__checkDamage
0000E088 soStatusUniqProcess__execFixCamera
0000E08C soStatusUniqProcess__execFixPos
0000E090 soStatusUniqProcess__execFixPosCounter
0000E094 soStatusUniqProcess__execMapCorrection
0000E098 soStatusUniqProcess__execStop
0000E09C soStatusUniqProcess__execStatus
0000E0A0 soStatusUniqProcess__exitStatus
0000E0A4 ftZeldaStatusUniqProcessSpecialS____dt
0000E0E4 soStatusUniqProcess__initStatus
0000E0E8 ftzeldastatusuniqprocessspecialscpp____sinit_
0000E130 ftZeldaStatusUniqProcessSpecialS____ct
0000E140 ftZeldaStatusUniqProcessSpecialHi__initStatus
0000E2D4 ftZeldaStatusUniqProcessSpecialHi____dt
0000E314 ftzeldastatusuniqprocessspecialhicpp____sinit_
0000E35C ftZeldaStatusUniqProcessSpecialHi____ct
0000E36C ftZeldaStatusUniqProcessSpecialHi2__initStatus
0000E764 ftzeldastatusuniqprocessspecialhi2__atan2f
0000E788 ftZeldaStatusUniqProcessSpecialHi2__execFixPosCounter
0000E948 ftZeldaStatusUniqProcessSpecialHi2__execFixPos
0000E9DC ftZeldaStatusUniqProcessSpecialHi2__exitStatus
0000EA04 ftZeldaStatusUniqProcessSpecialHi2____dt
0000EA44 ftzeldastatusuniqprocessspecialhi2cpp____sinit_
0000EA8C ftZeldaStatusUniqProcessSpecialHi2____ct
0000EA9C ftZeldaStatusUniqProcessSpecialHi3__initStatus
0000EC8C ftZeldaStatusUniqProcessSpecialHi3__execFixPosCounter
0000EE70 ftZeldaStatusUniqProcessSpecialHi3____dt
0000EEB0 ftzeldastatusuniqprocessspecialhi3cpp____sinit_
0000EEF8 ftZeldaStatusUniqProcessSpecialHi3____ct
0000EF08 ftZeldaStatusUniqProcessSpecialLw__initStatus
0000F0AC ftZeldaStatusUniqProcessSpecialLw____dt
0000F0EC ftzeldastatusuniqprocessspeciallwcpp____sinit_
0000F134 ftZeldaStatusUniqProcessSpecialLw____ct
0000F144 ftZeldaStatusUniqProcessFinal__initStatus
0000F160 ftZeldaStatusUniqProcessFinal__execStatus
0000F76C ftZeldaStatusUniqProcessFinal__execFixPosCounter
0000F998 ftZeldaStatusUniqProcessFinal__exitStatus
0000F9B4 ftZeldaStatusUniqProcessFinal____dt
0000F9F4 ftzeldastatusuniqprocessfinalcpp____sinit_
0000FA3C ftZeldaStatusUniqProcessFinal____ct
0000FA4C ftZeldaCutInTransactorFinal__processUpdate
0000FF08 ftZeldaCutInTransactorFinal____dt
0000FF48 ftzeldacutintransactorfinalcpp____sinit_
0000FF90 ftZeldaCutInTransactorFinal____ct
0000FFA0 wnZeldaDein____ct
00011968 wnWeaponBuilder_36wnZeldaDeinModuleAccesserBuildConfig_____dt
000119F0 wnModuleAccesserBuilder_36wnZeldaDeinModuleAccesserBuildConfig_____dt
00011A60 wnAnimCmdModuleSubBuilder_79wnAnimCmdModuleSubBuildConfigDefault_1_2_0_0_1_2_0_0_1_2_0_0_1_2_0_0________dt
00011AF0 soAnimCmdControlUnitBuilder_48soAnimCmdControlUnitBuildConfig_0_1_2_0_0_0_0_8______dt
00011B7C soModuleAccesserBuilder_36wnZeldaDeinModuleAccesserBuildConfig_____dt
00011D20 soGenerateArticleManageModuleBuilder_196soGenerateArticleManageModuleBuildConfig_111soArticleMedi_______dt
00011DA4 soSelectInstanceHolder_1_111soArticleMediatorImpl_18soTypeListNullType_18soTypeListNullType_23soK_______dt
00011E04 soArticleMediatorImpl_18soTypeListNullType_18soTypeListNullType_23soKindInfoGeneric_2_41__18soTyp_______dt
00011E60 soStatusModuleBuilder_204soStatusModuleBuildConfig_2_31soGeneralWorkBuildConfig_4_8_1__2_107soTra_______dt
00011EFC soArraySelectHolder_1_39soArrayVector_P19soStatusUniqProcess_2__56soSingletonHolder_35soArrayNull_______dt
00011F58 soGeneralWorkBuilder_31soGeneralWorkBuildConfig_4_8_1______dt
00011FB8 soControllerModuleBuilder_62soControllerModuleBuildConfig_25soControllerModuleLinkRef_0_0______dt
00012018 soControllerModuleLinkRef____dt
00012074 soTeamImpl____dt
000120D0 soResourceIdAccesserImpl____dt
0001212C soParamCustomizeModuleImpl____dt
00012188 soParamCustomizeModule____dt
000121C8 wnZeldaDeinParamAccesser____dt
00012228 Vec3f____ct
00012238 soTeamImpl____ct
00012290 soCollisionAttackAbsolute____dt
000122D0 wnZeldaDein__activate
00012564 wnZeldaDein__activeArticle
00012644 wnZeldaDein__reflect
00012694 Weapon__getArticleId
0001269C Weapon__getTaskId
000126A4 Weapon__isActiveArticle
000126B4 Weapon__isSyncOwnerStatus
000126C8 Weapon__setSyncOwnerStatus
000126D8 Weapon__isObserv
000126F4 StageObject__isTreadPassive
000126FC StageObject__checkTransitionStatus
00012704 StageObject__getInput
00012788 Input____dt
000127C8 IpNull____dt
00012808 soCollisionHitEventObserver__notifyEventChangeCollisionHit
0001280C soArticle__intrudeLogAttackInfo
00012810 soArticle__action
00012814 Weapon__onDeactivate
00012818 Weapon__soGetSubKind
00012820 Weapon__soGetKind
00012828 soParamCustomizeModuleImpl__getAttackPowerMulArticle
00012834 soParamCustomizeModuleImpl__getParamIndefinite
0001283C soParamCustomizeModuleImpl__getParamFloat
00012848 soParamCustomizeModuleImpl__getParamInt
00012850 soParamCustomizeModuleImpl__getWalkSpeedMul
0001285C soParamCustomizeModuleImpl__getAttackReactionMul
00012868 soParamCustomizeModuleImpl__isCustomize
00012870 soParamCustomizeModuleImpl__removeCustomize
00012874 soParamCustomizeModuleImpl__addCustomize
00012878 soParamCustomizeModuleImpl__setDefault
0001287C soParamCustomizeModuleImpl__activate
00012890 soParamCustomizeModuleImpl__getAttackPowerMulScale
00012898 soParamCustomizeModuleImpl__setAttackPowerMulScale
000128A0 soParamCustomizeModuleImpl__getAttackPowerMulPattern
000128A8 soParamCustomizeModuleImpl__setAttackPowerMulPattern
000128B0 soParamCustomizeModuleImpl__getAttackPowerMul
000128C0 soKineticMediatorNull__getMediateNum
000128C8 soKineticMediatorNull__notifyEventChangeStatus
000128CC soKineticMediatorNull__addSpeedOutside
000128D0 soKineticMediatorNull__addSpeed
000128D4 soKineticMediatorNull__postUpdateEnergy
000128D8 soKineticMediatorNull__updateEnergy
000128DC soKineticMediatorNull__updateEnergy1
000128E0 soKineticMediatorNull__updateEnergy2
000128E4 soKineticMediatorNull__changeKinetic
000128E8 soTeamImpl__reset
000128EC soTeamImpl__set2nd
000128F4 soTeamImpl__get2nd
000128FC soTeamImpl__setIndirectNo
00012900 soTeamImpl__getIndirectNo
00012908 soTeamImpl__setNo
00012910 soTeamImpl__getNo
00012918 soResourceIdAccesserImpl__getBinArchiveId
00012928 soResourceIdAccesserImpl__getArchiveId
00012930 soResourceIdAccesserImpl__getEtcArchiveId
00012940 soResourceIdAccesserImpl__getAnmArchiveId
00012950 soResourceIdAccesserImpl__getTexArchiveId
00012960 soResourceIdAccesserImpl__getMdlArchiveId
00012970 soResourceIdAccesserImpl__getEtcResId
00012978 soResourceIdAccesserImpl__getBinResId
00012980 soResourceIdAccesserImpl__getAnmResId
00012988 soResourceIdAccesserImpl__getMdlResIndex
00012990 soResourceIdAccesserImpl__getMdlResId
00012998 soResourceIdAccesserImpl__getTexResIndex
000129A0 soResourceIdAccesserImpl__getTexResId
000129A8 soResourceIdAccesserImpl__setTexResIndex
000129B0 soResourceIdAccesserImpl__setMdlResIndex
000129B8 soResourceIdAccesserImpl__setTexResId
000129C0 soResourceIdAccesserImpl__setMdlResId
000129C8 soResourceIdAccesserImpl__setAnmResId
000129D0 soResourceIdAccesserImpl__setResIdPacked
000129E0 Input__getContNo
000129E8 IpNull__removeRumbleMask
000129EC IpNull__removeRumbleId
000129F0 IpNull__removeRumble
000129F4 IpNull__stopRumble
000129F8 IpNull__setRumble
000129FC IpNull__getTrigger
00012A18 IpNull__getButton
00012A20 IpNull__getStickSub
00012A44 IpNull__getStickMain
00012A68 IpNull__update
00012A6C soArticleMediatorImpl_18soTypeListNullType_18soTypeListNullType_23soKindInfoGeneric_2_41__18soTyp_____generate
00012C38 soArticleMediatorImpl_18soTypeListNullType_18soTypeListNullType_23soKindInfoGeneric_2_41__18soTyp_____isGeneratable
00012DBC soArticleMediatorImpl_18soTypeListNullType_18soTypeListNullType_23soKindInfoGeneric_2_41__18soTyp_____getActiveNum
00012F40 soArticleMediatorImpl_18soTypeListNullType_18soTypeListNullType_23soKindInfoGeneric_2_41__18soTyp_____getGenerateMaxNum
000130C4 soArticleMediatorImpl_18soTypeListNullType_18soTypeListNullType_23soKindInfoGeneric_2_41__18soTyp_____shoot
0001326C soArticleMediatorImpl_18soTypeListNullType_18soTypeListNullType_23soKindInfoGeneric_2_41__18soTyp_____deactivate
00013270 soArticleMediatorImpl_18soTypeListNullType_18soTypeListNullType_23soKindInfoGeneric_2_41__18soTyp_____getMediateNum
00013278 soArticleMediatorImpl_18soTypeListNullType_18soTypeListNullType_23soKindInfoGeneric_2_41__18soTyp_____setAutoRecycle
00013280 wnExtendParamAccesser_3999_12_23999_0_0_0___getParamFloat
000132A0 wnExtendParamAccesser_3999_12_23999_0_0_0___getParamInt
000132C0 wnExtendParamAccesser_3999_12_23999_0_0_0___getParamIndefinite
000132D8 wnWeaponBuilder_36wnZeldaDeinModuleAccesserBuildConfig___deactivateDescendantForce
000132E8 soArticleMediatorImpl_18soTypeListNullType_18soTypeListNullType_23soKindInfoGeneric_2_41__18soTyp______4_shoot
000132F0 soArticleMediatorImpl_18soTypeListNullType_18soTypeListNullType_23soKindInfoGeneric_2_41__18soTyp______4_
000132F8 wnWeaponBuilder_36wnZeldaDeinModuleAccesserBuildConfig____64_
00013300 wnWeaponBuilder_36wnZeldaDeinModuleAccesserBuildConfig____144_
00013308 wnWeaponBuilder_36wnZeldaDeinModuleAccesserBuildConfig____136_
00013310 wnZeldaDein___64_
00013318 Weapon___72_notifyEventAnimCmd
00013320 Weapon___72_isObserv
00013328 Weapon___84_notifyEventLink
00013330 Weapon___100_notifyEventChangeStatus
00013338 Weapon___112_notifyEventCollisionAttackCheck
00013340 Weapon___112_notifyEventCollisionAttack
00013348 Weapon___124_notifyEventCollisionHit2nd
00013350 Weapon___124_notifyEventCollisionHit
00013358 wnZeldaDein___144_
00013360 Weapon___136_setAttackPowerMulPattern
00013368 Weapon___136_getActiveGlobalFrame
00013370 Weapon___136_updateLogAttackInfo
00013378 Weapon___136_getLogAttackInfo
00013380 Weapon___136_setLogAttackInfo
00013388 Weapon___136_setSyncOwnerStatus
00013390 Weapon___136_isSyncOwnerStatus
00013398 Weapon___136_unlinkOwner
000133A0 Weapon___136_linkOwner
000133A8 Weapon___136_have
000133B0 Weapon___136_getFounderTaskId
000133B8 Weapon___136_getOwnerDeactiveTreatType
000133C0 Weapon___136_deactivateArticle
000133C8 Weapon___136_isActiveArticle
000133D0 wnWeaponBuilder_36wnZeldaDeinModuleAccesserBuildConfig____136_deactivateDescendantForce
000133D8 Weapon___136_isConstraint
000133E0 Weapon___136_setSituationKind
000133E8 Weapon___136_set2nd
000133F0 Weapon___136_setVisibility
000133F8 Weapon___136_setVisibilityWhole
00013400 Weapon___136_changeStatus
00013408 Weapon___136_setRate
00013410 Weapon___136_setFrame
00013418 Weapon___136_changeMotion
00013420 Weapon___136_getTaskId
00013428 Weapon___136_getArticleEventManageId
00013430 Weapon___136_getArticleId
00013438 Weapon___136_remove
00013440 wnZeldaDein___136_
00013448 wnZeldaDeinStatusUniqProcessMove__execStatus
0001371C wnzeldadeinstatusuniqprocessmove__ABS_f_
00013724 wnZeldaDeinStatusUniqProcessMove____dt
00013764 wnzeldadeinstatusuniqprocessmovecpp____sinit_
000137AC wnZeldaDeinStatusUniqProcessMove____ct
000137BC wnZeldaDeinStatusUniqProcessTame__initStatus
00013850 wnZeldaDeinStatusUniqProcessTame__execStatus
000138C4 wnZeldaDeinStatusUniqProcessTame____dt
00013904 wnzeldadeinstatusuniqprocesstamecpp____sinit_
0001394C wnZeldaDeinStatusUniqProcessTame____ct
0001395C wnZeldaDeinS____ct
0001513C wnWeaponBuilder_37wnZeldaDeinSModuleAccesserBuildConfig_____dt
000151C4 wnModuleAccesserBuilder_37wnZeldaDeinSModuleAccesserBuildConfig_____dt
00015234 soModuleAccesserBuilder_37wnZeldaDeinSModuleAccesserBuildConfig_____dt
000153B4 soStatusModuleBuilder_204soStatusModuleBuildConfig_1_31soGeneralWorkBuildConfig_2_3_1__1_107soTra_______dt
00015450 soGeneralWorkBuilder_31soGeneralWorkBuildConfig_2_3_1______dt
000154B0 wnZeldaDeinS__activate
00015620 soArticleMediatorNull____dt
0001567C soArticleMediatorNull__shoot
00015684 soArticleMediatorNull__setAutoRecycle
00015688 soArticleMediatorNull__getMediateNum
00015690 soArticleMediatorNull__getGenerateMaxNum
00015698 soArticleMediatorNull__getActiveNum
000156A0 soArticleMediatorNull__isGeneratable
000156A8 soArticleMediatorNull__deactivate
000156AC soArticleMediatorNull__generate
000156B8 wnWeaponBuilder_37wnZeldaDeinSModuleAccesserBuildConfig___deactivateDescendantForce
00015764 soArticleMediatorNull___4_shoot
0001576C soArticleMediatorNull___4_
00015774 wnWeaponBuilder_37wnZeldaDeinSModuleAccesserBuildConfig____64_
0001577C wnWeaponBuilder_37wnZeldaDeinSModuleAccesserBuildConfig____144_
00015784 wnWeaponBuilder_37wnZeldaDeinSModuleAccesserBuildConfig____136_
0001578C wnZeldaDeinS___64_
00015794 wnZeldaDeinS___144_
0001579C wnWeaponBuilder_37wnZeldaDeinSModuleAccesserBuildConfig____136_deactivateDescendantForce
000157A4 wnZeldaDeinS___136_
000157AC wnZeldaDeinSStatusUniqProcessBang__execFixPosCounter
00015978 wnZeldaDeinSStatusUniqProcessBang____dt
000159B8 wnzeldadeinsstatusuniqprocessbangcpp____sinit_
00015A00 wnZeldaDeinSStatusUniqProcessBang____ct
00015A10 ftSheik____ct
000172A0 ftFighterBuilder_18ftSheikBuildConfig_____dt
00017340 ftModuleAccesserBuilder_18ftSheikBuildConfig_____dt
000173C4 ftAnimCmdModuleSubBuilder_38ftAnimCmdModuleSubBuildConfig_287_486______dt
0001749C soAnimCmdControlUnitBuilder_51soAnimCmdControlUnitBuildConfig_8_32_486_0_0_1_0_8______dt
00017528 soAnimCmdControlUnitBuilder_52soAnimCmdControlUnitBuildConfig_7_128_486_0_0_1_0_8______dt
000175B4 soAnimCmdControlUnitBuilder_52soAnimCmdControlUnitBuildConfig_6_128_486_0_0_1_0_8______dt
00017640 soAnimCmdControlUnitBuilder_51soAnimCmdControlUnitBuildConfig_5_32_486_0_0_1_0_8______dt
000176CC soAnimCmdControlUnitBuilder_50soAnimCmdControlUnitBuildConfig_4_2_486_0_0_1_0_8______dt
00017758 soAnimCmdControlUnitBuilder_51soAnimCmdControlUnitBuildConfig_3_64_486_0_0_1_0_8______dt
000177E4 soAnimCmdControlUnitBuilder_51soAnimCmdControlUnitBuildConfig_2_64_486_0_0_1_0_8______dt
00017870 soAnimCmdControlUnitBuilder_50soAnimCmdControlUnitBuildConfig_1_2_486_0_0_1_0_8______dt
000178FC soAnimCmdControlUnitBuilder_60soAnimCmdControlUnitBuildConfigDisguise_0_1_287_287_0_1_0_8______dt
00017994 soArraySelectHolder_1_36soArrayVector_PC13acAnimCmdConv_287__51soSingletonHolder_30soArrayNull_PC_______dt
000179F0 soModuleAccesserBuilder_18ftSheikBuildConfig_____dt
00017C9C soGenerateArticleManageModuleBuilder_1321soGenerateArticleManageModuleBuildConfig_1235soArticleMe_______dt
00017D24 soSelectInstanceHolder_1_1235soArticleMediatorImpl_583soTypeList_73soInstancePoolInfo_13wnSheikNe_______dt
00017D80 soArticleMediatorImpl_583soTypeList_73soInstancePoolInfo_13wnSheikNeedle_8_16wnInstanceHolder_14s_______dt
00017DF0 soLineHierarchy_583soTypeList_73soInstancePoolInfo_13wnSheikNeedle_8_16wnInstanceHolder_14soIntTo_______dt
00017E4C soInstancePool_73soInstancePoolInfo_13wnSheikNeedle_8_16wnInstanceHolder_14soIntToType_0___578soL_______dt
00017EC8 soInstancePoolSub_73soInstancePoolInfo_13wnSheikNeedle_8_16wnInstanceHolder_14soIntToType_0___23s_______dt
00017F38 wnInstanceHolder_13wnSheikNeedle_23soKindInfoGeneric_0_14__14soIntToType_0______dt
00017F98 wnSheikNeedle____dt
000183A0 soAnimCmdControlUnitBuilder_40soAnimCmdControlUnitBuildConfigUniq_4_2______dt
0001840C soArraySelectHolder_1_44soArrayVector_25acCmdInterpreterStackData_2__61soSingletonHolder_40soArra_______dt
00018468 soArraySelectHolder_1_39soArrayVector_P19soStatusUniqProcess_4__56soSingletonHolder_35soArrayNull_______dt
000184C4 soTransitionModuleBuilder_107soTransitionModuleBuildConfig_49soTypeList_14soIntToType_2__18soType_______dt
0001854C soGeneralWorkBuilder_31soGeneralWorkBuildConfig_2_2_1______dt
000185AC soInstancePoolSub_73soInstancePoolInfo_13wnSheikNeedle_7_16wnInstanceHolder_14soIntToType_0___23s_______dt
0001861C soInstancePoolSub_73soInstancePoolInfo_13wnSheikNeedle_6_16wnInstanceHolder_14soIntToType_0___23s_______dt
0001868C soInstancePoolSub_73soInstancePoolInfo_13wnSheikNeedle_5_16wnInstanceHolder_14soIntToType_0___23s_______dt
000186F8 soInstancePoolSub_73soInstancePoolInfo_13wnSheikNeedle_4_16wnInstanceHolder_14soIntToType_0___23s_______dt
00018764 soInstancePoolSub_73soInstancePoolInfo_13wnSheikNeedle_3_16wnInstanceHolder_14soIntToType_0___23s_______dt
000187D0 soInstancePoolSub_73soInstancePoolInfo_13wnSheikNeedle_2_16wnInstanceHolder_14soIntToType_0___23s_______dt
0001883C soInstancePoolSub_73soInstancePoolInfo_13wnSheikNeedle_1_16wnInstanceHolder_14soIntToType_0___23s_______dt
0001889C soInstancePool_77soInstancePoolInfo_17wnSheikNeedleHave_1_16wnInstanceHolder_14soIntToType_1___48_______dt
00018914 soInstancePoolSub_77soInstancePoolInfo_17wnSheikNeedleHave_1_16wnInstanceHolder_14soIntToType_1_________dt
00018974 wnInstanceHolder_17wnSheikNeedleHave_23soKindInfoGeneric_0_14__14soIntToType_1______dt
000189D4 wnSheikNeedleHave____dt
00018D78 soInstancePool_75soInstancePoolInfo_15wnSheikIronWire_1_16wnInstanceHolder_14soIntToType_2___390s_______dt
00018DF0 soInstancePoolSub_75soInstancePoolInfo_15wnSheikIronWire_1_16wnInstanceHolder_14soIntToType_2___2_______dt
00018E50 wnInstanceHolder_15wnSheikIronWire_23soKindInfoGeneric_0_14__14soIntToType_2______dt
00018EB0 wnSheikIronWire____dt
0001931C soInstancePool_72soInstancePoolInfo_12wnSheikFusin_1_16wnInstanceHolder_14soIntToType_3___300soLi_______dt
00019394 soInstancePoolSub_72soInstancePoolInfo_12wnSheikFusin_1_16wnInstanceHolder_14soIntToType_3___23so_______dt
000193F4 wnInstanceHolder_12wnSheikFusin_23soKindInfoGeneric_0_14__14soIntToType_3______dt
00019454 wnSheikFusin____dt
00019638 soInstancePool_78soInstancePoolInfo_18wnZeldaLightingBow_1_16wnInstanceHolder_14soIntToType_4___2_______dt
000196A8 soInstancePoolSub_78soInstancePoolInfo_18wnZeldaLightingBow_1_16wnInstanceHolder_14soIntToType_4________dt
00019708 wnInstanceHolder_18wnZeldaLightingBow_23soKindInfoGeneric_0_14__14soIntToType_4______dt
00019768 soLineHierarchy_118soTypeList_83soInstancePoolInfo_23wnZeldaLightingBowArrow_1_16wnInstanceHolder_______dt1
000197CC soInstancePool_83soInstancePoolInfo_23wnZeldaLightingBowArrow_1_16wnInstanceHolder_14soIntToType________dt1
0001982C soInstancePoolSub_83soInstancePoolInfo_23wnZeldaLightingBowArrow_1_16wnInstanceHolder_14soIntToTy_______dt1
0001988C wnInstanceHolder_23wnZeldaLightingBowArrow_23soKindInfoGeneric_0_14__14soIntToType_5______dt
000198EC soKineticModuleBuilder_1198soKineticModuleBuildConfig_26soKineticModuleGenericImpl_1134soKineticM_______dt1
00019964 soStatusModuleBuilder_823soStatusModuleBuildConfig_287_33soGeneralWorkBuildConfig_34_14_2__274_71_______dt
00019A00 soArraySelectHolder_1_41soArrayVector_P19soStatusUniqProcess_287__56soSingletonHolder_35soArrayNu_______dt
00019A5C soLinkModuleBuilder_45soLinkModuleBuildConfig_7_16soLinkModuleImpl______dt
00019AC8 soCollisionReflectorModuleBuilder_75soCollisionReflectorModuleBuildConfig_0_20_2_27soCollisionShi_______dt
00019B58 soMotionModuleBuilder_248soMotionModuleBuildConfig_486_18soMotionModuleImpl_2_1_107soTransitionMo_______dt
00019C0C soMotionModuleBuilder_248soMotionModuleBuildConfig_486_18soMotionModuleImpl_2_1_107soTransitionMo_______ct
00019DA8 soCollisionReflectorModuleBuilder_75soCollisionReflectorModuleBuildConfig_0_20_2_27soCollisionShi_______ct
00019E7C soLinkModuleBuilder_45soLinkModuleBuildConfig_7_16soLinkModuleImpl______ct
00019ED0 soStatusModuleBuilder_823soStatusModuleBuildConfig_287_33soGeneralWorkBuildConfig_34_14_2__274_71_______ct
0001A258 soKineticModuleBuilder_1198soKineticModuleBuildConfig_26soKineticModuleGenericImpl_1134soKineticM_______ct1
0001A628 soGenerateArticleManageModuleBuilder_1321soGenerateArticleManageModuleBuildConfig_1235soArticleMe_______ct
0001AA18 wnInstanceHolder_13wnSheikNeedle_23soKindInfoGeneric_0_14__14soIntToType_0______ct
0001AAAC soAnimCmdControlUnitBuilder_60soAnimCmdControlUnitBuildConfigDisguise_0_1_287_287_0_1_0_8____getEntryList
0001AAE8 soAnimCmdControlUnitBuilder_60soAnimCmdControlUnitBuildConfigDisguise_0_1_287_287_0_1_0_8____setupDisguiseList
0001AB98 ftSheik__getExtendParam
0001ABA8 ftSheik__onStart
0001AC40 ftSheik__notifyEventLink
0001AEB0 ftSheik__notifyEventAnimCmd
0001AFFC ftSheik__notifyEventCollisionSearch
0001B0E4 ftSheik__notifyEventCollisionSearchCheck
0001B0E8 ftSheik__change
0001B14C ftSheik__changeSucceedCore
0001B210 ftSheik__setupChangeSucceedWork
0001B3FC soSingletonHolder_17ftSheikTransactor___getInstance
0001B46C ftSheik__activeArticle
0001B588 ftSheik__activeArticle1
0001B6AC ftSheik__activeArticle2
0001B768 ftSheik__activeArticle3
0001B848 ftSheikExtendParamAccesser__setup
0001B9BC ftExtendParamAccesserEx_3999_30_23999_9___setup
0001B9C0 ftSheikExtendParamAccesser____dt
0001BA20 ftExtendParamAccesserEx_3999_30_23999_9_____dt
0001BA7C ftSheik____dt
0001BAF0 ftSheik__getChangeSucceedOption
0001BAF8 ftExtendParamAccesserEx_3999_30_23999_9___getParamFloat
0001BB50 ftExtendParamAccesserEx_3999_30_23999_9___getParamInt
0001BBAC soKineticMediatorImpl_983soTypeList_100soInstancePoolInfo_21ftKineticEnergyMotion_1_21soKineticEn_______dt1
0001BC0C soArticleMediatorImpl_583soTypeList_73soInstancePoolInfo_13wnSheikNeedle_8_16wnInstanceHolder_14s_____generate
0001C3BC soArticleMediatorImpl_583soTypeList_73soInstancePoolInfo_13wnSheikNeedle_8_16wnInstanceHolder_14s_____isGeneratable
0001C718 soArticleMediatorImpl_583soTypeList_73soInstancePoolInfo_13wnSheikNeedle_8_16wnInstanceHolder_14s_____getActiveNum
0001CB34 soArticleMediatorImpl_583soTypeList_73soInstancePoolInfo_13wnSheikNeedle_8_16wnInstanceHolder_14s_____getGenerateMaxNum
0001CCB8 soArticleMediatorImpl_583soTypeList_73soInstancePoolInfo_13wnSheikNeedle_8_16wnInstanceHolder_14s_____shoot
0001CF44 soArticleMediatorImpl_583soTypeList_73soInstancePoolInfo_13wnSheikNeedle_8_16wnInstanceHolder_14s_____deactivate
0001D098 soArticleMediatorImpl_583soTypeList_73soInstancePoolInfo_13wnSheikNeedle_8_16wnInstanceHolder_14s_____getMediateNum
0001D0A0 soArticleMediatorImpl_583soTypeList_73soInstancePoolInfo_13wnSheikNeedle_8_16wnInstanceHolder_14s_____setAutoRecycle
0001D0AC ftFighterBuilder_18ftSheikBuildConfig___getCancelModule
0001D0B8 ftFighterBuilder_18ftSheikBuildConfig___isEnableCancel
0001D0CC ftFighterBuilder_18ftSheikBuildConfig___getVirtualNodeMatrixPool
0001D0D8 ftFighterBuilder_18ftSheikBuildConfig___getStatusGimmickUniqProcessPool
0001D0E4 soInstancePoolSub_83soInstancePoolInfo_23wnZeldaLightingBowArrow_1_16wnInstanceHolder_14soIntToTy_____getInstanceAt1
0001D0FC soInstancePoolSub_78soInstancePoolInfo_18wnZeldaLightingBow_1_16wnInstanceHolder_14soIntToType_4______getInstanceAt
0001D114 soInstancePoolSub_72soInstancePoolInfo_12wnSheikFusin_1_16wnInstanceHolder_14soIntToType_3___23so_____getInstanceAt
0001D12C soInstancePoolSub_75soInstancePoolInfo_15wnSheikIronWire_1_16wnInstanceHolder_14soIntToType_2___2_____getInstanceAt
0001D144 soInstancePoolSub_77soInstancePoolInfo_17wnSheikNeedleHave_1_16wnInstanceHolder_14soIntToType_1_______getInstanceAt
0001D15C soInstancePoolSub_73soInstancePoolInfo_13wnSheikNeedle_8_16wnInstanceHolder_14soIntToType_0___23s_____getInstanceAt
0001D1F0 soKineticMediatorImpl_983soTypeList_100soInstancePoolInfo_21ftKineticEnergyMotion_1_21soKineticEn_____changeKinetic1
0001D34C soKineticMediatorImpl_983soTypeList_100soInstancePoolInfo_21ftKineticEnergyMotion_1_21soKineticEn_____updateEnergy3
0001D5E0 soKineticMediatorImpl_983soTypeList_100soInstancePoolInfo_21ftKineticEnergyMotion_1_21soKineticEn_____updateEnergy4
0001D708 soKineticMediatorImpl_983soTypeList_100soInstancePoolInfo_21ftKineticEnergyMotion_1_21soKineticEn_____updateEnergy5
0001D7D8 soKineticMediatorImpl_983soTypeList_100soInstancePoolInfo_21ftKineticEnergyMotion_1_21soKineticEn_____postUpdateEnergy1
0001D7DC soKineticMediatorImpl_983soTypeList_100soInstancePoolInfo_21ftKineticEnergyMotion_1_21soKineticEn_____addSpeed1
0001D7EC soKineticMediatorImpl_983soTypeList_100soInstancePoolInfo_21ftKineticEnergyMotion_1_21soKineticEn_____addSpeedOutside1
0001D800 soKineticMediatorImpl_983soTypeList_100soInstancePoolInfo_21ftKineticEnergyMotion_1_21soKineticEn_____notifyEventChangeStatus1
0001D814 soKineticMediatorImpl_983soTypeList_100soInstancePoolInfo_21ftKineticEnergyMotion_1_21soKineticEn_____getMediateNum1
0001D81C ftsheikcpp____sinit_
0001D880 ftSheikExtendParamAccesser____ct
0001D8C8 ftClassInfoImpl_14_7ftSheik_____ct
0001D920 ftClassInfoImpl_14_7ftSheik_____dt
0001D9A4 ftClassInfoImpl_14_7ftSheik___create
0001DA0C soArticleMediatorImpl_583soTypeList_73soInstancePoolInfo_13wnSheikNeedle_8_16wnInstanceHolder_14s______4_shoot
0001DA14 soArticleMediatorImpl_583soTypeList_73soInstancePoolInfo_13wnSheikNeedle_8_16wnInstanceHolder_14s______4_
0001DA1C ftFighterBuilder_18ftSheikBuildConfig____64_
0001DA24 ftSheik___64_
0001DA2C ftSheik___72_notifyEventAnimCmd
0001DA34 ftSheik___84_notifyEventLink
0001DA3C ftSheik___184_notifyEventCollisionSearchCheck
0001DA44 ftSheik___184_notifyEventCollisionSearch
0001DA4C ftSheikKineticTransactor__changeKinetic
0001DB68 ftSheikKineticTransactor__changeKineticSub
0001DC10 ftSheikKineticTransactor__changeKineticSub1
0001DD3C ftSheikKineticTransactor__changeKineticSub2
0001DE10 ftSheikKineticTransactor__changeKineticSub3
0001DF4C ftSheikStatusUniqProcessSpecialSStart__initStatus
0001E020 ftSheikStatusUniqProcessSpecialSStart__execFixPosCounter
0001E3BC Vec3f____as
0001E3D8 ftSheikStatusUniqProcessSpecialSStart__exitStatus
0001E4B8 ftSheikStatusUniqProcessSpecialSStart____dt
0001E4F8 ftsheikstatusuniqprocessspecialsstartcpp____sinit_
0001E540 ftSheikStatusUniqProcessSpecialSStart____ct
0001E550 ftSheikStatusUniqProcessSpecialSLoop__initStatus
0001E5B4 ftSheikStatusUniqProcessSpecialSLoop__execStatus
0001E85C ftSheikStatusUniqProcessSpecialSLoop__execFixPosCounter
0001EEE0 Vec3f__sub
0001EF04 ftSheikStatusUniqProcessSpecialSLoop__exitStatus
0001EF38 ftSheikStatusUniqProcessSpecialSLoop____dt
0001EF78 ftsheikstatusuniqprocessspecialsloopcpp____sinit_
0001EFC0 ftSheikStatusUniqProcessSpecialSLoop____ct
0001EFD0 ftSheikStatusUniqProcessSpecialHiStart__initStatus
0001F124 ftSheikStatusUniqProcessSpecialHiStart____dt
0001F164 ftsheikstatusuniqprocessspecialhistartcpp____sinit_
0001F1AC ftSheikStatusUniqProcessSpecialHiStart____ct
0001F1BC ftSheikStatusUniqProcessSpecialHiMove__initStatus
0001F56C Vec2f__mtVecAngle_5Vec2f_
0001F628 Vec2f__lengthSq
0001F640 ftSheikStatusUniqProcessSpecialHiMove__execFixPosCounter
0001F8FC ftSheikStatusUniqProcessSpecialHiMove__execFixPos
0001F990 ftSheikStatusUniqProcessSpecialHiMove__exitStatus
0001F9AC ftSheikStatusUniqProcessSpecialHiMove____dt
0001F9EC ftsheikstatusuniqprocessspecialhimovecpp____sinit_
0001FA34 ftSheikStatusUniqProcessSpecialHiMove____ct
0001FA44 ftSheikStatusUniqProcessSpecialHiEnd__initStatus
0001FBF0 ftSheikStatusUniqProcessSpecialHiEnd__execFixPosCounter
0001FD7C ftSheikStatusUniqProcessSpecialHiEnd____dt
0001FDBC ftsheikstatusuniqprocessspecialhiendcpp____sinit_
0001FE04 ftSheikStatusUniqProcessSpecialHiEnd____ct
0001FE14 ftSheikStatusUniqProcessSpecialLw__initStatus
0001FFB8 ftSheikStatusUniqProcessSpecialLw____dt
0001FFF8 ftsheikstatusuniqprocessspeciallwcpp____sinit_
00020040 ftSheikStatusUniqProcessSpecialLw____ct
00020050 wnSheikFusin____ct
00021840 wnWeaponBuilder_37wnSheikFusinModuleAccesserBuildConfig_____dt
000218C8 wnModuleAccesserBuilder_37wnSheikFusinModuleAccesserBuildConfig_____dt
00021938 soModuleAccesserBuilder_37wnSheikFusinModuleAccesserBuildConfig_____dt
00021AB8 wnSheikFusinParamAccesser____dt
00021B18 wnSheikFusin__activate
00021C38 wnSheikFusin__notifyEventCollisionAttackCheck
00021C40 wnExtendParamAccesser_3999_1_23999_0_0_0___getParamFloat
00021C60 wnExtendParamAccesser_3999_1_23999_0_0_0___getParamInt
00021C80 wnExtendParamAccesser_3999_1_23999_0_0_0___getParamIndefinite
00021C98 wnWeaponBuilder_37wnSheikFusinModuleAccesserBuildConfig___deactivateDescendantForce
00021D44 wnWeaponBuilder_37wnSheikFusinModuleAccesserBuildConfig____64_
00021D4C wnWeaponBuilder_37wnSheikFusinModuleAccesserBuildConfig____144_
00021D54 wnWeaponBuilder_37wnSheikFusinModuleAccesserBuildConfig____136_
00021D5C wnSheikFusin___64_
00021D64 wnSheikFusin___112_notifyEventCollisionAttackCheck
00021D6C wnSheikFusin___144_
00021D74 wnWeaponBuilder_37wnSheikFusinModuleAccesserBuildConfig____136_deactivateDescendantForce
00021D7C wnSheikFusin___136_
00021D84 wnSheikIronWire____ct
00023698 wnWeaponBuilder_40wnSheikIronWireModuleAccesserBuildConfig_____dt
00023720 wnModuleAccesserBuilder_40wnSheikIronWireModuleAccesserBuildConfig_____dt
00023790 wnAnimCmdModuleSubBuilder_79wnAnimCmdModuleSubBuildConfigDefault_1_9_0_0_1_3_0_0_1_3_0_0_1_3_0_0________dt
00023820 soAnimCmdControlUnitBuilder_48soAnimCmdControlUnitBuildConfig_3_2_3_0_0_1_0_8______dt
000238AC soAnimCmdControlUnitBuilder_48soAnimCmdControlUnitBuildConfig_2_2_3_0_0_1_0_8______dt
00023938 soAnimCmdControlUnitBuilder_48soAnimCmdControlUnitBuildConfig_1_2_3_0_0_1_0_8______dt
000239C4 soAnimCmdControlUnitBuilder_48soAnimCmdControlUnitBuildConfig_0_1_9_0_0_0_0_8______dt
00023A50 soModuleAccesserBuilder_40wnSheikIronWireModuleAccesserBuildConfig_____dt
00023BE8 soColorBlendModuleBuilder_60soColorBlendModuleBuildConfig__1_0_22soColorBlendModuleImpl______dt
00023C44 soPhysicsModuleBuilder_53soPhysicsModuleBuildConfig_0_19soPhysicsModuleImpl_1______dt
00023CA4 soStatusModuleBuilder_204soStatusModuleBuildConfig_9_31soGeneralWorkBuildConfig_3_3_1__9_107soTra_______dt
00023D40 soArraySelectHolder_1_39soArrayVector_P19soStatusUniqProcess_9__56soSingletonHolder_35soArrayNull_______dt
00023D9C soGeneralWorkBuilder_31soGeneralWorkBuildConfig_3_3_1______dt
00023DFC soMotionModuleBuilder_214soMotionModuleBuildConfig_3_18soMotionModuleImpl_0_0_107soTransitionModu_______dt
00023E74 soInsideEventManageModuleBuilder_106soInsideEventManageModuleBuildConfig_16_32_4_2_4_4_4_5_2_4_4________dt
00023FA0 wnSheikIronWireParamAccesser____dt
00024000 wnSheikIronWire__activate
0002426C wnSheikIronWire__notifyEventCollisionAttackCheck
00024274 wnSheikIronWire__updateNodeSRT
000243D0 wnExtendParamAccesser_3999_6_23999_0_0_0___getParamFloat
000243F0 wnExtendParamAccesser_3999_6_23999_0_0_0___getParamInt
00024410 wnExtendParamAccesser_3999_6_23999_0_0_0___getParamIndefinite
00024428 wnWeaponBuilder_40wnSheikIronWireModuleAccesserBuildConfig___deactivateDescendantForce
000244D4 wnWeaponBuilder_40wnSheikIronWireModuleAccesserBuildConfig____64_
000244DC wnWeaponBuilder_40wnSheikIronWireModuleAccesserBuildConfig____144_
000244E4 wnWeaponBuilder_40wnSheikIronWireModuleAccesserBuildConfig____136_
000244EC wnSheikIronWire___64_
000244F4 wnSheikIronWire___112_notifyEventCollisionAttackCheck
000244FC wnSheikIronWire___144_
00024504 wnWeaponBuilder_40wnSheikIronWireModuleAccesserBuildConfig____136_deactivateDescendantForce
0002450C wnSheikIronWire___136_
00024514 wnSheikIronWireStatusUniqProcessHad__initStatus
00024518 wnSheikIronWireStatusUniqProcessHad__execStatus
0002451C wnSheikIronWireStatusUniqProcessHad____dt
0002455C wnsheikironwirestatusuniqprocesshadcpp____sinit_
000245A4 wnSheikIronWireStatusUniqProcessHad____ct
000245B4 wnSheikIronWireStatusUniqProcessShot__initStatus
00024698 wnSheikIronWireStatusUniqProcessShot__execStatus
0002474C wnSheikIronWireStatusUniqProcessShot____dt
0002478C wnsheikironwirestatusuniqprocessshotcpp____sinit_
000247D4 wnSheikIronWireStatusUniqProcessShot____ct
000247E4 wnSheikIronWireStatusUniqProcessShotFall__initStatus
000247E8 wnSheikIronWireStatusUniqProcessShotFall__execStatus
000247EC wnSheikIronWireStatusUniqProcessShotFall____dt
0002482C wnsheikironwirestatusuniqprocessshotfallcpp____sinit_
00024874 wnSheikIronWireStatusUniqProcessShotFall____ct
00024884 wnSheikIronWireStatusUniqProcessFall__initStatus
000249BC wnSheikIronWireStatusUniqProcessFall__execFixPos
00024B80 Vec3f____mi
00024BA4 wnSheikIronWireStatusUniqProcessFall____dt
00024BE4 wnsheikironwirestatusuniqprocessfallcpp____sinit_
00024C2C wnSheikIronWireStatusUniqProcessFall____ct
00024C3C wnSheikIronWireStatusUniqProcessTakeup__initStatus
00024C58 wnSheikIronWireStatusUniqProcessTakeup__execStatus
00024CF8 wnSheikIronWireStatusUniqProcessTakeup____dt
00024D38 wnsheikironwirestatusuniqprocesstakeupcpp____sinit_
00024D80 wnSheikIronWireStatusUniqProcessTakeup____ct
00024D90 __entry
00024DD8 __exit
00024E20 __unresolved
00025134 custom_onStartFinal
00025154 custom_onStartFinal_1
00025174 custom_onStartFinal_2
00025190 custom_onStartFinal_end
00025194 custom_IcePillarCustomizer__onDestruct
000251B8 custom_IcePillarCustomizer__onDestruct_restore
00025204 custom_IcePillarCustomizer__onDestruct_end
00025214 custom_IceFloorCustomizer__onNotifyEventCollisionSearch
00025234 custom_IceFloorCustomizer__onNotifyEventCollisionSearch_1
00025258 custom_IceFloorCustomizer__onNotifyEventCollisionSearch_isExtending
00025284 custom_IceFloorCustomizer__onNotifyEventCollisionSearch_isSame
000252C8 custom_IceFloorCustomizer__onNotifyEventCollisionSearch_floorCheck
00025330 custom_IceFloorCustomizer__onNotifyEventCollisionSearch_foundFloor
00025358 custom_IceFloorCustomizer__onNotifyEventCollisionSearch_teamCheck
00025384 custom_IceFloorCustomizer__onNotifyEventCollisionSearch_statusCheck
000253C0 custom_IceFloorCustomizer__onNotifyEventCollisionSearch_physicsManip
000253F0 custom_IceFloorCustomizer__onNotifyEventCollisionSearch_success
000253F8 custom_IceFloorCustomizer__onNotifyEventCollisionSearch_fail
000253FC custom_IceFloorCustomizer__onNotifyEventCollisionSearch_end
00025410 custom_IceFloorCustomizer__onNotifyEventChangeStatus
000254A4 custom_IceFloorCustomizer__onNotifyEventChangeStatus_end
000254B8 custom_IceFloorCustomizer__onProcessFixPosition
000254D0 custom_IceFloorCustomizer__onProcessFixPosition_getStatus
000254F0 custom_IceFloorCustomizer__onProcessFixPosition_moveFloorEdge
00025568 custom_IceFloorCustomizer__onProcessFixPosition_end
.section 2
00000000 loc_0
.section 3
00000000 loc_0
.section 4
00000000 loc_0
00000008 loc_8
00000010 loc_10
00000018 loc_18
00000020 loc_20
0000003C loc_3C
00000040 loc_40
00000048 loc_48
00000050 loc_50
00000054 loc_54
00000058 loc_58
00000060 loc_60
00000064 loc_64
00000068 loc_68
00000070 loc_70
00000090 loc_90
00000098 loc_98
000000A0 loc_A0
000000A8 loc_A8
000000AC loc_AC
000000B0 loc_B0
000000B8 loc_B8
000000C0 loc_C0
000000C8 loc_C8
000000D0 loc_D0
000000D8 loc_D8
000000DC loc_DC
000000E0 loc_E0
000000E4 loc_E4
000000E8 loc_E8
000000F0 loc_F0
00000108 loc_108
00000150 loc_150
00000158 loc_158
0000016C loc_16C
00000170 loc_170
00000178 loc_178
00000180 loc_180
00000184 loc_184
00000188 loc_188
00000190 loc_190
00000198 loc_198
000001A0 loc_1A0
000001A8 loc_1A8
000001B0 loc_1B0
000001B8 loc_1B8
000001BC custom_IceFloor_tractionOverride
.section 5
00000000 loc_0
00000004 loc_4
00000008 loc_8
0000001C loc_1C
00000028 loc_28
00000030 loc_30
00000058 loc_58
00000074 loc_74
00000098 loc_98
000000A0 loc_A0
000000CC loc_CC
000000E8 loc_E8
000000F0 loc_F0
00000108 loc_108
0000011C loc_11C
00000124 loc_124
000004D4 loc_4D4
000004DC loc_4DC
00000600 loc_600
00000608 loc_608
000009B8 loc_9B8
000009E0 loc_9E0
00000AFC loc_AFC
00000B04 loc_B04
00000B40 loc_B40
00000E68 loc_E68
00000E84 loc_E84
00000E8C loc_E8C
00000E98 loc_E98
0000105C loc_105C
000010A0 loc_10A0
000010A8 loc_10A8
000010B4 loc_10B4
00001298 loc_1298
000012D4 loc_12D4
000012DC loc_12DC
000012E8 loc_12E8
0000135C loc_135C
00001364 loc_1364
00001370 loc_1370
000013E4 loc_13E4
000013EC loc_13EC
000013F8 loc_13F8
0000146C loc_146C
00001474 loc_1474
00001480 loc_1480
000014C8 loc_14C8
000014D0 loc_14D0
00001640 loc_1640
00001674 loc_1674
0000167C loc_167C
00001688 loc_1688
00001818 loc_1818
00001844 loc_1844
0000184C loc_184C
00001858 loc_1858
000018CC loc_18CC
000018D4 loc_18D4
000018E0 loc_18E0
00001954 loc_1954
0000195C loc_195C
00001968 loc_1968
000019DC loc_19DC
000019E4 loc_19E4
000019F0 loc_19F0
00001A3C loc_1A3C
00001A44 loc_1A44
00001B60 loc_1B60
00001B84 loc_1B84
00001B8C loc_1B8C
00001B98 loc_1B98
00001CD8 loc_1CD8
00001CF4 loc_1CF4
00001CFC loc_1CFC
00001D08 loc_1D08
00001D84 loc_1D84
00001D8C loc_1D8C
00001D98 loc_1D98
00001DE8 loc_1DE8
00001DF0 loc_1DF0
00001EB4 loc_1EB4
00001EC8 loc_1EC8
00001ED0 loc_1ED0
00001EDC loc_1EDC
00001F70 loc_1F70
00001F7C loc_1F7C
00001F84 loc_1F84
00001F90 loc_1F90
00002010 loc_2010
00002018 loc_2018
00002024 loc_2024
00002078 loc_2078
00002080 loc_2080
00002098 loc_2098
000020B8 loc_20B8
000020C4 loc_20C4
000020CC loc_20CC
000020E8 loc_20E8
00002104 loc_2104
00002118 loc_2118
00002120 loc_2120
00002138 loc_2138
00002144 loc_2144
0000214C loc_214C
00002178 loc_2178
0000219C loc_219C
000021B0 loc_21B0
000021B8 loc_21B8
000021D8 loc_21D8
000021E4 loc_21E4
000021EC loc_21EC
00002200 loc_2200
00002254 loc_2254
0000225C loc_225C
00002270 loc_2270
000022BC loc_22BC
000022C4 loc_22C4
000022D8 loc_22D8
000022E0 loc_22E0
000022F0 loc_22F0
000022FC loc_22FC
00002304 loc_2304
00002320 loc_2320
00002328 loc_2328
00002330 loc_2330
000023AC loc_23AC
000023B4 loc_23B4
000023C4 loc_23C4
000023D0 loc_23D0
000023D8 loc_23D8
000023E8 loc_23E8
00002404 loc_2404
0000240C loc_240C
0000241C loc_241C
00002424 loc_2424
00002438 loc_2438
00002440 loc_2440
000024B0 loc_24B0
000024C4 loc_24C4
000024D8 loc_24D8
000024E0 loc_24E0
000024F8 loc_24F8
00002504 loc_2504
0000250C loc_250C
00002514 loc_2514
00002628 loc_2628
00002630 loc_2630
00002644 loc_2644
00002650 loc_2650
00002658 loc_2658
00002680 loc_2680
00002688 loc_2688
00002694 loc_2694
0000269C loc_269C
000026B4 loc_26B4
000026C0 loc_26C0
000026C8 loc_26C8
000026F0 loc_26F0
000026F8 loc_26F8
0000270C loc_270C
00002714 loc_2714
00002730 loc_2730
0000273C loc_273C
00002744 loc_2744
00002770 loc_2770
00002778 loc_2778
00002784 loc_2784
00002798 loc_2798
000027A0 loc_27A0
000027CC loc_27CC
000027D4 loc_27D4
0000280C loc_280C
00002820 loc_2820
00002834 loc_2834
0000283C loc_283C
0000284C loc_284C
00002860 loc_2860
00002868 loc_2868
00002878 loc_2878
0000288C loc_288C
00002894 loc_2894
000028B4 loc_28B4
000028D8 loc_28D8
000028EC loc_28EC
000028F4 loc_28F4
0000291C loc_291C
00002928 loc_2928
00002930 loc_2930
00002948 loc_2948
00002954 loc_2954
0000295C loc_295C
00002984 loc_2984
0000298C loc_298C
000029AC loc_29AC
000029B8 loc_29B8
000029C0 loc_29C0
000029F0 loc_29F0
000029F8 loc_29F8
00002A1C loc_2A1C
00002A28 loc_2A28
00002A30 loc_2A30
00002A64 loc_2A64
00002A6C loc_2A6C
00002A90 loc_2A90
00002A9C loc_2A9C
00002AA4 loc_2AA4
00002AD8 loc_2AD8
00002AE0 loc_2AE0
00002B00 loc_2B00
00002B0C loc_2B0C
00002B14 loc_2B14
00002B44 loc_2B44
00002B4C loc_2B4C
00002B68 loc_2B68
00002B74 loc_2B74
00002B7C loc_2B7C
00002BAC loc_2BAC
00002BB4 loc_2BB4
00002BD4 loc_2BD4
00002BE0 loc_2BE0
00002BE8 loc_2BE8
00002C18 loc_2C18
00002C20 loc_2C20
00002C38 loc_2C38
00002C44 loc_2C44
00002C4C loc_2C4C
00002C74 loc_2C74
00002C7C loc_2C7C
00002C98 loc_2C98
00002CA4 loc_2CA4
00002CAC loc_2CAC
00002CD8 loc_2CD8
00002CE0 loc_2CE0
00002CF8 loc_2CF8
00002D04 loc_2D04
00002D0C loc_2D0C
00002D34 loc_2D34
00002D3C loc_2D3C
00002D54 loc_2D54
00002D60 loc_2D60
00002D68 loc_2D68
00002D90 loc_2D90
00002D98 loc_2D98
00002DB4 loc_2DB4
00002DC8 loc_2DC8
00002DD0 loc_2DD0
00002DE8 loc_2DE8
00002DF4 loc_2DF4
00002DFC loc_2DFC
00002E28 loc_2E28
00002E3C loc_2E3C
00002E44 loc_2E44
00002E50 loc_2E50
00002E7C loc_2E7C
00002E84 loc_2E84
00002E90 loc_2E90
00002E9C loc_2E9C
00002EA4 loc_2EA4
00002EB0 loc_2EB0
00002EDC loc_2EDC
00002EE4 loc_2EE4
00002EF8 loc_2EF8
00002F04 loc_2F04
00002F0C loc_2F0C
00002F34 loc_2F34
00002F3C loc_2F3C
00002F54 loc_2F54
00002F60 loc_2F60
00002F68 loc_2F68
00002F90 loc_2F90
00002F98 loc_2F98
00002FA0 loc_2FA0
00002FA8 loc_2FA8
00002FB4 loc_2FB4
00002FC0 loc_2FC0
00002FC8 loc_2FC8
00002FDC loc_2FDC
00002FE4 loc_2FE4
00003028 loc_3028
0000306C loc_306C
000030B0 loc_30B0
000030F4 loc_30F4
00003138 loc_3138
00003164 loc_3164
00003594 loc_3594
000035A0 loc_35A0
000035A8 loc_35A8
000035B4 loc_35B4
000039A8 loc_39A8
00003A2C loc_3A2C
00003A34 loc_3A34
00003A40 loc_3A40
00003E50 loc_3E50
00003ECC loc_3ECC
00003ED4 loc_3ED4
00003EE0 loc_3EE0
00003F6C loc_3F6C
00003F74 loc_3F74
00003F80 loc_3F80
00003FE0 loc_3FE0
00003FE8 loc_3FE8
0000436C loc_436C
000043E0 loc_43E0
000043E8 loc_43E8
000043F4 loc_43F4
00004794 loc_4794
00004800 loc_4800
00004808 loc_4808
00004814 loc_4814
000048A8 loc_48A8
000048B0 loc_48B0
000048BC loc_48BC
00004924 loc_4924
0000492C loc_492C
00004C38 loc_4C38
00004C9C loc_4C9C
00004CA4 loc_4CA4
00004CB0 loc_4CB0
00004FD8 loc_4FD8
00005034 loc_5034
0000503C loc_503C
00005048 loc_5048
000050D8 loc_50D8
000050E0 loc_50E0
000050EC loc_50EC
00005150 loc_5150
00005158 loc_5158
000053F0 loc_53F0
00005444 loc_5444
0000544C loc_544C
00005458 loc_5458
0000570C loc_570C
00005758 loc_5758
00005760 loc_5760
0000576C loc_576C
000057F8 loc_57F8
00005800 loc_5800
0000580C loc_580C
0000586C loc_586C
00005874 loc_5874
00005A9C loc_5A9C
00005AE0 loc_5AE0
00005AE8 loc_5AE8
00005AF4 loc_5AF4
00005D38 loc_5D38
00005D74 loc_5D74
00005D7C loc_5D7C
00005D88 loc_5D88
00005E10 loc_5E10
00005E18 loc_5E18
00005E24 loc_5E24
00005E84 loc_5E84
00005E8C loc_5E8C
00006048 loc_6048
0000607C loc_607C
00006084 loc_6084
00006090 loc_6090
00006268 loc_6268
00006294 loc_6294
0000629C loc_629C
000062A8 loc_62A8
00006338 loc_6338
00006340 loc_6340
0000634C loc_634C
000063B0 loc_63B0
000063B8 loc_63B8
00006500 loc_6500
00006524 loc_6524
0000652C loc_652C
00006538 loc_6538
0000669C loc_669C
000066B8 loc_66B8
000066C0 loc_66C0
000066CC loc_66CC
00006758 loc_6758
00006760 loc_6760
0000676C loc_676C
000067D0 loc_67D0
000067D8 loc_67D8
000068B0 loc_68B0
000068C4 loc_68C4
000068CC loc_68CC
000068D8 loc_68D8
00006978 loc_6978
00006984 loc_6984
0000698C loc_698C
00006998 loc_6998
00006A24 loc_6A24
00006A2C loc_6A2C
00006A38 loc_6A38
00006A98 loc_6A98
00006AA0 loc_6AA0
00006AB8 loc_6AB8
00006B44 loc_6B44
00006B4C loc_6B4C
00006B90 loc_6B90
00006C14 loc_6C14
00006C1C loc_6C1C
00006C30 loc_6C30
00006CBC loc_6CBC
00006CC4 loc_6CC4
00006D04 loc_6D04
00006D88 loc_6D88
00006D90 loc_6D90
00006D9C loc_6D9C
00006E28 loc_6E28
00006E30 loc_6E30
00006E68 loc_6E68
00006EEC loc_6EEC
00006EF4 loc_6EF4
00006F04 loc_6F04
00006F90 loc_6F90
00006F98 loc_6F98
00006FD0 loc_6FD0
00007054 loc_7054
0000705C loc_705C
000070A4 loc_70A4
000070BC loc_70BC
000070F0 loc_70F0
000070F8 loc_70F8
0000710C loc_710C
00007138 loc_7138
00007140 loc_7140
00007158 loc_7158
0000717C loc_717C
00007184 loc_7184
000071A0 loc_71A0
000071C0 loc_71C0
000071D4 loc_71D4
000071E0 loc_71E0
00007220 loc_7220
00007244 loc_7244
00007250 loc_7250
00007258 loc_7258
0000726C loc_726C
00007278 loc_7278
00007290 loc_7290
000072B4 loc_72B4
000072BC loc_72BC
000072FC loc_72FC
00007320 loc_7320
0000732C loc_732C
00007338 loc_7338
00007378 loc_7378
0000739C loc_739C
000073A8 loc_73A8
000073B0 loc_73B0
000073F0 loc_73F0
00007414 loc_7414
00007420 loc_7420
00007428 loc_7428
00007468 loc_7468
0000748C loc_748C
00007498 loc_7498
000074A0 loc_74A0
000074E0 loc_74E0
00007500 loc_7500
0000750C loc_750C
00007518 loc_7518
00007528 loc_7528
00007544 loc_7544
00007550 loc_7550
00007558 loc_7558
0000756C loc_756C
00007574 loc_7574
0000757C loc_757C
000076A0 loc_76A0
000076A8 loc_76A8
000076D0 loc_76D0
000077EC loc_77EC
000077F8 loc_77F8
00007804 loc_7804
00007808 loc_7808
0000780C loc_780C
00007A78 loc_7A78
00007CE4 loc_7CE4
00007D20 loc_7D20
00007D8C loc_7D8C
00007DA8 loc_7DA8
00007DB0 loc_7DB0
00007DD4 loc_7DD4
00007DF0 loc_7DF0
00007E0C loc_7E0C
00007E14 loc_7E14
00007E44 loc_7E44
00007E58 loc_7E58
00007E60 loc_7E60
00007EB0 loc_7EB0
00007ECC loc_7ECC
00007EE0 loc_7EE0
00007EE8 loc_7EE8
00007F00 loc_7F00
00007F0C loc_7F0C
00007F14 loc_7F14
00007F40 loc_7F40
00007F58 loc_7F58
00007F64 loc_7F64
00007F6C loc_7F6C
00007F98 loc_7F98
00007FA4 loc_7FA4
00007FB8 loc_7FB8
00007FC0 loc_7FC0
0000801C loc_801C
00008038 loc_8038
0000804C loc_804C
00008054 loc_8054
0000805C loc_805C
00008068 loc_8068
00008070 loc_8070
00008088 loc_8088
000080B4 loc_80B4
000080BC loc_80BC
000080F4 loc_80F4
000080FC loc_80FC
00008108 loc_8108
00008110 loc_8110
00008148 loc_8148
00008150 loc_8150
00008158 loc_8158
0000819C loc_819C
000081E0 loc_81E0
00008224 loc_8224
00008268 loc_8268
000082B0 loc_82B0
000082F0 loc_82F0
00008314 loc_8314
00008320 loc_8320
00008328 loc_8328
00008368 loc_8368
0000838C loc_838C
00008398 loc_8398
000083A0 loc_83A0
000083AC loc_83AC
000083B0 loc_83B0
000083B4 loc_83B4
00008620 loc_8620
0000888C loc_888C
000088C8 loc_88C8
000088E0 loc_88E0
000088FC loc_88FC
00008908 loc_8908
00008948 loc_8948
0000896C loc_896C
00008978 loc_8978
00008980 loc_8980
00008984 loc_8984
000089AC loc_89AC
000089C8 loc_89C8
000089EC loc_89EC
000089F4 loc_89F4
00008A20 loc_8A20
00008A3C loc_8A3C
00008A44 loc_8A44
00008DF4 loc_8DF4
000091A4 loc_91A4
000091E0 loc_91E0
00009664 loc_9664
00009680 loc_9680
00009688 loc_9688
00009694 loc_9694
00009908 loc_9908
0000996C loc_996C
00009974 loc_9974
00009980 loc_9980
00009C14 loc_9C14
00009C70 loc_9C70
00009C78 loc_9C78
00009C84 loc_9C84
00009CF8 loc_9CF8
00009D00 loc_9D00
00009D0C loc_9D0C
00009D80 loc_9D80
00009D88 loc_9D88
00009D94 loc_9D94
00009E08 loc_9E08
00009E10 loc_9E10
00009E1C loc_9E1C
00009E90 loc_9E90
00009E98 loc_9E98
00009EA4 loc_9EA4
00009F18 loc_9F18
00009F20 loc_9F20
00009F2C loc_9F2C
00009FA0 loc_9FA0
00009FA8 loc_9FA8
00009FB4 loc_9FB4
0000A028 loc_A028
0000A030 loc_A030
0000A03C loc_A03C
0000A0B0 loc_A0B0
0000A0B8 loc_A0B8
0000A0C4 loc_A0C4
0000A110 loc_A110
0000A118 loc_A118
0000A338 loc_A338
0000A38C loc_A38C
0000A394 loc_A394
0000A3A0 loc_A3A0
0000A5E0 loc_A5E0
0000A62C loc_A62C
0000A634 loc_A634
0000A640 loc_A640
0000A6B8 loc_A6B8
0000A6C0 loc_A6C0
0000A6CC loc_A6CC
0000A71C loc_A71C
0000A724 loc_A724
0000A8EC loc_A8EC
0000A930 loc_A930
0000A938 loc_A938
0000A944 loc_A944
0000AB2C loc_AB2C
0000AB68 loc_AB68
0000AB70 loc_AB70
0000AB7C loc_AB7C
0000ABF4 loc_ABF4
0000ABFC loc_ABFC
0000AC08 loc_AC08
0000AC54 loc_AC54
0000AC5C loc_AC5C
0000ADCC loc_ADCC
0000AE00 loc_AE00
0000AE08 loc_AE08
0000AE14 loc_AE14
0000AFA4 loc_AFA4
0000AFD0 loc_AFD0
0000AFD8 loc_AFD8
0000AFE4 loc_AFE4
0000B058 loc_B058
0000B060 loc_B060
0000B06C loc_B06C
0000B0B8 loc_B0B8
0000B0C0 loc_B0C0
0000B1DC loc_B1DC
0000B200 loc_B200
0000B208 loc_B208
0000B214 loc_B214
0000B354 loc_B354
0000B370 loc_B370
0000B378 loc_B378
0000B384 loc_B384
0000B400 loc_B400
0000B408 loc_B408
0000B414 loc_B414
0000B464 loc_B464
0000B46C loc_B46C
0000B530 loc_B530
0000B544 loc_B544
0000B54C loc_B54C
0000B558 loc_B558
0000B5EC loc_B5EC
0000B5F8 loc_B5F8
0000B600 loc_B600
0000B60C loc_B60C
0000B68C loc_B68C
0000B694 loc_B694
0000B6A0 loc_B6A0
0000B6F4 loc_B6F4
0000B6FC loc_B6FC
0000B740 loc_B740
0000B784 loc_B784
0000B7C8 loc_B7C8
0000B80C loc_B80C
0000B850 loc_B850
0000B87C loc_B87C
0000BCAC loc_BCAC
0000BCB8 loc_BCB8
0000BCC0 loc_BCC0
0000BCD0 loc_BCD0
0000BD5C loc_BD5C
0000BD64 loc_BD64
0000BD9C loc_BD9C
0000BE20 loc_BE20
0000BE28 loc_BE28
0000BE38 loc_BE38
0000BEC4 loc_BEC4
0000BECC loc_BECC
0000BF08 loc_BF08
0000BF8C loc_BF8C
0000BF94 loc_BF94
0000BFA8 loc_BFA8
0000C034 loc_C034
0000C03C loc_C03C
0000C078 loc_C078
0000C0FC loc_C0FC
0000C104 loc_C104
0000C114 loc_C114
0000C1A0 loc_C1A0
0000C1A8 loc_C1A8
0000C1E0 loc_C1E0
0000C264 loc_C264
0000C26C loc_C26C
0000C288 loc_C288
0000C2A8 loc_C2A8
0000C2BC loc_C2BC
0000C2C8 loc_C2C8
0000C308 loc_C308
0000C330 loc_C330
0000C33C loc_C33C
0000C348 loc_C348
0000C388 loc_C388
0000C3B0 loc_C3B0
0000C3BC loc_C3BC
0000C3C8 loc_C3C8
0000C408 loc_C408
0000C430 loc_C430
0000C43C loc_C43C
0000C448 loc_C448
0000C488 loc_C488
0000C4B0 loc_C4B0
0000C4BC loc_C4BC
0000C4C8 loc_C4C8
0000C508 loc_C508
0000C530 loc_C530
0000C53C loc_C53C
0000C548 loc_C548
0000C588 loc_C588
0000C5AC loc_C5AC
0000C5B8 loc_C5B8
0000C5C0 loc_C5C0
0000C5CC loc_C5CC
0000C5D0 loc_C5D0
0000C5D4 loc_C5D4
0000C840 loc_C840
0000CAAC loc_CAAC
0000CAD0 loc_CAD0
0000CAEC loc_CAEC
0000CB08 loc_CB08
0000CB10 loc_CB10
0000CB40 loc_CB40
0000CB54 loc_CB54
0000CB60 loc_CB60
0000CB64 loc_CB64
0000CB74 loc_CB74
0000CB78 loc_CB78
0000CB7C loc_CB7C
0000CDE8 loc_CDE8
0000D054 loc_D054
0000D078 loc_D078
0000D098 loc_D098
0000D0B4 loc_D0B4
0000D0BC loc_D0BC
0000D0EC loc_D0EC
0000D100 loc_D100
0000D108 loc_D108
0000D148 loc_D148
0000D16C loc_D16C
0000D178 loc_D178
0000D180 loc_D180
0000D1C0 loc_D1C0
0000D1E8 loc_D1E8
0000D1F4 loc_D1F4
0000D200 loc_D200
0000D240 loc_D240
0000D26C loc_D26C
0000D278 loc_D278
0000D280 loc_D280
0000D2C0 loc_D2C0
0000D2E8 loc_D2E8
0000D2F4 loc_D2F4
0000D300 loc_D300
0000D340 loc_D340
0000D368 loc_D368
0000D374 loc_D374
0000D380 loc_D380
0000D3F4 custom_IcePillarCustomizerEntry
0000D400 custom_IcePillarCustomizer
0000D4D4 custom_IcePillarCustomizer_1
0000D4F0 custom_IcePillarCustomizer_2
0000D518 custom_IcePillarCustomizer_3
0000D520 custom_IcePillarCustomizer_4
0000D54C custom_IcePillarCustomizer_5
0000D568 custom_IcePillarCustomizer_6
0000D570 custom_IceFloorCustomizerEntry
0000D57C custom_IceFloorCustomizer
0000D650 custom_IceFloorCustomizer_1
0000D66C custom_IceFloorCustomizer_2
0000D694 custom_IceFloorCustomizer_3
0000D69C custom_IceFloorCustomizer_4
0000D6C8 custom_IceFloorCustomizer_5
0000D6E4 custom_IceFloorCustomizer_6
.section 6
00000000 loc_0
00000008 loc_8
00000174 loc_174
00000180 loc_180
00000184 loc_184
00000188 loc_188
00000194 loc_194
00000198 loc_198
000001A4 loc_1A4
000001A8 loc_1A8
000001B4 loc_1B4
000001B8 loc_1B8
000001C4 loc_1C4
000001C8 loc_1C8
000001D4 loc_1D4
000001D8 loc_1D8
000001E4 loc_1E4
000001E8 loc_1E8
000001F4 loc_1F4
000001F8 loc_1F8
00000204 loc_204
00000210 loc_210
0000021C loc_21C
00000228 loc_228
00000234 loc_234
00000240 loc_240
0000024C loc_24C
00000258 loc_258
00000264 loc_264
00000268 loc_268
00000270 loc_270
00000274 loc_274
00000278 loc_278
0000027C loc_27C
00000280 loc_280
00000284 loc_284
00000288 loc_288
0000028C loc_28C
00000290 loc_290
00000294 loc_294
00000298 loc_298
0000029C loc_29C
000002A0 loc_2A0
000002A4 loc_2A4
000002A8 loc_2A8
000002AC loc_2AC
000002B0 loc_2B0
000002BC loc_2BC
000002C0 loc_2C0
000002CC loc_2CC
000002D0 loc_2D0
000002DC loc_2DC
000002E8 loc_2E8
000002F4 loc_2F4
00000300 loc_300
0000030C loc_30C
00000318 loc_318
00000324 loc_324
00000328 loc_328
00000330 loc_330
0000033C loc_33C
00000340 loc_340
000004C8 loc_4C8
000004DC loc_4DC
000004E0 loc_4E0
000004E8 loc_4E8
000004F4 loc_4F4
000004F8 loc_4F8
00000504 loc_504
00000508 loc_508
00000514 loc_514
00000518 loc_518
00000524 loc_524
00000528 loc_528
00000534 loc_534
00000538 loc_538
00000544 loc_544
00000548 loc_548
00000554 loc_554
00000560 loc_560
0000056C loc_56C
00000578 loc_578
00000584 loc_584
00000590 loc_590
000005A0 loc_5A0
000005AC loc_5AC
000005B8 loc_5B8
000005C4 loc_5C4
000005D0 loc_5D0
000005DC loc_5DC
000005E8 loc_5E8
000005F4 loc_5F4
00000600 loc_600
00000604 loc_604
00000608 loc_608
00000614 loc_614
00000618 loc_618
00000624 loc_624
00000628 loc_628
00000634 loc_634
00000638 loc_638
00000644 loc_644
00000648 loc_648
00000654 loc_654
