.module 100
.section 1
00000000 globaldestructorchain____register_global_object
0000001C globaldestructorchain____destroy_global_chain
00000070 ftCaptain____ct
0000191C ftFighterBuilder_20ftCaptainBuildConfig_____dt
000019BC ftStatusGimmickUniqProcessPoolImpl____dt
00001A74 ftStatusUniqProcessGimmickEaten____dt
00001AD0 ftStatusUniqProcessGimmick____dt
00001B34 ftStatusUniqProcessGimmickTruck____dt
00001B90 ftStatusUniqProcessGimmickSpring____dt
00001BEC ftStatusUniqProcessGimmickLadder____dt
00001C48 ftStatusUniqProcessGimmickCatapult____dt
00001CA4 ftStatusUniqProcessGimmickDoor____dt
00001D00 ftStatusUniqProcessGimmickBarrel____dt
00001D5C ftStatusGimmickUniqProcessPool____dt
00001D9C ftVirtualNodeMatrixPoolImpl____dt
00001DF8 ftVirtualNodeMatrixPool____dt
00001E38 ftCancelModuleImpl____dt
00001EB8 soAnimCmdEventObserver____dt
00001F14 soStatusEventObserver____dt
00001F70 ftModuleAccesserBuilder_20ftCaptainBuildConfig_____dt
00001FF4 ftAnimCmdModuleSubBuilder_38ftAnimCmdModuleSubBuildConfig_290_491______dt
000020CC soAnimCmdControlUnitBuilder_51soAnimCmdControlUnitBuildConfig_10_16_41_0_0_1_0_8______dt
00002158 soAnimCmdInterpreter____dt
000021B4 soEventPresenter_22soAnimCmdEventObserver_____dt
000021F4 soAnimCmdAddressPackArraySeparate____dt
00002234 soArraySelectHolder_1_44soArrayVector_25acCmdInterpreterStackData_8__61soSingletonHolder_40soArra_______dt
00002290 soAnimCmdControlUnitBuilder_41soAnimCmdControlUnitBuildConfigUniq_9_10______dt
000022FC soArraySelectHolder_1_45soArrayVector_25acCmdInterpreterStackData_10__61soSingletonHolder_40soArr_______dt
00002358 soAnimCmdControlUnitBuilder_51soAnimCmdControlUnitBuildConfig_8_32_491_0_0_1_0_8______dt
000023E4 soAnimCmdControlUnitBuilder_52soAnimCmdControlUnitBuildConfig_7_128_491_0_0_1_0_8______dt
00002424 soAnimCmdControlUnitBuilder_52soAnimCmdControlUnitBuildConfig_6_128_491_0_0_1_0_8______dt
000024B0 soAnimCmdControlUnitBuilder_51soAnimCmdControlUnitBuildConfig_5_32_491_0_0_1_0_8______dt
0000253C soAnimCmdControlUnitBuilder_50soAnimCmdControlUnitBuildConfig_4_2_491_0_0_1_0_8______dt
000025C8 soAnimCmdControlUnitBuilder_51soAnimCmdControlUnitBuildConfig_3_64_491_0_0_1_0_8______dt
00002654 soAnimCmdControlUnitBuilder_51soAnimCmdControlUnitBuildConfig_2_64_491_0_0_1_0_8______dt
0000272C soAnimCmdControlUnitBuilder_50soAnimCmdControlUnitBuildConfig_1_2_491_0_0_1_0_8______dt
000027B8 soAnimCmdControlUnitBuilder_60soAnimCmdControlUnitBuildConfigDisguise_0_1_290_290_0_1_0_8______dt
00002850 soArraySelectHolder_1_36soArrayVector_PC13acAnimCmdConv_290__51soSingletonHolder_30soArrayNull_PC_______dt
000028AC soModuleAccesserBuilder_20ftCaptainBuildConfig_____dt
00002B4C soGlowModuleBuilder_43soGlowModuleBuildConfig_16ftGlowModuleImpl______dt
00002BA8 soSlowModuleBuilder_43soSlowModuleBuildConfig_16soSlowModuleImpl______dt
00002C04 soAbnormalModuleBuilder_51soAbnormalModuleBuildConfig_20ftAbnormalModuleImpl______dt
00002C60 soJostleModuleBuilder_51soJostleModuleBuildConfig_0_8_18soJostleModuleImpl______dt
00002CBC soColorBlendModuleBuilder_60soColorBlendModuleBuildConfig_10_1_22soColorBlendModuleImpl______dt
00002D18 soItemManageModuleBuilder_105soItemManageModuleBuildConfig_3_4_16soItemSearchImpl_24soItemPickTra_______dt
00002D98 soArraySelectHolder_1_29soArrayVector_10soItemInfo_4__46soSingletonHolder_25soArrayNull_10soItemI_______dt
00002DF4 soShadowModuleBuilder_47soShadowModuleBuildConfig_18soShadowModuleImpl______dt
00002E50 soSlopeModuleBuilder_49soSlopeModuleBuildConfig_0_1_17soSlopeModuleImpl______dt
00002EAC soPhysicsModuleBuilder_53soPhysicsModuleBuildConfig_2_19soPhysicsModuleImpl_1______dt
00002F20 soAreaModuleBuilder_89soAreaModuleBuildConfig_9_16_34soAreaEnviromentElementCheckerImpl_16ftAreaM_______dt
00002FB8 soComboModuleBuilder_45soComboModuleBuildConfig_17ftComboModuleImpl______dt
00003014 soEffectModuleBuilder_58soEffectModuleBuildConfig_1_1_1_1_10_18soEffectModuleImpl______dt
000030AC soArraySelectHolder_1_33soArrayVector_14efScreenHandle_1__50soSingletonHolder_29soArrayNull_14efS_______dt
00003108 soArraySelectHolder_1_31soArrayVector_12soEffectTime_1__48soSingletonHolder_27soArrayNull_12soEff_______dt
00003164 soGenerateArticleManageModuleBuilder_576soGenerateArticleManageModuleBuildConfig_491soArticleMedi_______dt
000031E8 soSelectInstanceHolder_1_491soArticleMediatorImpl_208soTypeList_79soInstancePoolInfo_19wnCaptainB_______dt
00003244 soArticleMediatorImpl_208soTypeList_79soInstancePoolInfo_19wnCaptainBlueFalcon_1_16wnInstanceHold_______dt
000032B4 soLineHierarchy_208soTypeList_79soInstancePoolInfo_19wnCaptainBlueFalcon_1_16wnInstanceHolder_14s_______dt
00003310 soInstancePool_79soInstancePoolInfo_19wnCaptainBlueFalcon_1_16wnInstanceHolder_14soIntToType_0__________dt
00003380 soInstancePoolSub_79soInstancePoolInfo_19wnCaptainBlueFalcon_1_16wnInstanceHolder_14soIntToType_0_______dt
000033E0 wnInstanceHolder_19wnCaptainBlueFalcon_22soKindInfoGeneric_0_9__14soIntToType_0______dt
00003440 wnCaptainBlueFalcon____dt
000037BC wnExtendParamAccesser_3999_1_23999_0_0_0_____dt
000037FC soKineticEnergyRotNormal____dt
00003858 soKineticEnergy____dt
00003898 soAnimCmdControlUnitBuilder_40soAnimCmdControlUnitBuildConfigUniq_4_8______dt
00003904 soReflectModuleBuilder_51soReflectModuleBuildConfig_0_19soReflectModuleImpl______dt
00003960 soSlowModuleBuilder_45soSlowModuleBuildConfig_18soSlowModuleSimple______dt
000039BC soEffectModuleBuilder_58soEffectModuleBuildConfig_1_1_0_1__1_18soEffectModuleImpl______dt
00003A48 soGeneralWorkBuilder_31soGeneralWorkBuildConfig_7_6_1______dt
00003AA8 soGeneralWorkSimple____dt
00003B04 soGeneralWorkAbstract____dt
00003B44 soKineticModuleBuilder_75soKineticModuleBuildConfig_19wnKineticModuleImpl_21soKineticMediatorNull_______dt
00003BE0 soInstanceManagerFullProperty_P15soKineticEnergy_____dt
00003C20 soKineticModuleImpl____dt
00003C80 soStatusModuleImpl____dt
00003D04 soArrayQueueImpl_18soArrayVector_l_1______dt
00003D64 soTransitionModuleBuilder_107soTransitionModuleBuildConfig_49soTypeList_14soIntToType_6__18soType_______dt
00003DEC soTransitionModuleImpl____dt
00003E4C soTransitionInfo____dt
00003E8C soGeneralWorkBuilder_31soGeneralWorkBuildConfig_2_2_1______dt
00003EEC soAnimCmdModuleBuilder_51soAnimCmdModuleBuildConfig_6_19soAnimCmdModuleImpl______dt
00003F74 soInstanceManagerFullProperty_20soAnimCmdControlUnit_____dt
00003FB4 soAnimCmdModuleImpl____dt
00004020 soWorkManageModuleBuilder_55soWorkManageModuleBuildConfig_22soWorkManageModuleImpl______dt
0000407C soVisibilityModuleBuilder_59soVisibilityModuleBuildConfig_24soVisibilityModuleSimple_1______dt
000040D8 soLinkModuleBuilder_45soLinkModuleBuildConfig_5_16soLinkModuleImpl______dt
00004144 soSoundModuleBuilder_80soSoundModuleBuildConfig_0_30soSound3dGeneratorAccesserImpl_17soSoundModul_______dt
000041A4 soShakeModuleBuilder_49soShakeModuleBuildConfig_0_19soShakeModuleSimple______dt
00004204 soStopModuleBuilder_43soStopModuleBuildConfig_16soStopModuleImpl______dt
00004260 soCollisionAttackModuleBuilder_77soCollisionAttackModuleBuildConfig_0_1_0_27soCollisionAttackModu_______dt
000042E4 soTeamModuleBuilder_56soTeamModuleBuildConfig_10soTeamImpl_16soTeamModuleImpl______dt
00004370 soTeam____dt
000043B0 soSituationModuleBuilder_53soSituationModuleBuildConfig_21soSituationModuleImpl______dt
0000440C soPostureModuleBuilder_51soPostureModuleBuildConfig_1_19soPostureModuleImpl______dt
00004480 soArraySelectHolder_1_30soArrayVector_11soOtherAnim_1__47soSingletonHolder_26soArrayNull_11soOthe_______dt
000044DC soTransitionModuleBuilder_107soTransitionModuleBuildConfig_49soTypeList_14soIntToType_4__18soType_______dt
00004564 soModelModuleBuilder_49soModelModuleBuildConfig_5_0_17soModelModuleImpl______dt
000045D0 soResourceModuleBuilder_80soResourceModuleBuildConfig_0_24soResourceIdAccesserImpl_20soResourceMo_______dt
00004648 soResourceIdAccesser____dt
00004688 soParamCustomizeModuleBuilder_63soParamCustomizeModuleBuildConfig_26soParamCustomizeModuleImpl______dt
000046C8 soHeapModuleBuilder_43soHeapModuleBuildConfig_16soHeapModuleImpl______dt
00004724 soInsideEventManageModuleBuilder_106soInsideEventManageModuleBuildConfig_16_32_4_2_4_4_4_4_2_4_4________dt
00004850 soLineHierarchy_111soTypeList_76soInstancePoolInfo_16wnCaptainFinalBg_1_16wnInstanceHolder_14soIn_______dt
000048B4 soInstancePool_76soInstancePoolInfo_16wnCaptainFinalBg_1_16wnInstanceHolder_14soIntToType_1___18s_______dt
00004914 soInstancePoolSub_76soInstancePoolInfo_16wnCaptainFinalBg_1_16wnInstanceHolder_14soIntToType_1__________dt
00004974 wnInstanceHolder_16wnCaptainFinalBg_22soKindInfoGeneric_0_9__14soIntToType_1______dt
000049D4 wnCaptainFinalBg____dt
00004D24 soArticleMediator____dt
00004D64 soArticleOperator____dt
00004DA4 soArticleGenerator____dt
00004DE4 soGeneralWorkBuilder_33soGeneralWorkBuildConfig_77_32_3______dt
00004E44 soKineticModuleBuilder_1207soKineticModuleBuildConfig_26soKineticModuleGenericImpl_1143soKineticM_______dt
00004EBC soInstanceManagerFullPropertyVector_P15soKineticEnergy_12_____dt
00004F2C soKineticModuleGenericImpl____dt
00004F98 soStatusModuleBuilder_823soStatusModuleBuildConfig_290_33soGeneralWorkBuildConfig_18_14_2__274_71_______dt
00005034 soArraySelectHolder_1_41soArrayVector_P19soStatusUniqProcess_290__56soSingletonHolder_35soArrayNu_______dt
00005090 soTransitionModuleBuilder_716soTransitionModuleBuildConfig_657soTypeList_15soIntToType_25__624soT_______dt
00005108 soJagArray_46soInstanceUnitFullProperty_16soTransitionTerm__657soTypeList_15soIntToType_25__624so_______dt
00005168 soArrayPool_15soIntToType_25__818soLineHierarchy_624soTypeList_14soIntToType_6__592soTypeList_14s_______dt
000051E0 soArrayPool_14soIntToType_6__786soLineHierarchy_592soTypeList_14soIntToType_2__560soTypeList_14so_______dt
00005258 soArrayPool_14soIntToType_2__754soLineHierarchy_560soTypeList_14soIntToType_1__528soTypeList_15so_______dt
000052D0 soArrayPool_14soIntToType_1__722soLineHierarchy_528soTypeList_15soIntToType_17__495soTypeList_14s_______dt
00005348 soArrayPool_15soIntToType_17__689soLineHierarchy_495soTypeList_14soIntToType_3__463soTypeList_14s_______dt
000053C0 soArrayPool_14soIntToType_3__657soLineHierarchy_463soTypeList_14soIntToType_1__431soTypeList_14so_______dt
00005438 soArrayPool_14soIntToType_1__625soLineHierarchy_431soTypeList_14soIntToType_2__399soTypeList_14so_______dt
000054B0 soArrayPool_14soIntToType_2__593soLineHierarchy_399soTypeList_14soIntToType_8__367soTypeList_14so_______dt
00005528 soArrayPool_14soIntToType_8__561soLineHierarchy_367soTypeList_14soIntToType_2__335soTypeList_14so_______dt
000055A0 soArrayPool_14soIntToType_2__530soLineHierarchy_335soTypeList_14soIntToType_1__303soTypeList_14so_______dt
00005618 soArrayPool_14soIntToType_1__498soLineHierarchy_303soTypeList_14soIntToType_6__271soTypeList_14so_______dt
00005690 soArrayPool_14soIntToType_6__466soLineHierarchy_271soTypeList_14soIntToType_3__239soTypeList_14so_______dt
00005708 soArrayPool_14soIntToType_3__434soLineHierarchy_239soTypeList_14soIntToType_1__207soTypeList_14so_______dt
00005780 soArrayPool_14soIntToType_1__402soLineHierarchy_207soTypeList_14soIntToType_1__175soTypeList_14so_______dt
000057F8 soArrayPool_14soIntToType_1__370soLineHierarchy_175soTypeList_14soIntToType_2__143soTypeList_14so_______dt
00005870 soArrayPool_14soIntToType_2__338soLineHierarchy_143soTypeList_14soIntToType_3__111soTypeList_14so_______dt
000058E8 soArrayPool_14soIntToType_3__306soLineHierarchy_111soTypeList_14soIntToType_2__80soTypeList_14soI_______dt
00005960 soArrayPool_14soIntToType_2__274soLineHierarchy_80soTypeList_14soIntToType_6__49soTypeList_14soIn_______dt
000059D8 soArrayPool_14soIntToType_6__243soLineHierarchy_49soTypeList_14soIntToType_1__18soTypeListNullTyp_______dt
00005A48 soLineHierarchy_49soTypeList_14soIntToType_1__18soTypeListNullType__11soArrayPool_65soArrayPoolRo_______dt
00005AA8 soGeneralWorkBuilder_33soGeneralWorkBuildConfig_18_14_2______dt
00005B08 soAnimCmdModuleBuilder_52soAnimCmdModuleBuildConfig_11_19soAnimCmdModuleImpl______dt
00005B74 soInstanceManagerFullPropertyVector_20soAnimCmdControlUnit_11_____dt
00005BE4 soCameraModuleBuilder_49soCameraModuleBuildConfig_18soCameraModuleImpl_1______dt
00005C58 soControllerModuleBuilder_60soControllerModuleBuildConfig_22ftControllerModuleImpl_10_2______dt
00005CD8 soArraySelectHolder_1_38soArrayVector_19soControllerClatter_2__55soSingletonHolder_34soArrayNull________dt
00005D34 soVisibilityModuleBuilder_57soVisibilityModuleBuildConfig_22soVisibilityModuleImpl_2______dt
00005D90 soLinkModuleBuilder_46soLinkModuleBuildConfig_12_16soLinkModuleImpl______dt
00005DFC soSoundModuleBuilder_80soSoundModuleBuildConfig_1_30ftSound3dGeneratorAccesserImpl_17soSoundModul_______dt
00005E68 ftSound3dGeneratorAccesserImpl____dt
00005EA8 soShakeModuleBuilder_47soShakeModuleBuildConfig_4_17soShakeModuleImpl______dt
00005F1C soTurnModuleBuilder_43soTurnModuleBuildConfig_16soTurnModuleImpl______dt
00005F78 soStopModuleBuilder_43soStopModuleBuildConfig_16ftStopModuleImpl______dt
00005FD4 soCaptureModuleBuilder_49soCaptureModuleBuildConfig_19soCaptureModuleImpl______dt
00006030 soCatchModuleBuilder_47soCatchModuleBuildConfig_1_17soCatchModuleImpl______dt
0000608C soDamageModuleBuilder_98soDamageModuleBuildConfig_19soDamageModuleActor_1_22ftDamageTransactorImp_______dt
00006100 soCollisionCatchModuleBuilder_71soCollisionCatchModuleBuildConfig_0_4_1_26soCollisionCatchModuleI_______dt
0000616C soCollisionReflectorModuleBuilder_75soCollisionReflectorModuleBuildConfig_0_20_2_27soCollisionShi_______dt
000061FC soCollisionShieldModuleBuilder_73soCollisionShieldModuleBuildConfig_0_1_1_27soCollisionShieldModu_______dt
0000628C soCollisionHitModuleBuilder_73soCollisionHitModuleBuildConfig_0_20_1_24soCollisionHitModuleImpl_1_______dt
00006310 soCollisionAttackModuleBuilder_77soCollisionAttackModuleBuildConfig_0_5_2_27soCollisionAttackModu_______dt
00006394 soTeamModuleBuilder_51soTeamModuleBuildConfig_6ftTeam_16soTeamModuleImpl______dt
0000640C ftTeamIndirect____dt
0000646C ftTeam____dt
000064C8 soGroundModuleBuilder_49soGroundModuleBuildConfig_1_18soGroundModuleImpl______dt
00006534 soMotionModuleBuilder_248soMotionModuleBuildConfig_491_18soMotionModuleImpl_2_1_107soTransitionMo_______dt
000065E8 soMotionAnimObjCacheModuleBuilder_73soMotionAnimObjCacheModuleBuildConfig_5_30soMotionAnimObjCach_______dt
00006654 soArraySelectHolder_1_19soArrayVector_Ul_5__36soSingletonHolder_15soArrayNull_Ul_______dt
000066B0 soSelectInstanceHolder_1_39soArrayVector_20soTransitionTermPack_1__58soSingletonConcrete_35soArra_______dt
0000670C soArraySelectHolder_1_32soArrayVector_13soPartialAnim_2__49soSingletonHolder_28soArrayNull_13soPa_______dt
00006768 soTransitionModuleBuilder_107soTransitionModuleBuildConfig_49soTypeList_14soIntToType_8__18soType_______dt
000067E0 soJagArray_46soInstanceUnitFullProperty_16soTransitionTerm__49soTypeList_14soIntToType_8__18soTyp_______dt
0000683C soLineHierarchy_49soTypeList_14soIntToType_8__18soTypeListNullType__11soArrayPool_65soArrayPoolRo_______dt
0000689C soModelModuleBuilder_49soModelModuleBuildConfig_8_3_17soModelModuleImpl______dt
00006914 soArraySelectHolder_1_37soArrayVector_18soModelVirtualNode_3__54soSingletonHolder_33soArrayNull_1_______dt
00006970 soResourceModuleBuilder_87soResourceModuleBuildConfigDynamic_0_24ftResourceIdAccesserImpl_20soRes_______dt
000069E8 soParamCustomizeModuleBuilder_63soParamCustomizeModuleBuildConfig_26ftParamCustomizeModuleImpl______dt
00006A44 soInsideEventManageModuleBuilder_106soInsideEventManageModuleBuildConfig_32_40_4_4_4_4_4_4_5_4_4________dt
00006B88 soNullable____ct
00006B9C soTeamModuleBuilder_51soTeamModuleBuildConfig_6ftTeam_16soTeamModuleImpl______ct
00006C60 soNullable__isNull
00006C68 soInsideEventManageModuleBuilder_106soInsideEventManageModuleBuildConfig_32_40_4_4_4_4_4_4_5_4_4________ct
00006FBC soResourceModuleBuilder_87soResourceModuleBuildConfigDynamic_0_24ftResourceIdAccesserImpl_20soRes_______ct
00007024 soModelModuleBuilder_49soModelModuleBuildConfig_8_3_17soModelModuleImpl______ct
000070AC soMotionModuleBuilder_248soMotionModuleBuildConfig_491_18soMotionModuleImpl_2_1_107soTransitionMo_______ct
00007248 soTransitionModuleImpl____ct
00007280 soPostureModuleBuilder_51soPostureModuleBuildConfig_1_19soPostureModuleImpl______ct
000072F0 soGroundModuleBuilder_49soGroundModuleBuildConfig_1_18soGroundModuleImpl______ct
00007354 soCollisionAttackModuleBuilder_77soCollisionAttackModuleBuildConfig_0_5_2_27soCollisionAttackModu_______ct
00007418 soCollisionHitModuleBuilder_73soCollisionHitModuleBuildConfig_0_20_1_24soCollisionHitModuleImpl_1_______ct
000074DC soCollisionShieldModuleBuilder_73soCollisionShieldModuleBuildConfig_0_1_1_27soCollisionShieldModu_______ct
000075B0 soCollisionReflectorModuleBuilder_75soCollisionReflectorModuleBuildConfig_0_20_2_27soCollisionShi_______ct
00007684 soCollisionCatchModuleBuilder_71soCollisionCatchModuleBuildConfig_0_4_1_26soCollisionCatchModuleI_______ct
0000771C soDamageModuleBuilder_98soDamageModuleBuildConfig_19soDamageModuleActor_1_22ftDamageTransactorImp_______ct
00007788 soShakeModuleBuilder_47soShakeModuleBuildConfig_4_17soShakeModuleImpl______ct
000077E4 soSoundModuleBuilder_80soSoundModuleBuildConfig_1_30ftSound3dGeneratorAccesserImpl_17soSoundModul_______ct
00007874 soLinkModuleBuilder_46soLinkModuleBuildConfig_12_16soLinkModuleImpl______ct
000078C8 soControllerModuleBuilder_60soControllerModuleBuildConfig_22ftControllerModuleImpl_10_2______ct
00007938 soCameraModuleBuilder_49soCameraModuleBuildConfig_18soCameraModuleImpl_1______ct
000079A4 soAnimCmdModuleBuilder_52soAnimCmdModuleBuildConfig_11_19soAnimCmdModuleImpl______ct
000079E8 soStatusModuleBuilder_823soStatusModuleBuildConfig_290_33soGeneralWorkBuildConfig_18_14_2__274_71_______ct
00007D70 soGeneralWorkSimple____ct
00007DF0 soGeneralWorkSimple__clearWorkAll
00007EA0 soKineticModuleBuilder_1207soKineticModuleBuildConfig_26soKineticModuleGenericImpl_1143soKineticM_______ct
00008270 soGeneralWorkBuilder_33soGeneralWorkBuildConfig_77_32_3______ct
000082D0 soGenerateArticleManageModuleBuilder_576soGenerateArticleManageModuleBuildConfig_491soArticleMedi_______ct
0000845C soEffectModuleBuilder_58soEffectModuleBuildConfig_1_1_1_1_10_18soEffectModuleImpl______ct
00008528 soAreaModuleBuilder_89soAreaModuleBuildConfig_9_16_34soAreaEnviromentElementCheckerImpl_16ftAreaM_______ct
000085C0 soPhysicsModuleBuilder_53soPhysicsModuleBuildConfig_2_19soPhysicsModuleImpl_1______ct
00008620 soItemManageModuleBuilder_105soItemManageModuleBuildConfig_3_4_16soItemSearchImpl_24soItemPickTra_______ct
0000869C soAnimCmdAddressPackArraySeparate____ct
000086B8 soAnimCmdInterpreter____ct
00008848 soSingletonHolder_30soArrayNull_PC13acAnimCmdConv____getInstance
000088B8 soArrayUtility__pushRange_PC13acAnimCmdConv_
00008934 soAnimCmdControlUnitBuilder_60soAnimCmdControlUnitBuildConfigDisguise_0_1_290_290_0_1_0_8____getEntryList
00008970 soAnimCmdControlUnitBuilder_60soAnimCmdControlUnitBuildConfigDisguise_0_1_290_290_0_1_0_8____setupDisguiseList
00008A20 ftCaptain__processUpdate
00008A98 ftCaptain__notifyEventCollisionAttackFighter
00008B54 ftCaptain__notifyEventCollisionAttackCheck
00008BD4 ftCaptain__notifyEventChangeStatus
00008C4C ftCaptain__getFalconKickParam
00008C7C ftCaptain__notifyEventLink
00008E68 ftCaptain__activeArticle
00009028 ftCaptain__activeArticle1
000090EC ftCaptain__analyzeSeal
000091A0 ftExtendParamAccesser__getParamIndefinite
000091A8 ftCaptainExtendParamAccesser__setup
00009310 ftExtendParamAccesserEx_3999_36_23999_1___setup
00009314 ftCaptainExtendParamAccesser____dt
00009374 ftExtendParamAccesserEx_3999_36_23999_1_____dt
000093D0 Fighter__isObserv
000093EC ftCaptain____dt
00009460 soAnimCmdEventObserver__addObserver
00009474 soLinkEventObserver__addObserver
00009488 StageObject__adjustParentGroundCollision
0000948C StageObject__isActive
00009494 StageObject__processGameProc
00009498 soStatusEventObserver__addObserver
000094AC soSituationEventObserver__addObserver
000094C0 soCollisionAttackEventObserver__addObserver
000094D4 soCollisionHitEventObserver__notifyEventCollisionHit2nd
000094D8 soCollisionHitEventObserver__notifyEventCollisionHit
000094DC soCollisionHitEventObserver__addObserver
000094F0 soCollisionShieldEventObserver__addObserver
00009504 soCollisionReflectorEventObserver__addObserver
00009518 soCollisionAbsorberEventObserver__addObserver
0000952C soCollisionSearchEventObserver__addObserver
00009540 soCaptureEventObserver__addObserver
00009554 soItemManageEventObserver__addObserver
00009568 soMotionEventObserver__notifyEventChangeMotion
0000956C soMotionEventObserver__addObserver
00009580 soDamageEventObserver__addObserver
00009594 ftEntryEventObserver__notifyEventExitFighter
00009598 ftEntryEventObserver__notifyEventKirbyResourceUnLoaded
0000959C ftEntryEventObserver__notifyEventKirbyResourceLoaded
000095A0 ftEntryEventObserver__notifyEventPokeTrainerReplace
000095A4 ftEntryEventObserver__notifyEventPokemonDamage
000095A8 ftEntryEventObserver__notifyEventPokemonInflict
000095AC ftEntryEventObserver__notifyEventPokemonAttack
000095B0 ftEntryEventObserver__notifyEventPokemonRebirthEnd
000095B4 ftEntryEventObserver__notifyEventStopRumble
000095B8 ftEntryEventObserver__notifyEventSetRumble
000095BC ftEntryEventObserver__notifyEventPokemonAppeal
000095C0 ftEntryEventObserver__notifyEventPokemonSpecial
000095C4 ftEntryEventObserver__notifyEventPokemonChangeCancel
000095C8 ftEntryEventObserver__notifyEventPokemonCollect
000095CC ftEntryEventObserver__notifyEventPokemonTrainerUpdate
000095D0 ftEntryEventObserver__notifyEventPokemonRequestChange
000095D8 ftEntryEventObserver__notifyEventPokemonStart
000095DC ftEntryEventObserver__notifyEventWarp
000095E0 ftEntryEventObserver__notifyEventPartnerResourcePrepared
000095E4 ftEntryEventObserver__notifyEventDeadPartner
000095E8 ftEntryEventObserver__addObserver
000095FC soTurnEventObserver__addObserver
00009610 Fighter__disappear
00009614 Fighter__trainerRestart
00009618 Fighter__trainerStart
0000961C Fighter__playEatSE
00009620 Fighter__setVisibility
00009624 Fighter__getFtKind
0000962C Fighter__soGetSubKind
0000963C Fighter__soGetKind
00009644 Fighter__onHitReflector
00009648 Fighter__change
0000964C Fighter__setupChangeSucceedEffect
00009654 Fighter__getChangeSucceedOption
0000965C Fighter__postStart
00009660 Fighter__onDeactivate
00009664 Fighter__onActivate
00009668 Fighter__onEndFinal
0000966C Fighter__onStartFinal
00009670 Fighter__notifyEventCollisionAttackFighter
00009674 Fighter__analyzeSeal
00009678 ftSound3dGeneratorAccesserImpl__getInstance
00009688 ftSound3dGeneratorAccesserImpl__deactivate
000096DC ftSound3dGeneratorAccesserImpl__activate
00009738 ftVirtualNodeMatrixPoolImpl__getExtendMatrix
00009740 ftVirtualNodeMatrixPoolImpl__getCommonMatrix
00009748 ftVirtualNodeMatrixPoolImpl__getHitMatrix
00009750 ftStatusGimmickUniqProcessPoolImpl__getUniqProcessEaten
00009758 ftStatusGimmickUniqProcessPoolImpl__getUniqProcessTruck
00009760 ftStatusGimmickUniqProcessPoolImpl__getUniqProcessSpring
00009768 ftStatusGimmickUniqProcessPoolImpl__getUniqProcessLadder
00009770 ftStatusGimmickUniqProcessPoolImpl__getUniqProcessCatapult
00009778 ftStatusGimmickUniqProcessPoolImpl__getUniqProcessDoor
00009780 ftStatusGimmickUniqProcessPoolImpl__getUniqProcessBarrel
00009788 soKineticEnergy__getSpeed3f
000097E8 soGeneralWorkSimple__getFlagWorkSize
000097F0 soGeneralWorkSimple__turnOffFlag
00009864 soGeneralWorkSimple__isFlag
00009880 soGeneralWorkSimple__offFlag
00009898 soGeneralWorkSimple__clearFlag
000098AC soGeneralWorkSimple__onFlag
000098C4 soGeneralWorkSimple__getFloatWorkSize
000098CC soGeneralWorkSimple__divFloatWork
000098F4 soGeneralWorkSimple__mulFloatWork
0000990C soGeneralWorkSimple__subFloatWork
00009924 soGeneralWorkSimple__addFloatWork
0000993C soGeneralWorkSimple__setFloatWork
0000994C soGeneralWorkSimple__getFloatWork
0000995C soGeneralWorkSimple__getIntWorkSize
00009964 soGeneralWorkSimple__decIntWork
0000997C soGeneralWorkSimple__incIntWork
00009994 soGeneralWorkSimple__divIntWork
000099B4 soGeneralWorkSimple__mulIntWork
000099CC soGeneralWorkSimple__subIntWork
000099E4 soGeneralWorkSimple__addIntWork
000099FC soGeneralWorkSimple__setIntWork
00009A0C soGeneralWorkSimple__getIntWork
00009A1C soAnimCmdAddressPackArraySeparate__isNull
00009A24 soAnimCmdAddressPackArraySeparate__size
00009AD8 soAnimCmdAddressPackArraySeparate__at
00009B2C soAnimCmdAddressPackArraySeparate__atSub
00009C58 soAnimCmdAddressPackArraySeparate__at1
00009C8C ftExtendParamAccesserEx_3999_36_23999_1___getParamFloat
00009CE4 soValueAccesser__getValueVariation
00009CF0 ftExtendParamAccesserEx_3999_36_23999_1___getParamInt
00009D4C soKineticMediatorImpl_983soTypeList_100soInstancePoolInfo_21ftKineticEnergyMotion_1_21soKineticEn_______dt
00009DAC soArticleMediatorImpl_208soTypeList_79soInstancePoolInfo_19wnCaptainBlueFalcon_1_16wnInstanceHold_____generate
0000A110 soArticleMediatorImpl_208soTypeList_79soInstancePoolInfo_19wnCaptainBlueFalcon_1_16wnInstanceHold_____isGeneratable
0000A348 soArticleMediatorImpl_208soTypeList_79soInstancePoolInfo_19wnCaptainBlueFalcon_1_16wnInstanceHold_____getActiveNum
0000A5C0 soArticleMediatorImpl_208soTypeList_79soInstancePoolInfo_19wnCaptainBlueFalcon_1_16wnInstanceHold_____getGenerateMaxNum
0000A744 soArticleMediatorImpl_208soTypeList_79soInstancePoolInfo_19wnCaptainBlueFalcon_1_16wnInstanceHold_____shoot
0000A940 soArticleMediatorImpl_208soTypeList_79soInstancePoolInfo_19wnCaptainBlueFalcon_1_16wnInstanceHold_____deactivate
0000A9D0 soArticleMediatorImpl_208soTypeList_79soInstancePoolInfo_19wnCaptainBlueFalcon_1_16wnInstanceHold_____getMediateNum
0000A9D8 soArticleMediatorImpl_208soTypeList_79soInstancePoolInfo_19wnCaptainBlueFalcon_1_16wnInstanceHold_____setAutoRecycle
0000A9E0 ftFighterBuilder_20ftCaptainBuildConfig___getCancelModule
0000A9EC ftFighterBuilder_20ftCaptainBuildConfig___isEnableCancel
0000AA00 ftFighterBuilder_20ftCaptainBuildConfig___getVirtualNodeMatrixPool
0000AA0C ftFighterBuilder_20ftCaptainBuildConfig___getStatusGimmickUniqProcessPool
0000AA18 soArrayFixed_24soAnimCmdAddressPackConv___isEmpty
0000AA4C soArticle__checkActivate
0000AA5C soInstancePoolSub_76soInstancePoolInfo_16wnCaptainFinalBg_1_16wnInstanceHolder_14soIntToType_1________getInstanceAt
0000AA74 soInstancePoolSub_79soInstancePoolInfo_19wnCaptainBlueFalcon_1_16wnInstanceHolder_14soIntToType_0_____getInstanceAt
0000AA8C ftKineticEnergyMotion____dt
0000AAEC soKineticEnergyHolder_21ftKineticEnergyMotion_18soTypeListNullType_28soKineticEnergyInitInfo_0_1______dt
0000AB4C soInstancePoolSub_100soInstancePoolInfo_21ftKineticEnergyMotion_1_21soKineticEnergyHolder_28soKin_______dt
0000ABAC soInstancePool_100soInstancePoolInfo_21ftKineticEnergyMotion_1_21soKineticEnergyHolder_28soKineti_______dt
0000AC0C soLineInvertHierarchy_136soTypeList_100soInstancePoolInfo_21ftKineticEnergyMotion_1_21soKineticEn_______dt
0000AC70 ftKineticEnergyGravity____dt
0000ACCC soKineticEnergyHolder_22ftKineticEnergyGravity_18soTypeListNullType_28soKineticEnergyInitInfo_1_1______dt
0000AD2C soInstancePoolSub_101soInstancePoolInfo_22ftKineticEnergyGravity_1_21soKineticEnergyHolder_28soKi_______dt
0000AD8C soInstancePool_101soInstancePoolInfo_22ftKineticEnergyGravity_1_21soKineticEnergyHolder_28soKinet_______dt
0000ADFC ftKineticEnergyController____dt
0000AE5C soKineticEnergyHolder_25ftKineticEnergyController_18soTypeListNullType_28soKineticEnergyInitInfo________dt
0000AEBC soInstancePoolSub_104soInstancePoolInfo_25ftKineticEnergyController_1_21soKineticEnergyHolder_28s_______dt
0000AF1C soInstancePool_104soInstancePoolInfo_25ftKineticEnergyController_1_21soKineticEnergyHolder_28soKi_______dt
0000AF94 ftKineticEnergyStop____dt
0000AFF4 soKineticEnergyHolder_19ftKineticEnergyStop_18soTypeListNullType_28soKineticEnergyInitInfo_3_1______dt
0000B054 soInstancePoolSub_98soInstancePoolInfo_19ftKineticEnergyStop_1_21soKineticEnergyHolder_28soKineti_______dt
0000B0B4 soInstancePool_98soInstancePoolInfo_19ftKineticEnergyStop_1_21soKineticEnergyHolder_28soKineticEn_______dt
0000B12C ftKineticEnergyDamage____dt
0000B188 soKineticEnergyHolder_21ftKineticEnergyDamage_18soTypeListNullType_28soKineticEnergyInitInfo_4_2______dt
0000B1E8 soInstancePoolSub_100soInstancePoolInfo_21ftKineticEnergyDamage_1_21soKineticEnergyHolder_28soKin_______dt
0000B248 soInstancePool_100soInstancePoolInfo_21ftKineticEnergyDamage_1_21soKineticEnergyHolder_28soKineti_______dt
0000B2C0 soKineticEnergyWindNormal____dt
0000B320 soKineticEnergyHolder_25soKineticEnergyWindNormal_18soTypeListNullType_28soKineticEnergyInitInfo________dt
0000B380 soInstancePoolSub_104soInstancePoolInfo_25soKineticEnergyWindNormal_1_21soKineticEnergyHolder_28s_______dt
0000B3E0 soInstancePool_104soInstancePoolInfo_25soKineticEnergyWindNormal_1_21soKineticEnergyHolder_28soKi_______dt
0000B458 soKineticEnergyGroundMovement____dt
0000B4B4 soKineticEnergyHolder_29soKineticEnergyGroundMovement_18soTypeListNullType_28soKineticEnergyInitI_______dt
0000B514 soInstancePoolSub_108soInstancePoolInfo_29soKineticEnergyGroundMovement_1_21soKineticEnergyHolder_______dt
0000B574 soInstancePool_108soInstancePoolInfo_29soKineticEnergyGroundMovement_1_21soKineticEnergyHolder_28_______dt
0000B5EC soKineticEnergyJostle____dt
0000B648 soKineticEnergyHolder_21soKineticEnergyJostle_18soTypeListNullType_28soKineticEnergyInitInfo_7_4______dt
0000B6A8 soInstancePoolSub_100soInstancePoolInfo_21soKineticEnergyJostle_1_21soKineticEnergyHolder_28soKin_______dt
0000B708 soInstancePool_100soInstancePoolInfo_21soKineticEnergyJostle_1_21soKineticEnergyHolder_28soKineti_______dt
0000B780 soLineInvertHierarchy_983soTypeList_100soInstancePoolInfo_21ftKineticEnergyMotion_1_21soKineticEn_______dt
0000B7DC soKineticEnergyNormal__clearRotSpeed
0000B7E0 soKineticEnergyNormal__clearSpeed
0000B818 Vec2f____as
0000B82C soKineticEnergyNormal__init
0000B8C4 soKineticEnergyNormal__offConsiderGroundFriction
0000B8D0 soKineticEnergyNormal__onConsiderGroundFriction
0000B8DC soKineticEnergyNormal__getRotation
0000B8F4 soKineticEnergyNormal__getSpeed
0000B904 soKineticMediatorImpl_983soTypeList_100soInstancePoolInfo_21ftKineticEnergyMotion_1_21soKineticEn_____changeKinetic
0000BA60 soKineticMediatorImpl_983soTypeList_100soInstancePoolInfo_21ftKineticEnergyMotion_1_21soKineticEn_____updateEnergy
0000BCF4 soKineticMediatorImpl_983soTypeList_100soInstancePoolInfo_21ftKineticEnergyMotion_1_21soKineticEn_____updateEnergy1
0000BE1C soKineticMediatorImpl_983soTypeList_100soInstancePoolInfo_21ftKineticEnergyMotion_1_21soKineticEn_____updateEnergy2
0000BEEC soKineticMediatorImpl_983soTypeList_100soInstancePoolInfo_21ftKineticEnergyMotion_1_21soKineticEn_____postUpdateEnergy
0000BEF4 soKineticMediatorImpl_983soTypeList_100soInstancePoolInfo_21ftKineticEnergyMotion_1_21soKineticEn_____addSpeed
0000BF04 soKineticMediatorImpl_983soTypeList_100soInstancePoolInfo_21ftKineticEnergyMotion_1_21soKineticEn_____addSpeedOutside
0000BF18 soKineticMediatorImpl_983soTypeList_100soInstancePoolInfo_21ftKineticEnergyMotion_1_21soKineticEn_____notifyEventChangeStatus
0000BF2C soKineticMediatorImpl_983soTypeList_100soInstancePoolInfo_21ftKineticEnergyMotion_1_21soKineticEn_____getMediateNum
0000BF34 soKineticUpdateEnergyHolderHelper_26ftCaptainKineticTransactor_____ct
0000BF40 ftCaptainKineticTransactor__updateEnergy_21ftKineticEnergyMotion_
0000BF78 soInstancePoolSub_100soInstancePoolInfo_21ftKineticEnergyMotion_1_21soKineticEnergyHolder_28soKin_____getInstanceAt
0000BF90 soInstancePoolSub_100soInstancePoolInfo_21ftKineticEnergyMotion_1_21soKineticEnergyHolder_28soKin_____forEachHolderModuleAccesser_63soKineticUpdateEnergyHolderHelper_26ftCaptainKineticTransactor__
0000C020 soInstancePoolSubNull_21ftKineticEnergyMotion___forEachHolderModuleAccesser_63soKineticUpdateEnergyHolderHelper_26ftCaptainKineticTransactor__
0000C028 ftCaptainKineticTransactor__updateEnergy_22ftKineticEnergyGravity_
0000C060 soInstancePoolSub_101soInstancePoolInfo_22ftKineticEnergyGravity_1_21soKineticEnergyHolder_28soKi_____getInstanceAt
0000C078 soInstancePoolSub_101soInstancePoolInfo_22ftKineticEnergyGravity_1_21soKineticEnergyHolder_28soKi_____forEachHolderModuleAccesser_63soKineticUpdateEnergyHolderHelper_26ftCaptainKineticTransactor__
0000C108 soInstancePoolSubNull_22ftKineticEnergyGravity___forEachHolderModuleAccesser_63soKineticUpdateEnergyHolderHelper_26ftCaptainKineticTransactor__
0000C110 soInstancePoolSub_104soInstancePoolInfo_25ftKineticEnergyController_1_21soKineticEnergyHolder_28s_____getInstanceAt
0000C128 soInstancePoolSub_104soInstancePoolInfo_25ftKineticEnergyController_1_21soKineticEnergyHolder_28s_____forEachHolderModuleAccesser_63soKineticUpdateEnergyHolderHelper_26ftCaptainKineticTransactor__
0000C1B8 soInstancePoolSubNull_25ftKineticEnergyController___forEachHolderModuleAccesser_63soKineticUpdateEnergyHolderHelper_26ftCaptainKineticTransactor__
0000C1C0 ftCaptainKineticTransactor__updateEnergy_19ftKineticEnergyStop_
0000C1F8 soInstancePoolSub_98soInstancePoolInfo_19ftKineticEnergyStop_1_21soKineticEnergyHolder_28soKineti_____getInstanceAt
0000C210 soInstancePoolSub_98soInstancePoolInfo_19ftKineticEnergyStop_1_21soKineticEnergyHolder_28soKineti_____forEachHolderModuleAccesser_63soKineticUpdateEnergyHolderHelper_26ftCaptainKineticTransactor__
0000C2A0 soInstancePoolSubNull_19ftKineticEnergyStop___forEachHolderModuleAccesser_63soKineticUpdateEnergyHolderHelper_26ftCaptainKineticTransactor__
0000C2A8 ftCaptainKineticTransactor__updateEnergy_21ftKineticEnergyDamage_
0000C2E0 soInstancePoolSub_100soInstancePoolInfo_21ftKineticEnergyDamage_1_21soKineticEnergyHolder_28soKin_____getInstanceAt
0000C2F8 soInstancePoolSub_100soInstancePoolInfo_21ftKineticEnergyDamage_1_21soKineticEnergyHolder_28soKin_____forEachHolderModuleAccesser_63soKineticUpdateEnergyHolderHelper_26ftCaptainKineticTransactor__
0000C388 soInstancePoolSubNull_21ftKineticEnergyDamage___forEachHolderModuleAccesser_63soKineticUpdateEnergyHolderHelper_26ftCaptainKineticTransactor__
0000C390 ftCaptainKineticTransactor__updateEnergy_25soKineticEnergyWindNormal_
0000C3C8 soInstancePoolSub_104soInstancePoolInfo_25soKineticEnergyWindNormal_1_21soKineticEnergyHolder_28s_____getInstanceAt
0000C3E0 soInstancePoolSub_104soInstancePoolInfo_25soKineticEnergyWindNormal_1_21soKineticEnergyHolder_28s_____forEachHolderModuleAccesser_63soKineticUpdateEnergyHolderHelper_26ftCaptainKineticTransactor__
0000C470 soInstancePoolSubNull_25soKineticEnergyWindNormal___forEachHolderModuleAccesser_63soKineticUpdateEnergyHolderHelper_26ftCaptainKineticTransactor__
0000C478 ftCaptainKineticTransactor__updateEnergy_29soKineticEnergyGroundMovement_
0000C4B0 soInstancePoolSub_108soInstancePoolInfo_29soKineticEnergyGroundMovement_1_21soKineticEnergyHolder_____getInstanceAt
0000C4C8 soInstancePoolSub_108soInstancePoolInfo_29soKineticEnergyGroundMovement_1_21soKineticEnergyHolder_____forEachHolderModuleAccesser_63soKineticUpdateEnergyHolderHelper_26ftCaptainKineticTransactor__
0000C558 soInstancePoolSubNull_29soKineticEnergyGroundMovement___forEachHolderModuleAccesser_63soKineticUpdateEnergyHolderHelper_26ftCaptainKineticTransactor__
0000C560 ftCaptainKineticTransactor__updateEnergy_21soKineticEnergyJostle_
0000C598 soInstancePoolSub_100soInstancePoolInfo_21soKineticEnergyJostle_1_21soKineticEnergyHolder_28soKin_____getInstanceAt
0000C5B0 soInstancePoolSub_100soInstancePoolInfo_21soKineticEnergyJostle_1_21soKineticEnergyHolder_28soKin_____forEachHolderModuleAccesser_63soKineticUpdateEnergyHolderHelper_26ftCaptainKineticTransactor__
0000C640 soInstancePoolSubNull_21soKineticEnergyJostle___forEachHolderModuleAccesser_63soKineticUpdateEnergyHolderHelper_26ftCaptainKineticTransactor__
0000C648 soKineticUpdateEnergyHolderHelper_26ftCaptainKineticTransactor_____ct1
0000C654 ftcaptaincpp____sinit_
0000C6B8 ftCaptainExtendParamAccesser____ct
0000C700 ftClassInfoImpl_9_9ftCaptain_____ct
0000C758 ftClassInfoImpl_9_9ftCaptain_____dt
0000C7DC ftClassInfoImpl_9_9ftCaptain___create
0000C844 soArticleMediator___4_
0000C84C soArticleMediatorImpl_208soTypeList_79soInstancePoolInfo_19wnCaptainBlueFalcon_1_16wnInstanceHold______4_shoot
0000C854 soArticleMediatorImpl_208soTypeList_79soInstancePoolInfo_19wnCaptainBlueFalcon_1_16wnInstanceHold______4_
0000C85C ftFighterBuilder_20ftCaptainBuildConfig____64_
0000C864 Fighter___84_notifyEventLink
0000C86C Fighter___100_notifyEventChangeStatus
0000C874 Fighter___124_notifyEventCollisionAttackCheck
0000C87C ftCaptain___64_
0000C884 Fighter___72_notifyEventAnimCmd
0000C88C Fighter___72_isObserv
0000C894 ftCaptain___84_notifyEventLink
0000C89C ftCaptain___100_notifyEventChangeStatus
0000C8A4 Fighter___112_notifyEventChangeSituation
0000C8AC ftCaptain___124_notifyEventCollisionAttackCheck
0000C8B4 Fighter___124_notifyEventCollisionAttack
0000C8BC Fighter___136_notifyEventChangeCollisionHit
0000C8C4 Fighter___148_notifyEventCollisionShieldCheck
0000C8CC Fighter___148_notifyEventCollisionShieldSearch
0000C8D4 Fighter___148_notifyEventCollisionShield
0000C8DC Fighter___160_notifyEventCollisionReflectorCheck
0000C8E4 Fighter___160_notifyEventCollisionReflectorSearch
0000C8EC Fighter___160_notifyEventCollisionReflector
0000C8F4 Fighter___172_notifyEventCollisionAbsorberCheck
0000C8FC Fighter___172_notifyEventCollisionAbsorber
0000C904 Fighter___184_notifyEventCollisionSearchCheck
0000C90C Fighter___184_notifyEventCollisionSearch
0000C914 Fighter___196_notifyEventCaptureStatus
0000C91C Fighter___208_notifyVisibilityItem
0000C924 Fighter___208_notifyEjectAttachItem
0000C92C Fighter___208_notifyEjectItem
0000C934 Fighter___208_notifyShootBulletItem
0000C93C Fighter___208_notifyDropItem
0000C944 Fighter___208_notifyThrowItem
0000C94C Fighter___208_notifyUseItem
0000C954 Fighter___208_notifyAttachItem
0000C95C Fighter___208_notifyHaveItem
0000C964 Fighter___208_notifyHaveItemPreCheck
0000C96C Fighter___232_notifyEventAddDamage
0000C974 Fighter___232_notifyEventOnDamage
0000C97C Fighter___244_notifyEventPikminFinalAttack
0000C984 Fighter___244_notifyEventChangeAdvUnit
0000C98C Fighter___244_notifyEventBeat
0000C994 Fighter___244_notifyEventSetDamage
0000C99C Fighter___256_notifyEventTurn
0000C9A4 ftCaptainKineticTransactor__changeKinetic
0000CADC ftCaptainKineticTransactor__changeKineticSub
0000CC84 Vec3f____ct
0000CC94 ftCaptainKineticTransactor__changeKineticSub1
0000CD4C ftCaptainKineticTransactor__updateEnergy
0000CDB8 ftCaptainKineticTransactor__postUpdateEnergy
0000D028 ftCaptainStatusUniqProcessFalconKnuckle__initStatus
0000D02C ftCaptainStatusUniqProcessFalconKnuckle__execStatus
0000D14C ftCaptainStatusUniqProcessFalconKnuckle__exitStatus
0000D210 soModuleAccesser__set_landing_frame
0000D274 ftCaptainStatusUniqProcessFalconKnuckle__transitionToFall
0000D340 ftCaptainStatusUniqProcessFalconKnuckle__checkHitValidFlag
0000D3B0 soStatusUniqProcess__checkTransitionPrecede
0000D3B8 soStatusUniqProcess__leaveStop
0000D3BC soStatusUniqProcess__onChangeLr
0000D3C4 soStatusUniqProcess__checkAttack
0000D3C8 soStatusUniqProcess__checkDamage
0000D3D0 soStatusUniqProcess__execFixCamera
0000D3D4 soStatusUniqProcess__execFixPos
0000D3D8 soStatusUniqProcess__execFixPosCounter
0000D3DC soStatusUniqProcess__execMapCorrection
0000D3E0 soStatusUniqProcess__execStop
0000D3E4 ftCaptainStatusUniqProcessFalconKnuckle____dt
0000D424 soStatusUniqProcess__execStatus
0000D428 soStatusUniqProcess__exitStatus
0000D42C soStatusUniqProcess__initStatus
0000D430 ftcaptainstatusuniqprocessfalconknucklecpp____sinit_
0000D478 ftCaptainStatusUniqProcessFalconKnuckle____ct
0000D488 ftCaptainStatusUniqProcessFalconKick__initStatus
0000D48C ftCaptainStatusUniqProcessFalconKick__execStatus
0000D490 ftCaptainStatusUniqProcessFalconKickEnd__initStatus
0000D6F0 ftCaptainStatusUniqProcessFinalStart__initStatus
0000D79C soModuleAccesser__set_special_brake_coefficient
0000D880 ftCaptainStatusUniqProcessFalconKick__setEventCollisionAttack
0000DA00 ftCaptainStatusUniqProcessFalconKickEnd____dt
0000DA40 ftCaptainStatusUniqProcessFalconKick____dt
0000DA80 ftcaptainstatusuniqprocessfalconkickcpp____sinit_
0000DAE4 ftCaptainStatusUniqProcessFalconKick____ct
0000DAF4 ftCaptainStatusUniqProcessFalconKickEnd____ct
0000DB04 ftCaptainStatusUniqProcessSpecialHi__exitStatus
0000DBE0 ftCaptainStatusUniqProcessSpecialHi____dt
0000DC20 ftcaptainstatusuniqprocessspecialhicpp____sinit_
0000DC68 ftCaptainStatusUniqProcessSpecialHi____ct
0000DC78 ftCaptainStatusUniqProcessSpecialHiCling__execFixPos
0000DC90 ftCaptainStatusUniqProcessSpecialHiCling__exitStatus
0000DCC4 ftCaptainStatusUniqProcessSpecialHiCling__checkDamage
0000DCDC ftCaptainStatusUniqProcessSpecialHiCling__onChangeLr
0000DD18 ftCaptainStatusUniqProcessSpecialHiCling____dt
0000DD58 ftcaptainstatusuniqprocessspecialhiclingcpp____sinit_
0000DDA0 ftCaptainStatusUniqProcessSpecialHiCling____ct
0000DDB0 ftCaptainStatusUniqProcessSpecialHiThrow__initStatus
0000DEBC ftCaptainStatusUniqProcessSpecialHiThrow____dt
0000DEFC ftcaptainstatusuniqprocessspecialhithrowcpp____sinit_
0000DF44 ftCaptainStatusUniqProcessSpecialHiThrow____ct
0000DFF0 ftCaptainStatusUniqProcessFinalStart__notifyEventCollisionAttackFighter
0000E184 Vec3f____as
0000E1A0 ftCaptainStatusUniqProcessFinalStart__notifyEventCollisionAttackCheck
0000E258 ftCaptainStatusUniqProcessFinalRide__initStatus
0000E3B4 ftCaptainStatusUniqProcessFinalRide__execStatus
0000E3F0 ftCaptainStatusUniqProcessFinalRide__exitStatus
0000E578 ftCaptainStatusUniqProcessFinalScene01__initStatus
0000E67C ftCaptainStatusUniqProcessFinalScene01__exitStatus
0000E744 ftCaptainStatusUniqProcessFinalScene02__initStatus
0000E89C ftCaptainStatusUniqProcessFinalScene02__exitStatus
0000E93C ftCaptainStatusUniqProcessFinalScene03__initStatus
0000E990 ftCaptainStatusUniqProcessFinalScene03__execFixPos
0000EBDC ftCaptainStatusUniqProcessFinalScene03__exitStatus
0000ECEC ftCaptainStatusUniqProcessFinalEnd__initStatus
0000EFF0 ftCaptainStatusUniqProcessFinalEnd__execStatus
0000F318 soCollisionAttackData____dt
0000F358 ftCaptainStatusUniqProcessFinalEnd__exitStatus
0000F3B0 ftCaptainStatusUniqProcessFinalMessageHandler__linkMessageProcedure
0000F3D0 ftCaptainStatusUniqProcessFinalMessageHandler__update
0000F41C ftCaptainStatusUniqProcessFinalMessageHandler____dt
0000F45C ftCaptainStatusUniqProcessFinalEnd____dt
0000F49C ftCaptainStatusUniqProcessFinalScene03____dt
0000F4DC ftCaptainStatusUniqProcessFinalScene02____dt
0000F51C ftCaptainStatusUniqProcessFinalScene01____dt
0000F55C ftCaptainStatusUniqProcessFinalRide____dt
0000F59C ftCaptainStatusUniqProcessFinalStart____dt
0000F5DC ftcaptainstatusuniqprocessfinalcpp____sinit_
0000F6CC ftCaptainStatusUniqProcessFinalStart____ct
0000F6DC ftCaptainStatusUniqProcessFinalRide____ct
0000F6EC ftCaptainStatusUniqProcessFinalScene01____ct
0000F6FC ftCaptainStatusUniqProcessFinalScene02____ct
0000F70C ftCaptainStatusUniqProcessFinalScene03____ct
0000F71C ftCaptainStatusUniqProcessFinalEnd____ct
0000F72C ftCaptainStatusUniqProcessFinalMessageHandler____ct
0000F73C ftCaptainFinalSubRoutine__init_target_work
0000F7F4 ftCaptainFinalSubRoutine__free_target_work
0000F850 ftCaptainFinalSubRoutine__set_link
0000F8E4 ftCaptainFinalSubRoutine__link_other_target
0000F9FC ftCaptainFinalSubRoutine__link_other_target_sub
0000FAD4 ftCaptainFinalSubRoutine__is_target
0000FB5C ftCaptainFinalSubRoutine__send_msg
0000FC20 ftCaptainFinalSubRoutine__unlink_all
0000FCE0 ftCaptainFinalSubRoutine__setup_equipment_all
0000FE04 ftCaptainFinalSubRoutine__get_resource
0000FE98 ftCaptainFinalSubRoutine__set_camera
0000FF50 ftCaptainFinalSubRoutine__reset_camera
0000FF9C ftCaptainFinalSubRoutine__set_layer_disp_status
00010070 ftCaptainFinalSubRoutine__invisible_item
00010288 ftCaptainFinalSubRoutine__visible_item
00010370 ftCaptainFinalSubRoutine__invisible_weapon
0001046C ftCaptainFinalSubRoutine__visible_weapon
0001070C ftCaptainFinalSubRoutine__push_stage_motion_rate
00010774 ftCaptainFinalSubRoutine__pop_stage_motion_rate
00010794 ftCaptainFinalSubRoutine__check_status_transition
0001084C ftCaptainFinalSubRoutine__setup_abs_attack
000109D4 ftCaptainFinalSubRoutine__invalidate_work
00010A4C ftCaptainFinalSubRoutine__abort_captain_final
00010B74 ftCaptainFinalSubRoutine__restart_other_fighter
00010C78 ftCaptainFinalSubRoutine__set_visibility_stage_effect
00010CEC ftCaptainFinalSubRoutine__lock_photo_camera
00010D28 ftcaptainfinalsubroutinecpp____sinit_
00010D90 itGenSheetKind____ct
00010D9C soCollisionAttackData____ct
00010DC0 wnCaptainBlueFalcon____ct
00012584 wnWeaponBuilder_44wnCaptainBlueFalconModuleAccesserBuildConfig_____dt
0001260C wnModuleAccesserBuilder_44wnCaptainBlueFalconModuleAccesserBuildConfig_____dt
0001267C wnAnimCmdModuleSubBuilder_79wnAnimCmdModuleSubBuildConfigDefault_1_4_0_0_1_8_0_0_1_8_0_0_1_8_0_0________dt
0001270C soAnimCmdControlUnitBuilder_48soAnimCmdControlUnitBuildConfig_3_2_8_0_0_1_0_8______dt
00012798 soAnimCmdControlUnitBuilder_48soAnimCmdControlUnitBuildConfig_2_2_8_0_0_1_0_8______dt
00012824 soAnimCmdControlUnitBuilder_48soAnimCmdControlUnitBuildConfig_1_2_8_0_0_1_0_8______dt
000128B0 soAnimCmdControlUnitBuilder_48soAnimCmdControlUnitBuildConfig_0_1_4_0_0_0_0_8______dt
0001293C soModuleAccesserBuilder_44wnCaptainBlueFalconModuleAccesserBuildConfig_____dt
00012AC8 soColorBlendModuleBuilder_60soColorBlendModuleBuildConfig__1_1_22soColorBlendModuleImpl______dt
00012B24 soStatusModuleBuilder_204soStatusModuleBuildConfig_4_31soGeneralWorkBuildConfig_2_2_1__4_107soTra_______dt
00012BC0 soArraySelectHolder_1_39soArrayVector_P19soStatusUniqProcess_4__56soSingletonHolder_35soArrayNull_______dt
00012C1C soTeamImpl____dt
00012C78 soMotionModuleBuilder_214soMotionModuleBuildConfig_8_18soMotionModuleImpl_0_1_107soTransitionModu_______dt
00012CFC soResourceIdAccesserImpl____dt
00012D58 soParamCustomizeModuleImpl____dt
00012DB4 soParamCustomizeModule____dt
00012DF4 soParamAccesser____dt
00012E34 wnCaptainBlueFalconParamAccesser____dt
00012E94 soTeamImpl____ct
00012EEC soCollisionAttackAbsolute____dt
00012F2C wnCaptainBlueFalcon__activate
000130B0 wnCaptainBlueFalcon__notifyEventCollisionAttackCheck
000130B8 Weapon__getArticleId
000130C0 Weapon__getTaskId
000130C8 Weapon__isActiveArticle
000130D8 Weapon__isSyncOwnerStatus
000130EC Weapon__setSyncOwnerStatus
000130FC Weapon__isObserv
00013118 StageObject__isTreadPassive
00013120 StageObject__checkTransitionStatus
00013128 StageObject__getInput
000131AC Input____dt
000131EC IpNull____dt
0001322C soCollisionHitEventObserver__notifyEventChangeCollisionHit
00013230 soArticle__intrudeLogAttackInfo
00013234 soArticle__action
00013238 Weapon__onDeactivate
0001323C Weapon__soGetSubKind
00013244 Weapon__soGetKind
0001324C soParamCustomizeModuleImpl__getAttackPowerMulArticle
00013258 soParamCustomizeModuleImpl__getParamIndefinite
00013260 soParamCustomizeModuleImpl__getParamFloat
0001326C soParamCustomizeModuleImpl__getParamInt
00013274 soParamCustomizeModuleImpl__getWalkSpeedMul
00013280 soParamCustomizeModuleImpl__getAttackReactionMul
0001328C soParamCustomizeModuleImpl__isCustomize
00013294 soParamCustomizeModuleImpl__removeCustomize
00013298 soParamCustomizeModuleImpl__addCustomize
0001329C soParamCustomizeModuleImpl__setDefault
000132A0 soParamCustomizeModuleImpl__activate
000132B4 soParamCustomizeModuleImpl__getAttackPowerMulScale
000132BC soParamCustomizeModuleImpl__setAttackPowerMulScale
000132C4 soParamCustomizeModuleImpl__getAttackPowerMulPattern
000132CC soParamCustomizeModuleImpl__setAttackPowerMulPattern
000132D4 soParamCustomizeModuleImpl__getAttackPowerMul
000132E4 soArticleMediatorNull____dt
00013340 soArticleMediatorNull__shoot
00013348 soArticleMediatorNull__setAutoRecycle
0001334C soArticleMediatorNull__getMediateNum
00013354 soArticleMediatorNull__getGenerateMaxNum
0001335C soArticleMediatorNull__getActiveNum
00013364 soArticleMediatorNull__isGeneratable
0001336C soArticleMediatorNull__deactivate
00013370 soArticleMediatorNull__generate
0001337C soKineticMediatorNull__getMediateNum
00013384 soKineticMediatorNull__notifyEventChangeStatus
00013388 soKineticMediatorNull__addSpeedOutside
0001338C soKineticMediatorNull__addSpeed
00013390 soKineticMediatorNull__postUpdateEnergy
00013394 soKineticMediatorNull__updateEnergy
00013398 soKineticMediatorNull__updateEnergy1
0001339C soKineticMediatorNull__updateEnergy2
000133A0 soKineticMediatorNull__changeKinetic
000133A4 soTeamImpl__reset
000133A8 soTeamImpl__set2nd
000133B0 soTeamImpl__get2nd
000133B8 soTeamImpl__setIndirectNo
000133BC soTeamImpl__getIndirectNo
000133C4 soTeamImpl__setNo
000133CC soTeamImpl__getNo
000133D4 soResourceIdAccesserImpl__getBinArchiveId
000133E4 soResourceIdAccesserImpl__getArchiveId
000133EC soResourceIdAccesserImpl__getEtcArchiveId
000133FC soResourceIdAccesserImpl__getAnmArchiveId
0001340C soResourceIdAccesserImpl__getTexArchiveId
0001341C soResourceIdAccesserImpl__getMdlArchiveId
0001342C soResourceIdAccesserImpl__getEtcResId
00013434 soResourceIdAccesserImpl__getBinResId
0001343C soResourceIdAccesserImpl__getAnmResId
00013444 soResourceIdAccesserImpl__getMdlResIndex
0001344C soResourceIdAccesserImpl__getMdlResId
00013454 soResourceIdAccesserImpl__getTexResIndex
0001345C soResourceIdAccesserImpl__getTexResId
00013464 soResourceIdAccesserImpl__setTexResIndex
0001346C soResourceIdAccesserImpl__setMdlResIndex
00013474 soResourceIdAccesserImpl__setTexResId
0001347C soResourceIdAccesserImpl__setMdlResId
00013484 soResourceIdAccesserImpl__setAnmResId
0001348C soResourceIdAccesserImpl__setResIdPacked
0001349C Input__getContNo
000134A4 IpNull__removeRumbleMask
000134A8 IpNull__removeRumbleId
000134AC IpNull__removeRumble
000134B0 IpNull__stopRumble
000134B4 IpNull__setRumble
000134B8 IpNull__getTrigger
000134D4 IpNull__getButton
000134DC IpNull__getStickSub
00013500 IpNull__getStickMain
00013524 IpNull__update
00013528 wnExtendParamAccesser_3999_1_23999_0_0_0___getParamFloat
00013548 wnExtendParamAccesser_3999_1_23999_0_0_0___getParamInt
00013568 wnExtendParamAccesser_3999_1_23999_0_0_0___getParamIndefinite
00013580 wnWeaponBuilder_44wnCaptainBlueFalconModuleAccesserBuildConfig___deactivateDescendantForce
0001362C soArticleMediatorNull___4_shoot
00013634 soArticleMediatorNull___4_
0001363C wnWeaponBuilder_44wnCaptainBlueFalconModuleAccesserBuildConfig____64_
00013644 Weapon___112_notifyEventCollisionAttackCheck
0001364C wnWeaponBuilder_44wnCaptainBlueFalconModuleAccesserBuildConfig____144_
00013654 wnWeaponBuilder_44wnCaptainBlueFalconModuleAccesserBuildConfig____136_
0001365C wnCaptainBlueFalcon___64_
00013664 Weapon___72_notifyEventAnimCmd
0001366C Weapon___72_isObserv
00013674 Weapon___84_notifyEventLink
0001367C Weapon___100_notifyEventChangeStatus
00013684 wnCaptainBlueFalcon___112_notifyEventCollisionAttackCheck
0001368C Weapon___112_notifyEventCollisionAttack
00013694 Weapon___124_notifyEventCollisionHit2nd
0001369C Weapon___124_notifyEventCollisionHit
000136A4 wnCaptainBlueFalcon___144_
000136AC Weapon___136_setAttackPowerMulPattern
000136B4 Weapon___136_getActiveGlobalFrame
000136BC Weapon___136_updateLogAttackInfo
000136C4 Weapon___136_getLogAttackInfo
000136CC Weapon___136_setLogAttackInfo
000136D4 Weapon___136_setSyncOwnerStatus
000136DC Weapon___136_isSyncOwnerStatus
000136E4 Weapon___136_unlinkOwner
000136EC Weapon___136_linkOwner
000136F4 Weapon___136_have
000136FC Weapon___136_getFounderTaskId
00013704 Weapon___136_getOwnerDeactiveTreatType
0001370C Weapon___136_deactivateArticle
00013714 Weapon___136_isActiveArticle
0001371C wnWeaponBuilder_44wnCaptainBlueFalconModuleAccesserBuildConfig____136_deactivateDescendantForce
00013724 Weapon___136_isConstraint
0001372C Weapon___136_setSituationKind
00013734 Weapon___136_set2nd
0001373C Weapon___136_setVisibility
00013744 Weapon___136_setVisibilityWhole
0001374C Weapon___136_changeStatus
00013754 Weapon___136_setRate
0001375C Weapon___136_setFrame
00013764 Weapon___136_changeMotion
0001376C Weapon___136_getTaskId
00013774 Weapon___136_getArticleEventManageId
0001377C Weapon___136_getArticleId
00013784 Weapon___136_remove
0001378C wnCaptainBlueFalcon___136_
00013794 wnCaptainFinalBg____ct
00014F48 wnWeaponBuilder_41wnCaptainFinalBgModuleAccesserBuildConfig_____dt
00014FD0 wnModuleAccesserBuilder_41wnCaptainFinalBgModuleAccesserBuildConfig_____dt
00015040 wnAnimCmdModuleSubBuilder_79wnAnimCmdModuleSubBuildConfigDefault_1_1_0_0_1_1_0_0_1_1_0_0_1_1_0_0________dt
000150D0 soAnimCmdControlUnitBuilder_48soAnimCmdControlUnitBuildConfig_3_2_1_0_0_1_0_8______dt
0001515C soAnimCmdControlUnitBuilder_48soAnimCmdControlUnitBuildConfig_2_2_1_0_0_1_0_8______dt
000151E8 soAnimCmdControlUnitBuilder_48soAnimCmdControlUnitBuildConfig_1_2_1_0_0_1_0_8______dt
00015274 soAnimCmdControlUnitBuilder_48soAnimCmdControlUnitBuildConfig_0_1_1_0_0_0_0_8______dt
00015300 soModuleAccesserBuilder_41wnCaptainFinalBgModuleAccesserBuildConfig_____dt
00015474 soStatusModuleBuilder_204soStatusModuleBuildConfig_1_31soGeneralWorkBuildConfig_2_2_1__1_107soTra_______dt
00015510 soArraySelectHolder_1_39soArrayVector_P19soStatusUniqProcess_1__56soSingletonHolder_35soArrayNull_______dt
0001556C soMotionModuleBuilder_214soMotionModuleBuildConfig_1_18soMotionModuleImpl_0_0_107soTransitionModu_______dt
000155E4 wnCaptainFinalBgParamAccesser____dt
00015644 wnCaptainFinalBg__activate
000157B8 wnWeaponBuilder_41wnCaptainFinalBgModuleAccesserBuildConfig___deactivateDescendantForce
00015864 wnWeaponBuilder_41wnCaptainFinalBgModuleAccesserBuildConfig____64_
0001586C wnWeaponBuilder_41wnCaptainFinalBgModuleAccesserBuildConfig____144_
00015874 wnWeaponBuilder_41wnCaptainFinalBgModuleAccesserBuildConfig____136_
0001587C wnCaptainFinalBg___64_
00015884 wnCaptainFinalBg___144_
0001588C wnWeaponBuilder_41wnCaptainFinalBgModuleAccesserBuildConfig____136_deactivateDescendantForce
00015894 wnCaptainFinalBg___136_
0001589C __entry
000158E4 __exit
0001592C __unresolved
00015930 mofighter___unresolved
00015938 custom__notifyEventAnimCmd
000159A4 custom__notifyEventAnimCmd_1
000159D0 custom__notifyEventAnimCmd_STARTTIMESTOP
00015A20 custom__notifyEventAnimCmd_ENDTIMESTOP
00015A70 custom__notifyEventAnimCmd_default
00015A84 custom__notifyEventAnimCmd_end
00015A9C custom_pauseTasks
00015AC0 custom_pauseTasks_1
00015B3C custom_pauseTasks_StageSpeed
00015B58 custom_pauseTasks_resetStageSpeed
00015B60 custom_pauseTasks_applyStageSpeed
00015B78 custom_pauseTasks_2
00015B8C custom_pauseTasks_3
00015BA8 custom_pauseTasks_unPauseSelf
00015BB4 custom_pauseTasks_end
00015BD4 custom_setHitstop_Category
00015C14 custom_setHitstop_Category_loopAStart
00015C28 custom_setHitstop_Category_loopAEnd
00015C38 custom_setHitstop_Category_loopBStart
00015C5C custom_setHitstop_Category_loopBSkip
00015C60 custom_setHitstop_Category_loopBEnd
00015C68 custom_setHitstop_Category_end
00015C8C custom_setHitstop_target
00015CEC custom_setHitstop_target_noPause
00015CF0 custom_setHitstop_target_hitlag
00015D48 custom_setHitstop_target_toggleInput
00015D60 custom_setHitstop_target_end
00015D7C custom_onStartFinal
00015D98 custom_onStartFinal_end
00015D9C custom_SiloCustomizer__onNotifyEventChangeStatus
00015DD8 custom_SiloCustomizer__onNotifyEventChangeStatus_passEntity
00015E98 custom_SiloCustomizer__onNotifyEventChangeStatus_loopStart
00015EAC custom_SiloCustomizer__onNotifyEventChangeStatus_loopEnd
00015ED4 custom_SiloCustomizer__onNotifyEventChangeStatus_end
00015EEC custom_notifyEventCollisionAttack
00015F10 custom_notifyEventCollisionAttack_antiClank
00015F50 custom_notifyEventCollisionAttack_end
00015F78 custom_notifyEventCollisionShield
00015FE8 custom_notifyEventCollision_Shield_2
00016020 custom_notifyEventCollision_Shield_3
00016044 custom_notifyEventCollision_Shield_4
00016064 custom_notifyEventCollisionShieldCheck
000160B0 custom_notifyEventCollisionShieldCheck_1
00016104 custom_notifyEventCollisionShieldCheck_2
0001610C custom_notifyEventCollisionShieldCheck_3
.section 2
00000000 loc_0
.section 3
00000000 loc_0
.section 4
00000000 loc_0
00000004 loc_4
00000008 loc_8
0000000C loc_C
00000010 loc_10
00000018 loc_18
00000020 loc_20
00000028 loc_28
00000030 loc_30
00000034 loc_34
00000044 loc_44
00000048 loc_48
0000004C loc_4C
0000005C loc_5C
00000074 loc_74
00000078 loc_78
00000084 loc_84
00000090 loc_90
000000A8 custom_SandevistanParryHitlag
.section 5
00000000 loc_0
00000004 loc_4
00000008 loc_8
00000014 loc_14
00000020 loc_20
00000028 loc_28
00000050 loc_50
00000070 loc_70
00000094 loc_94
0000009C loc_9C
000000C8 loc_C8
000000E4 loc_E4
000000EC loc_EC
00000104 loc_104
00000118 loc_118
00000120 loc_120
000004D0 loc_4D0
000004DC loc_4DC
00000600 loc_600
00000608 loc_608
000009B8 loc_9B8
000009E0 loc_9E0
00000AFC loc_AFC
00000B04 loc_B04
00000B40 loc_B40
00000D10 loc_D10
00000D2C loc_D2C
00000D34 loc_D34
00000D40 loc_D40
00000E58 loc_E58
00000E7C loc_E7C
00000E84 loc_E84
00000E90 loc_E90
00000FC8 loc_FC8
00000FE4 loc_FE4
00000FEC loc_FEC
00000FF8 loc_FF8
00001074 loc_1074
0000107C loc_107C
00001088 loc_1088
000010D8 loc_10D8
000010E0 loc_10E0
0000119C loc_119C
000011B0 loc_11B0
000011B8 loc_11B8
000011C4 loc_11C4
00001250 loc_1250
0000125C loc_125C
00001264 loc_1264
00001270 loc_1270
000012E8 loc_12E8
000012F0 loc_12F0
000012FC loc_12FC
00001348 loc_1348
00001350 loc_1350
00001368 loc_1368
00001388 loc_1388
00001394 loc_1394
0000139C loc_139C
000013B8 loc_13B8
000013D4 loc_13D4
000013E8 loc_13E8
000013F0 loc_13F0
00001408 loc_1408
00001414 loc_1414
0000141C loc_141C
00001448 loc_1448
0000146C loc_146C
00001480 loc_1480
00001488 loc_1488
000014A8 loc_14A8
000014B4 loc_14B4
000014BC loc_14BC
000014D0 loc_14D0
00001524 loc_1524
0000152C loc_152C
00001540 loc_1540
0000158C loc_158C
00001594 loc_1594
000015A8 loc_15A8
000015B0 loc_15B0
000015C0 loc_15C0
000015CC loc_15CC
000015D4 loc_15D4
000015F0 loc_15F0
000015F8 loc_15F8
00001600 loc_1600
0000167C loc_167C
00001684 loc_1684
00001694 loc_1694
000016A0 loc_16A0
000016A8 loc_16A8
000016B8 loc_16B8
000016D4 loc_16D4
000016DC loc_16DC
000016EC loc_16EC
000016F4 loc_16F4
00001708 loc_1708
00001710 loc_1710
00001780 loc_1780
00001794 loc_1794
000017A8 loc_17A8
000017B0 loc_17B0
000017C8 loc_17C8
000017D4 loc_17D4
000017DC loc_17DC
000017E4 loc_17E4
000018F8 loc_18F8
00001900 loc_1900
00001914 loc_1914
00001920 loc_1920
00001928 loc_1928
00001950 loc_1950
00001958 loc_1958
00001964 loc_1964
0000196C loc_196C
00001984 loc_1984
00001990 loc_1990
00001998 loc_1998
000019C0 loc_19C0
000019C8 loc_19C8
000019DC loc_19DC
000019E4 loc_19E4
00001A00 loc_1A00
00001A0C loc_1A0C
00001A14 loc_1A14
00001A40 loc_1A40
00001A48 loc_1A48
00001A54 loc_1A54
00001A68 loc_1A68
00001A70 loc_1A70
00001A9C loc_1A9C
00001AA4 loc_1AA4
00001ADC loc_1ADC
00001AF0 loc_1AF0
00001B04 loc_1B04
00001B0C loc_1B0C
00001B1C loc_1B1C
00001B30 loc_1B30
00001B38 loc_1B38
00001B48 loc_1B48
00001B5C loc_1B5C
00001B64 loc_1B64
00001B84 loc_1B84
00001BA8 loc_1BA8
00001BBC loc_1BBC
00001BC4 loc_1BC4
00001BEC loc_1BEC
00001BF8 loc_1BF8
00001C00 loc_1C00
00001C18 loc_1C18
00001C24 loc_1C24
00001C2C loc_1C2C
00001C54 loc_1C54
00001C5C loc_1C5C
00001C7C loc_1C7C
00001C88 loc_1C88
00001C90 loc_1C90
00001CC0 loc_1CC0
00001CC8 loc_1CC8
00001CEC loc_1CEC
00001CF8 loc_1CF8
00001D00 loc_1D00
00001D34 loc_1D34
00001D3C loc_1D3C
00001D60 loc_1D60
00001D6C loc_1D6C
00001D74 loc_1D74
00001DA8 loc_1DA8
00001DB0 loc_1DB0
00001DD0 loc_1DD0
00001DDC loc_1DDC
00001DE4 loc_1DE4
00001E14 loc_1E14
00001E1C loc_1E1C
00001E38 loc_1E38
00001E44 loc_1E44
00001E4C loc_1E4C
00001E7C loc_1E7C
00001E84 loc_1E84
00001EA4 loc_1EA4
00001EB0 loc_1EB0
00001EB8 loc_1EB8
00001EE8 loc_1EE8
00001EF0 loc_1EF0
00001F08 loc_1F08
00001F14 loc_1F14
00001F1C loc_1F1C
00001F44 loc_1F44
00001F4C loc_1F4C
00001F68 loc_1F68
00001F74 loc_1F74
00001F7C loc_1F7C
00001FA8 loc_1FA8
00001FB0 loc_1FB0
00001FC8 loc_1FC8
00001FD4 loc_1FD4
00001FDC loc_1FDC
00002004 loc_2004
0000200C loc_200C
00002024 loc_2024
00002030 loc_2030
00002038 loc_2038
00002060 loc_2060
00002068 loc_2068
00002084 loc_2084
00002098 loc_2098
000020A0 loc_20A0
000020B8 loc_20B8
000020C4 loc_20C4
000020CC loc_20CC
000020F8 loc_20F8
0000210C loc_210C
00002114 loc_2114
00002120 loc_2120
0000214C loc_214C
00002154 loc_2154
00002160 loc_2160
0000216C loc_216C
00002174 loc_2174
00002180 loc_2180
000021AC loc_21AC
000021B4 loc_21B4
000021C8 loc_21C8
000021D4 loc_21D4
000021DC loc_21DC
00002204 loc_2204
0000220C loc_220C
00002224 loc_2224
00002230 loc_2230
00002238 loc_2238
00002260 loc_2260
00002268 loc_2268
00002274 loc_2274
00002280 loc_2280
00002288 loc_2288
0000229C loc_229C
000022A4 loc_22A4
000022AC loc_22AC
000022B4 loc_22B4
000022F8 loc_22F8
0000233C loc_233C
00002380 loc_2380
000023C4 loc_23C4
00002408 loc_2408
00002434 loc_2434
0000286C loc_286C
00002878 loc_2878
00002880 loc_2880
0000288C loc_288C
00002C80 loc_2C80
00002D04 loc_2D04
00002D0C loc_2D0C
00002D18 loc_2D18
00003128 loc_3128
000031A4 loc_31A4
000031AC loc_31AC
000031B8 loc_31B8
00003244 loc_3244
0000324C loc_324C
00003258 loc_3258
000032B8 loc_32B8
000032C0 loc_32C0
00003644 loc_3644
000036B8 loc_36B8
000036C0 loc_36C0
000036CC loc_36CC
00003A6C loc_3A6C
00003AD8 loc_3AD8
00003AE0 loc_3AE0
00003AEC loc_3AEC
00003B80 loc_3B80
00003B88 loc_3B88
00003B94 loc_3B94
00003BFC loc_3BFC
00003C04 loc_3C04
00003F10 loc_3F10
00003F74 loc_3F74
00003F7C loc_3F7C
00003F88 loc_3F88
000042B0 loc_42B0
0000430C loc_430C
00004314 loc_4314
00004320 loc_4320
000043B0 loc_43B0
000043B8 loc_43B8
000043C4 loc_43C4
00004428 loc_4428
00004430 loc_4430
000046C8 loc_46C8
0000471C loc_471C
00004724 loc_4724
00004730 loc_4730
000049E4 loc_49E4
00004A30 loc_4A30
00004A38 loc_4A38
00004A44 loc_4A44
00004AD0 loc_4AD0
00004AD8 loc_4AD8
00004AE4 loc_4AE4
00004B44 loc_4B44
00004B4C loc_4B4C
00004D74 loc_4D74
00004DB8 loc_4DB8
00004DC0 loc_4DC0
00004DCC loc_4DCC
00005010 loc_5010
0000504C loc_504C
00005054 loc_5054
00005060 loc_5060
000050E8 loc_50E8
000050F0 loc_50F0
000050FC loc_50FC
0000515C loc_515C
00005164 loc_5164
00005320 loc_5320
00005354 loc_5354
0000535C loc_535C
00005368 loc_5368
00005540 loc_5540
0000556C loc_556C
00005574 loc_5574
00005580 loc_5580
00005610 loc_5610
00005618 loc_5618
00005624 loc_5624
00005688 loc_5688
00005690 loc_5690
000057D8 loc_57D8
000057FC loc_57FC
00005804 loc_5804
00005810 loc_5810
00005974 loc_5974
00005990 loc_5990
00005998 loc_5998
000059A4 loc_59A4
00005A30 loc_5A30
00005A38 loc_5A38
00005A44 loc_5A44
00005AA8 loc_5AA8
00005AB0 loc_5AB0
00005B88 loc_5B88
00005B9C loc_5B9C
00005BA4 loc_5BA4
00005BB0 loc_5BB0
00005C50 loc_5C50
00005C5C loc_5C5C
00005C64 loc_5C64
00005C70 loc_5C70
00005CFC loc_5CFC
00005D04 loc_5D04
00005D10 loc_5D10
00005D70 loc_5D70
00005D78 loc_5D78
00005D8C loc_5D8C
00005E18 loc_5E18
00005E20 loc_5E20
00005E5C loc_5E5C
00005EE0 loc_5EE0
00005EE8 loc_5EE8
00005EFC loc_5EFC
00005F88 loc_5F88
00005F90 loc_5F90
00005FD0 loc_5FD0
00006054 loc_6054
0000605C loc_605C
000060A4 loc_60A4
000060BC loc_60BC
000060F0 loc_60F0
000060F8 loc_60F8
0000610C loc_610C
00006138 loc_6138
00006140 loc_6140
00006158 loc_6158
0000617C loc_617C
00006184 loc_6184
000061A0 loc_61A0
000061C0 loc_61C0
000061D4 loc_61D4
000061E0 loc_61E0
00006208 loc_6208
00006224 loc_6224
00006250 loc_6250
00006258 loc_6258
00006270 loc_6270
00006294 loc_6294
000062A0 loc_62A0
000062E0 loc_62E0
00006308 loc_6308
00006314 loc_6314
0000631C loc_631C
00006330 loc_6330
00006338 loc_6338
00006378 loc_6378
000063A0 loc_63A0
000063AC loc_63AC
000063B4 loc_63B4
000063F4 loc_63F4
0000641C loc_641C
00006428 loc_6428
00006430 loc_6430
00006448 loc_6448
00006474 loc_6474
00006480 loc_6480
000064C0 loc_64C0
000064E4 loc_64E4
000064F0 loc_64F0
000064F8 loc_64F8
00006538 loc_6538
00006564 loc_6564
00006570 loc_6570
00006578 loc_6578
000065B8 loc_65B8
000065E4 loc_65E4
000065F8 loc_65F8
00006600 loc_6600
00006608 loc_6608
00006648 loc_6648
00006678 loc_6678
00006684 loc_6684
0000668C loc_668C
000066CC loc_66CC
000066F0 loc_66F0
000066FC loc_66FC
00006704 loc_6704
00006744 loc_6744
0000676C loc_676C
00006778 loc_6778
00006780 loc_6780
000067C0 loc_67C0
000067E8 loc_67E8
000067F4 loc_67F4
000067FC loc_67FC
0000683C loc_683C
00006864 loc_6864
00006870 loc_6870
00006878 loc_6878
000068B8 loc_68B8
000068DC loc_68DC
000068E8 loc_68E8
000068F0 loc_68F0
00006930 loc_6930
00006958 loc_6958
00006964 loc_6964
00006970 loc_6970
00006988 loc_6988
000069A0 loc_69A0
000069A8 loc_69A8
000069D8 loc_69D8
000069EC loc_69EC
000069F0 loc_69F0
000069F4 loc_69F4
00006C60 loc_6C60
00006ECC loc_6ECC
00006EF0 loc_6EF0
00006F14 loc_6F14
00006F30 loc_6F30
00006F38 loc_6F38
00006F68 loc_6F68
00006F7C loc_6F7C
00006F84 loc_6F84
00006FD4 loc_6FD4
00006FF0 loc_6FF0
00007004 loc_7004
0000700C loc_700C
00007024 loc_7024
00007030 loc_7030
00007038 loc_7038
00007074 loc_7074
0000708C loc_708C
000070A8 loc_70A8
000070B0 loc_70B0
000070DC loc_70DC
000070F4 loc_70F4
00007100 loc_7100
00007108 loc_7108
00007134 loc_7134
00007140 loc_7140
00007154 loc_7154
0000715C loc_715C
000071B8 loc_71B8
000071D4 loc_71D4
000071E8 loc_71E8
000071F0 loc_71F0
000071F8 loc_71F8
00007204 loc_7204
0000720C loc_720C
00007244 loc_7244
0000724C loc_724C
00007258 loc_7258
00007260 loc_7260
00007298 loc_7298
000072A0 loc_72A0
000072A8 loc_72A8
000072B8 loc_72B8
000072BC loc_72BC
000072C0 loc_72C0
0000752C loc_752C
00007798 loc_7798
000077BC loc_77BC
000077DC loc_77DC
000077F8 loc_77F8
00007800 loc_7800
00007860 custom_SiloCustomizerEntry
0000786C custom_SiloCustomizer
00007940 custom_SiloCustomizer_1
00007958 custom_SiloCustomizer_2
00007980 custom_SiloCustomizer_3
00007988 custom_SiloCustomizer_4
000079B0 custom_SiloCustomizer_5
000079CC custom_SiloCustomizer_6
.section 6
00000000 loc_0
00000008 loc_8
00000174 loc_174
00000180 loc_180
00000184 loc_184
00000188 loc_188
00000194 loc_194
00000198 loc_198
000001A4 loc_1A4
000001B4 loc_1B4
000001B8 loc_1B8
000001C4 loc_1C4
000001C8 loc_1C8
000001D4 loc_1D4
000001D8 loc_1D8
000001E4 loc_1E4
000001E8 loc_1E8
000001F4 loc_1F4
00000204 loc_204
00000214 loc_214
00000224 loc_224
00000234 loc_234
00000244 loc_244
00000258 loc_258
00000268 loc_268
00000278 loc_278
000002B8 loc_2B8
000002C8 loc_2C8
000002D0 loc_2D0
000002D8 loc_2D8
000002E4 loc_2E4
000002F0 loc_2F0
000002FC loc_2FC
00000308 loc_308
00000314 loc_314
00000320 loc_320
0000032C loc_32C
00000330 loc_330
00000338 loc_338
0000033C loc_33C
00000344 loc_344
00000348 loc_348
0000034C loc_34C
00000350 loc_350
00000354 loc_354
00000358 loc_358
0000035C loc_35C
00000360 loc_360
00000364 loc_364
00000368 loc_368
00000370 loc_370
0000037C loc_37C
00000388 loc_388
00000394 loc_394
000003A0 loc_3A0
000003AC loc_3AC
000003B8 loc_3B8
000003C4 loc_3C4
000003C8 loc_3C8
